OpenJDK 64-Bit Server VM (25.171-b10) for linux-amd64 JRE (1.8.0_171-b10), built on May 22 2018 00:51:27 by "mockbuild" with gcc 4.4.7 20120313 (Red Hat 4.4.7-18)
Memory: 4k page, physical 4056220k(2889568k free), swap 1048572k(1048572k free)
CommandLine flags: -XX:+ExplicitGCInvokesConcurrent -XX:GCLogFileSize=104857600 -XX:InitialHeapSize=536870912 -XX:InitiatingHeapOccupancyPercent=35 -XX:+ManagementServer -XX:MaxGCPauseMillis=20 -XX:MaxHeapSize=536870912 -XX:NumberOfGCLogFiles=10 -XX:+PrintGC -XX:+PrintGCDateStamps -XX:+PrintGCDetails -XX:+PrintGCTimeStamps -XX:+UseCompressedClassPointers -XX:+UseCompressedOops -XX:+UseG1GC -XX:+UseGCLogFileRotation 
2018-06-11T17:18:01.804+0800: 509.370: [GC pause (G1 Evacuation Pause) (young), 0.0416321 secs]
   [Parallel Time: 38.7 ms, GC Workers: 2]
      [GC Worker Start (ms): Min: 509370.7, Avg: 509371.4, Max: 509372.1, Diff: 1.3]
      [Ext Root Scanning (ms): Min: 2.0, Avg: 8.6, Max: 15.2, Diff: 13.2, Sum: 17.2]
      [Update RS (ms): Min: 0.0, Avg: 0.0, Max: 0.0, Diff: 0.0, Sum: 0.0]
         [Processed Buffers: Min: 0, Avg: 0.0, Max: 0, Diff: 0, Sum: 0]
      [Scan RS (ms): Min: 0.0, Avg: 0.0, Max: 0.1, Diff: 0.0, Sum: 0.1]
      [Code Root Scanning (ms): Min: 1.6, Avg: 10.9, Max: 20.2, Diff: 18.6, Sum: 21.8]
      [Object Copy (ms): Min: 10.6, Avg: 13.9, Max: 17.1, Diff: 6.5, Sum: 27.7]
      [Termination (ms): Min: 0.0, Avg: 2.3, Max: 4.5, Diff: 4.5, Sum: 4.5]
         [Termination Attempts: Min: 1, Avg: 1.0, Max: 1, Diff: 0, Sum: 2]
      [GC Worker Other (ms): Min: 0.1, Avg: 0.1, Max: 0.1, Diff: 0.0, Sum: 0.2]
      [GC Worker Total (ms): Min: 33.0, Avg: 35.8, Max: 38.6, Diff: 5.7, Sum: 71.6]
      [GC Worker End (ms): Min: 509405.0, Avg: 509407.2, Max: 509409.3, Diff: 4.3]
   [Code Root Fixup: 0.1 ms]
   [Code Root Purge: 0.1 ms]
   [Clear CT: 0.1 ms]
   [Other: 2.7 ms]
      [Choose CSet: 0.0 ms]
      [Ref Proc: 2.2 ms]
      [Ref Enq: 0.0 ms]
      [Redirty Cards: 0.0 ms]
      [Humongous Register: 0.0 ms]
      [Humongous Reclaim: 0.0 ms]
      [Free CSet: 0.1 ms]
   [Eden: 25.0M(25.0M)->0.0B(21.0M) Survivors: 0.0B->4096.0K Heap: 25.0M(512.0M)->3820.3K(512.0M)]
 [Times: user=0.03 sys=0.01, real=0.04 secs] 
2018-06-11T17:37:29.653+0800: 1677.234: [GC pause (G1 Evacuation Pause) (young), 0.2163411 secs]
   [Parallel Time: 125.6 ms, GC Workers: 2]
      [GC Worker Start (ms): Min: 1677257.2, Avg: 1677257.3, Max: 1677257.4, Diff: 0.1]
      [Ext Root Scanning (ms): Min: 32.3, Avg: 66.1, Max: 100.0, Diff: 67.6, Sum: 132.3]
      [Update RS (ms): Min: 0.0, Avg: 0.0, Max: 0.0, Diff: 0.0, Sum: 0.0]
         [Processed Buffers: Min: 0, Avg: 0.0, Max: 0, Diff: 0, Sum: 0]
      [Scan RS (ms): Min: 0.0, Avg: 0.0, Max: 0.1, Diff: 0.1, Sum: 0.1]
      [Code Root Scanning (ms): Min: 0.0, Avg: 0.9, Max: 1.8, Diff: 1.8, Sum: 1.8]
      [Object Copy (ms): Min: 25.5, Avg: 58.2, Max: 90.9, Diff: 65.4, Sum: 116.3]
      [Termination (ms): Min: 0.0, Avg: 0.1, Max: 0.2, Diff: 0.2, Sum: 0.2]
         [Termination Attempts: Min: 1, Avg: 1.0, Max: 1, Diff: 0, Sum: 2]
      [GC Worker Other (ms): Min: 0.0, Avg: 0.0, Max: 0.0, Diff: 0.0, Sum: 0.1]
      [GC Worker Total (ms): Min: 125.3, Avg: 125.4, Max: 125.5, Diff: 0.1, Sum: 250.8]
      [GC Worker End (ms): Min: 1677382.7, Avg: 1677382.7, Max: 1677382.7, Diff: 0.0]
   [Code Root Fixup: 0.1 ms]
   [Code Root Purge: 0.0 ms]
   [Clear CT: 0.1 ms]
   [Other: 90.5 ms]
      [Choose CSet: 0.0 ms]
      [Ref Proc: 28.2 ms]
      [Ref Enq: 0.0 ms]
      [Redirty Cards: 0.1 ms]
      [Humongous Register: 0.0 ms]
      [Humongous Reclaim: 0.0 ms]
      [Free CSet: 24.4 ms]
   [Eden: 21.0M(21.0M)->0.0B(23.0M) Survivors: 4096.0K->2048.0K Heap: 24.7M(512.0M)->3999.5K(512.0M)]
 [Times: user=0.02 sys=0.02, real=0.22 secs] 
2018-06-11T17:42:51.100+0800: 1998.667: [GC pause (G1 Evacuation Pause) (young), 0.0089641 secs]
   [Parallel Time: 4.6 ms, GC Workers: 2]
      [GC Worker Start (ms): Min: 1998667.1, Avg: 1998668.5, Max: 1998670.0, Diff: 3.0]
      [Ext Root Scanning (ms): Min: 0.0, Avg: 0.8, Max: 1.5, Diff: 1.5, Sum: 1.6]
      [Update RS (ms): Min: 0.0, Avg: 0.2, Max: 0.5, Diff: 0.4, Sum: 0.5]
         [Processed Buffers: Min: 0, Avg: 2.5, Max: 5, Diff: 5, Sum: 5]
      [Scan RS (ms): Min: 0.0, Avg: 0.2, Max: 0.4, Diff: 0.4, Sum: 0.4]
      [Code Root Scanning (ms): Min: 0.0, Avg: 0.2, Max: 0.4, Diff: 0.4, Sum: 0.4]
      [Object Copy (ms): Min: 0.7, Avg: 0.9, Max: 1.2, Diff: 0.5, Sum: 1.9]
      [Termination (ms): Min: 0.0, Avg: 0.1, Max: 0.3, Diff: 0.3, Sum: 0.3]
         [Termination Attempts: Min: 1, Avg: 1.0, Max: 1, Diff: 0, Sum: 2]
      [GC Worker Other (ms): Min: 0.0, Avg: 0.0, Max: 0.0, Diff: 0.0, Sum: 0.1]
      [GC Worker Total (ms): Min: 1.1, Avg: 2.5, Max: 4.0, Diff: 3.0, Sum: 5.1]
      [GC Worker End (ms): Min: 1998671.1, Avg: 1998671.1, Max: 1998671.1, Diff: 0.0]
   [Code Root Fixup: 0.0 ms]
   [Code Root Purge: 0.0 ms]
   [Clear CT: 0.6 ms]
   [Other: 3.7 ms]
      [Choose CSet: 0.0 ms]
      [Ref Proc: 1.9 ms]
      [Ref Enq: 0.0 ms]
      [Redirty Cards: 1.2 ms]
      [Humongous Register: 0.0 ms]
      [Humongous Reclaim: 0.0 ms]
      [Free CSet: 0.2 ms]
   [Eden: 23.0M(23.0M)->0.0B(24.0M) Survivors: 2048.0K->1024.0K Heap: 26.9M(512.0M)->3319.8K(512.0M)]
 [Times: user=0.00 sys=0.01, real=0.01 secs] 
2018-06-11T17:48:28.899+0800: 2336.465: [GC pause (G1 Evacuation Pause) (young), 0.0090825 secs]
   [Parallel Time: 3.8 ms, GC Workers: 2]
      [GC Worker Start (ms): Min: 2336466.1, Avg: 2336467.5, Max: 2336468.9, Diff: 2.9]
      [Ext Root Scanning (ms): Min: 0.0, Avg: 0.7, Max: 1.4, Diff: 1.3, Sum: 1.4]
      [Update RS (ms): Min: 0.0, Avg: 0.1, Max: 0.2, Diff: 0.2, Sum: 0.2]
         [Processed Buffers: Min: 0, Avg: 2.0, Max: 4, Diff: 4, Sum: 4]
      [Scan RS (ms): Min: 0.0, Avg: 0.0, Max: 0.1, Diff: 0.1, Sum: 0.1]
      [Code Root Scanning (ms): Min: 0.0, Avg: 0.2, Max: 0.4, Diff: 0.4, Sum: 0.4]
      [Object Copy (ms): Min: 0.0, Avg: 0.3, Max: 0.6, Diff: 0.6, Sum: 0.6]
      [Termination (ms): Min: 0.0, Avg: 0.1, Max: 0.3, Diff: 0.3, Sum: 0.3]
         [Termination Attempts: Min: 1, Avg: 1.0, Max: 1, Diff: 0, Sum: 2]
      [GC Worker Other (ms): Min: 0.0, Avg: 0.0, Max: 0.1, Diff: 0.0, Sum: 0.1]
      [GC Worker Total (ms): Min: 0.1, Avg: 1.5, Max: 3.0, Diff: 2.9, Sum: 3.1]
      [GC Worker End (ms): Min: 2336469.0, Avg: 2336469.0, Max: 2336469.1, Diff: 0.1]
   [Code Root Fixup: 0.0 ms]
   [Code Root Purge: 0.0 ms]
   [Clear CT: 2.0 ms]
   [Other: 3.3 ms]
      [Choose CSet: 0.0 ms]
      [Ref Proc: 2.0 ms]
      [Ref Enq: 0.0 ms]
      [Redirty Cards: 1.0 ms]
      [Humongous Register: 0.0 ms]
      [Humongous Reclaim: 0.0 ms]
      [Free CSet: 0.0 ms]
   [Eden: 24.0M(24.0M)->0.0B(24.0M) Survivors: 1024.0K->1024.0K Heap: 27.2M(512.0M)->2740.0K(512.0M)]
 [Times: user=0.00 sys=0.00, real=0.01 secs] 
2018-06-11T17:54:01.460+0800: 2669.027: [GC pause (G1 Evacuation Pause) (young), 0.0074899 secs]
   [Parallel Time: 3.4 ms, GC Workers: 2]
      [GC Worker Start (ms): Min: 2669028.1, Avg: 2669028.1, Max: 2669028.2, Diff: 0.1]
      [Ext Root Scanning (ms): Min: 1.0, Avg: 1.1, Max: 1.2, Diff: 0.2, Sum: 2.2]
      [Update RS (ms): Min: 0.1, Avg: 0.2, Max: 0.2, Diff: 0.2, Sum: 0.3]
         [Processed Buffers: Min: 1, Avg: 2.5, Max: 4, Diff: 3, Sum: 5]
      [Scan RS (ms): Min: 0.0, Avg: 0.0, Max: 0.1, Diff: 0.1, Sum: 0.1]
      [Code Root Scanning (ms): Min: 0.0, Avg: 0.3, Max: 0.6, Diff: 0.6, Sum: 0.6]
      [Object Copy (ms): Min: 0.2, Avg: 0.6, Max: 0.9, Diff: 0.7, Sum: 1.1]
      [Termination (ms): Min: 0.0, Avg: 0.0, Max: 0.0, Diff: 0.0, Sum: 0.0]
         [Termination Attempts: Min: 1, Avg: 1.0, Max: 1, Diff: 0, Sum: 2]
      [GC Worker Other (ms): Min: 0.0, Avg: 0.0, Max: 0.1, Diff: 0.0, Sum: 0.1]
      [GC Worker Total (ms): Min: 2.2, Avg: 2.2, Max: 2.3, Diff: 0.1, Sum: 4.5]
      [GC Worker End (ms): Min: 2669030.4, Avg: 2669030.4, Max: 2669030.4, Diff: 0.0]
   [Code Root Fixup: 0.0 ms]
   [Code Root Purge: 0.0 ms]
   [Clear CT: 1.8 ms]
   [Other: 2.3 ms]
      [Choose CSet: 0.0 ms]
      [Ref Proc: 0.9 ms]
      [Ref Enq: 0.0 ms]
      [Redirty Cards: 1.0 ms]
      [Humongous Register: 0.0 ms]
      [Humongous Reclaim: 0.0 ms]
      [Free CSet: 0.1 ms]
   [Eden: 24.0M(24.0M)->0.0B(24.0M) Survivors: 1024.0K->1024.0K Heap: 26.7M(512.0M)->2848.8K(512.0M)]
 [Times: user=0.01 sys=0.00, real=0.01 secs] 
2018-06-11T17:59:43.991+0800: 3011.558: [GC pause (G1 Evacuation Pause) (young), 0.0088661 secs]
   [Parallel Time: 2.1 ms, GC Workers: 2]
      [GC Worker Start (ms): Min: 3011558.6, Avg: 3011558.9, Max: 3011559.2, Diff: 0.5]
      [Ext Root Scanning (ms): Min: 0.5, Avg: 0.8, Max: 1.0, Diff: 0.5, Sum: 1.5]
      [Update RS (ms): Min: 0.1, Avg: 0.3, Max: 0.4, Diff: 0.3, Sum: 0.6]
         [Processed Buffers: Min: 1, Avg: 2.0, Max: 3, Diff: 2, Sum: 4]
      [Scan RS (ms): Min: 0.0, Avg: 0.0, Max: 0.1, Diff: 0.1, Sum: 0.1]
      [Code Root Scanning (ms): Min: 0.0, Avg: 0.2, Max: 0.4, Diff: 0.4, Sum: 0.4]
      [Object Copy (ms): Min: 0.3, Avg: 0.4, Max: 0.5, Diff: 0.2, Sum: 0.8]
      [Termination (ms): Min: 0.0, Avg: 0.0, Max: 0.0, Diff: 0.0, Sum: 0.0]
         [Termination Attempts: Min: 1, Avg: 1.0, Max: 1, Diff: 0, Sum: 2]
      [GC Worker Other (ms): Min: 0.0, Avg: 0.0, Max: 0.0, Diff: 0.0, Sum: 0.1]
      [GC Worker Total (ms): Min: 1.5, Avg: 1.7, Max: 2.0, Diff: 0.5, Sum: 3.5]
      [GC Worker End (ms): Min: 3011560.6, Avg: 3011560.6, Max: 3011560.6, Diff: 0.0]
   [Code Root Fixup: 0.0 ms]
   [Code Root Purge: 0.0 ms]
   [Clear CT: 3.0 ms]
   [Other: 3.7 ms]
      [Choose CSet: 0.0 ms]
      [Ref Proc: 1.4 ms]
      [Ref Enq: 0.0 ms]
      [Redirty Cards: 1.1 ms]
      [Humongous Register: 0.9 ms]
      [Humongous Reclaim: 0.0 ms]
      [Free CSet: 0.1 ms]
   [Eden: 24.0M(24.0M)->0.0B(24.0M) Survivors: 1024.0K->1024.0K Heap: 26.8M(512.0M)->2875.4K(512.0M)]
 [Times: user=0.00 sys=0.00, real=0.01 secs] 
2018-06-11T18:05:24.140+0800: 3351.706: [GC pause (G1 Evacuation Pause) (young), 0.0077277 secs]
   [Parallel Time: 1.8 ms, GC Workers: 2]
      [GC Worker Start (ms): Min: 3351707.5, Avg: 3351707.5, Max: 3351707.5, Diff: 0.0]
      [Ext Root Scanning (ms): Min: 0.9, Avg: 0.9, Max: 0.9, Diff: 0.1, Sum: 1.8]
      [Update RS (ms): Min: 0.1, Avg: 0.2, Max: 0.3, Diff: 0.2, Sum: 0.4]
         [Processed Buffers: Min: 1, Avg: 2.0, Max: 3, Diff: 2, Sum: 4]
      [Scan RS (ms): Min: 0.0, Avg: 0.0, Max: 0.0, Diff: 0.0, Sum: 0.1]
      [Code Root Scanning (ms): Min: 0.0, Avg: 0.2, Max: 0.4, Diff: 0.4, Sum: 0.4]
      [Object Copy (ms): Min: 0.3, Avg: 0.4, Max: 0.5, Diff: 0.2, Sum: 0.8]
      [Termination (ms): Min: 0.0, Avg: 0.0, Max: 0.0, Diff: 0.0, Sum: 0.0]
         [Termination Attempts: Min: 1, Avg: 1.0, Max: 1, Diff: 0, Sum: 2]
      [GC Worker Other (ms): Min: 0.0, Avg: 0.0, Max: 0.0, Diff: 0.0, Sum: 0.1]
      [GC Worker Total (ms): Min: 1.7, Avg: 1.8, Max: 1.8, Diff: 0.0, Sum: 3.5]
      [GC Worker End (ms): Min: 3351709.3, Avg: 3351709.3, Max: 3351709.3, Diff: 0.0]
   [Code Root Fixup: 0.0 ms]
   [Code Root Purge: 0.0 ms]
   [Clear CT: 1.2 ms]
   [Other: 4.7 ms]
      [Choose CSet: 0.0 ms]
      [Ref Proc: 1.5 ms]
      [Ref Enq: 0.0 ms]
      [Redirty Cards: 2.0 ms]
      [Humongous Register: 0.9 ms]
      [Humongous Reclaim: 0.0 ms]
      [Free CSet: 0.1 ms]
   [Eden: 24.0M(24.0M)->0.0B(24.0M) Survivors: 1024.0K->1024.0K Heap: 26.8M(512.0M)->2882.2K(512.0M)]
 [Times: user=0.00 sys=0.00, real=0.01 secs] 
2018-06-11T18:11:07.771+0800: 3695.338: [GC pause (G1 Evacuation Pause) (young), 0.0062073 secs]
   [Parallel Time: 3.4 ms, GC Workers: 2]
      [GC Worker Start (ms): Min: 3695340.1, Avg: 3695340.1, Max: 3695340.2, Diff: 0.1]
      [Ext Root Scanning (ms): Min: 1.0, Avg: 1.0, Max: 1.1, Diff: 0.1, Sum: 2.1]
      [Update RS (ms): Min: 0.2, Avg: 0.3, Max: 0.5, Diff: 0.3, Sum: 0.6]
         [Processed Buffers: Min: 1, Avg: 2.5, Max: 4, Diff: 3, Sum: 5]
      [Scan RS (ms): Min: 0.0, Avg: 0.0, Max: 0.1, Diff: 0.0, Sum: 0.1]
      [Code Root Scanning (ms): Min: 0.0, Avg: 0.2, Max: 0.5, Diff: 0.5, Sum: 0.5]
      [Object Copy (ms): Min: 0.5, Avg: 0.6, Max: 0.7, Diff: 0.2, Sum: 1.2]
      [Termination (ms): Min: 0.0, Avg: 0.0, Max: 0.0, Diff: 0.0, Sum: 0.0]
         [Termination Attempts: Min: 1, Avg: 1.0, Max: 1, Diff: 0, Sum: 2]
      [GC Worker Other (ms): Min: 0.0, Avg: 0.0, Max: 0.0, Diff: 0.0, Sum: 0.1]
      [GC Worker Total (ms): Min: 2.2, Avg: 2.3, Max: 2.3, Diff: 0.1, Sum: 4.6]
      [GC Worker End (ms): Min: 3695342.4, Avg: 3695342.4, Max: 3695342.4, Diff: 0.0]
   [Code Root Fixup: 0.0 ms]
   [Code Root Purge: 0.0 ms]
   [Clear CT: 0.1 ms]
   [Other: 2.7 ms]
      [Choose CSet: 0.0 ms]
      [Ref Proc: 0.8 ms]
      [Ref Enq: 0.0 ms]
      [Redirty Cards: 0.1 ms]
      [Humongous Register: 1.3 ms]
      [Humongous Reclaim: 0.0 ms]
      [Free CSet: 0.1 ms]
   [Eden: 24.0M(24.0M)->0.0B(24.0M) Survivors: 1024.0K->1024.0K Heap: 26.8M(512.0M)->2894.7K(512.0M)]
 [Times: user=0.00 sys=0.00, real=0.01 secs] 
2018-06-11T18:16:51.116+0800: 4038.682: [GC pause (G1 Evacuation Pause) (young), 0.0061112 secs]
   [Parallel Time: 4.2 ms, GC Workers: 2]
      [GC Worker Start (ms): Min: 4038683.8, Avg: 4038685.0, Max: 4038686.2, Diff: 2.4]
      [Ext Root Scanning (ms): Min: 0.0, Avg: 1.1, Max: 2.1, Diff: 2.1, Sum: 2.1]
      [Update RS (ms): Min: 0.1, Avg: 0.8, Max: 1.6, Diff: 1.6, Sum: 1.7]
         [Processed Buffers: Min: 1, Avg: 2.0, Max: 3, Diff: 2, Sum: 4]
      [Scan RS (ms): Min: 0.0, Avg: 0.0, Max: 0.1, Diff: 0.1, Sum: 0.1]
      [Code Root Scanning (ms): Min: 0.0, Avg: 0.2, Max: 0.5, Diff: 0.5, Sum: 0.5]
      [Object Copy (ms): Min: 0.4, Avg: 0.4, Max: 0.4, Diff: 0.0, Sum: 0.7]
      [Termination (ms): Min: 0.0, Avg: 0.4, Max: 0.7, Diff: 0.7, Sum: 0.7]
         [Termination Attempts: Min: 1, Avg: 1.0, Max: 1, Diff: 0, Sum: 2]
      [GC Worker Other (ms): Min: 0.0, Avg: 0.0, Max: 0.0, Diff: 0.0, Sum: 0.1]
      [GC Worker Total (ms): Min: 1.8, Avg: 3.0, Max: 4.1, Diff: 2.4, Sum: 5.9]
      [GC Worker End (ms): Min: 4038687.9, Avg: 4038687.9, Max: 4038687.9, Diff: 0.0]
   [Code Root Fixup: 0.0 ms]
   [Code Root Purge: 0.0 ms]
   [Clear CT: 0.1 ms]
   [Other: 1.8 ms]
      [Choose CSet: 0.0 ms]
      [Ref Proc: 0.2 ms]
      [Ref Enq: 0.0 ms]
      [Redirty Cards: 0.0 ms]
      [Humongous Register: 1.2 ms]
      [Humongous Reclaim: 0.0 ms]
      [Free CSet: 0.1 ms]
   [Eden: 24.0M(24.0M)->0.0B(24.0M) Survivors: 1024.0K->1024.0K Heap: 26.8M(512.0M)->2900.0K(512.0M)]
 [Times: user=0.01 sys=0.00, real=0.00 secs] 
2018-06-11T18:22:25.061+0800: 4372.628: [GC pause (G1 Evacuation Pause) (young), 0.0059434 secs]
   [Parallel Time: 4.4 ms, GC Workers: 2]
      [GC Worker Start (ms): Min: 4372628.8, Avg: 4372630.0, Max: 4372631.2, Diff: 2.4]
      [Ext Root Scanning (ms): Min: 0.0, Avg: 0.8, Max: 1.6, Diff: 1.6, Sum: 1.6]
      [Update RS (ms): Min: 0.0, Avg: 0.2, Max: 0.4, Diff: 0.4, Sum: 0.4]
         [Processed Buffers: Min: 0, Avg: 3.0, Max: 6, Diff: 6, Sum: 6]
      [Scan RS (ms): Min: 0.0, Avg: 0.0, Max: 0.1, Diff: 0.0, Sum: 0.1]
      [Code Root Scanning (ms): Min: 0.0, Avg: 1.0, Max: 2.0, Diff: 2.0, Sum: 2.0]
      [Object Copy (ms): Min: 0.1, Avg: 0.4, Max: 0.8, Diff: 0.7, Sum: 0.9]
      [Termination (ms): Min: 0.0, Avg: 0.5, Max: 1.0, Diff: 1.0, Sum: 1.0]
         [Termination Attempts: Min: 1, Avg: 1.0, Max: 1, Diff: 0, Sum: 2]
      [GC Worker Other (ms): Min: 0.0, Avg: 0.0, Max: 0.0, Diff: 0.0, Sum: 0.1]
      [GC Worker Total (ms): Min: 1.9, Avg: 3.0, Max: 4.2, Diff: 2.4, Sum: 6.1]
      [GC Worker End (ms): Min: 4372633.0, Avg: 4372633.0, Max: 4372633.0, Diff: 0.0]
   [Code Root Fixup: 0.0 ms]
   [Code Root Purge: 0.0 ms]
   [Clear CT: 0.1 ms]
   [Other: 1.4 ms]
      [Choose CSet: 0.0 ms]
      [Ref Proc: 0.2 ms]
      [Ref Enq: 0.0 ms]
      [Redirty Cards: 0.0 ms]
      [Humongous Register: 0.9 ms]
      [Humongous Reclaim: 0.0 ms]
      [Free CSet: 0.1 ms]
   [Eden: 24.0M(24.0M)->0.0B(31.0M) Survivors: 1024.0K->1024.0K Heap: 26.8M(512.0M)->3193.4K(512.0M)]
 [Times: user=0.01 sys=0.00, real=0.01 secs] 
2018-06-11T18:29:34.778+0800: 4802.344: [GC pause (G1 Evacuation Pause) (young), 0.0067025 secs]
   [Parallel Time: 5.1 ms, GC Workers: 2]
      [GC Worker Start (ms): Min: 4802346.2, Avg: 4802347.7, Max: 4802349.2, Diff: 3.0]
      [Ext Root Scanning (ms): Min: 0.0, Avg: 0.9, Max: 1.8, Diff: 1.8, Sum: 1.8]
      [Update RS (ms): Min: 0.0, Avg: 0.2, Max: 0.4, Diff: 0.4, Sum: 0.4]
         [Processed Buffers: Min: 0, Avg: 3.0, Max: 6, Diff: 6, Sum: 6]
      [Scan RS (ms): Min: 0.0, Avg: 0.0, Max: 0.1, Diff: 0.1, Sum: 0.1]
      [Code Root Scanning (ms): Min: 0.0, Avg: 0.8, Max: 1.7, Diff: 1.7, Sum: 1.7]
      [Object Copy (ms): Min: 0.1, Avg: 0.4, Max: 0.8, Diff: 0.7, Sum: 0.9]
      [Termination (ms): Min: 0.0, Avg: 0.2, Max: 0.3, Diff: 0.3, Sum: 0.3]
         [Termination Attempts: Min: 1, Avg: 1.0, Max: 1, Diff: 0, Sum: 2]
      [GC Worker Other (ms): Min: 0.0, Avg: 0.0, Max: 0.0, Diff: 0.0, Sum: 0.1]
      [GC Worker Total (ms): Min: 1.2, Avg: 2.6, Max: 4.1, Diff: 3.0, Sum: 5.3]
      [GC Worker End (ms): Min: 4802350.3, Avg: 4802350.3, Max: 4802350.3, Diff: 0.0]
   [Code Root Fixup: 0.0 ms]
   [Code Root Purge: 0.0 ms]
   [Clear CT: 0.1 ms]
   [Other: 1.6 ms]
      [Choose CSet: 0.0 ms]
      [Ref Proc: 0.2 ms]
      [Ref Enq: 0.0 ms]
      [Redirty Cards: 0.0 ms]
      [Humongous Register: 0.9 ms]
      [Humongous Reclaim: 0.0 ms]
      [Free CSet: 0.1 ms]
   [Eden: 31.0M(31.0M)->0.0B(99.0M) Survivors: 1024.0K->1024.0K Heap: 34.1M(512.0M)->2958.3K(512.0M)]
 [Times: user=0.00 sys=0.00, real=0.01 secs] 
2018-06-11T18:52:29.758+0800: 6177.325: [GC pause (G1 Evacuation Pause) (young), 0.0571190 secs]
   [Parallel Time: 6.8 ms, GC Workers: 2]
      [GC Worker Start (ms): Min: 6177325.6, Avg: 6177326.9, Max: 6177328.2, Diff: 2.6]
      [Ext Root Scanning (ms): Min: 0.6, Avg: 3.6, Max: 6.5, Diff: 5.9, Sum: 7.1]
      [Update RS (ms): Min: 0.0, Avg: 0.3, Max: 0.6, Diff: 0.6, Sum: 0.6]
         [Processed Buffers: Min: 0, Avg: 3.0, Max: 6, Diff: 6, Sum: 6]
      [Scan RS (ms): Min: 0.0, Avg: 0.1, Max: 0.3, Diff: 0.3, Sum: 0.3]
      [Code Root Scanning (ms): Min: 0.0, Avg: 0.2, Max: 0.5, Diff: 0.5, Sum: 0.5]
      [Object Copy (ms): Min: 0.0, Avg: 0.8, Max: 1.5, Diff: 1.5, Sum: 1.6]
      [Termination (ms): Min: 0.0, Avg: 0.3, Max: 0.6, Diff: 0.6, Sum: 0.6]
         [Termination Attempts: Min: 1, Avg: 1.0, Max: 1, Diff: 0, Sum: 2]
      [GC Worker Other (ms): Min: 0.1, Avg: 0.1, Max: 0.1, Diff: 0.0, Sum: 0.1]
      [GC Worker Total (ms): Min: 4.1, Avg: 5.4, Max: 6.6, Diff: 2.6, Sum: 10.7]
      [GC Worker End (ms): Min: 6177332.2, Avg: 6177332.2, Max: 6177332.3, Diff: 0.0]
   [Code Root Fixup: 0.0 ms]
   [Code Root Purge: 0.0 ms]
   [Clear CT: 0.6 ms]
   [Other: 49.7 ms]
      [Choose CSet: 0.0 ms]
      [Ref Proc: 1.8 ms]
      [Ref Enq: 0.0 ms]
      [Redirty Cards: 2.3 ms]
      [Humongous Register: 0.8 ms]
      [Humongous Reclaim: 0.0 ms]
      [Free CSet: 44.5 ms]
   [Eden: 99.0M(99.0M)->0.0B(25.0M) Survivors: 1024.0K->1024.0K Heap: 101.9M(512.0M)->3060.0K(512.0M)]
 [Times: user=0.00 sys=0.00, real=0.06 secs] 
2018-06-11T18:58:19.363+0800: 6526.929: [GC pause (G1 Evacuation Pause) (young), 0.0044037 secs]
   [Parallel Time: 2.7 ms, GC Workers: 2]
      [GC Worker Start (ms): Min: 6526930.7, Avg: 6526930.9, Max: 6526931.2, Diff: 0.4]
      [Ext Root Scanning (ms): Min: 1.0, Avg: 1.2, Max: 1.4, Diff: 0.5, Sum: 2.4]
      [Update RS (ms): Min: 0.0, Avg: 0.3, Max: 0.6, Diff: 0.5, Sum: 0.6]
         [Processed Buffers: Min: 1, Avg: 1.5, Max: 2, Diff: 1, Sum: 3]
      [Scan RS (ms): Min: 0.0, Avg: 0.0, Max: 0.1, Diff: 0.1, Sum: 0.1]
      [Code Root Scanning (ms): Min: 0.0, Avg: 0.2, Max: 0.4, Diff: 0.4, Sum: 0.4]
      [Object Copy (ms): Min: 0.5, Avg: 0.6, Max: 0.6, Diff: 0.1, Sum: 1.2]
      [Termination (ms): Min: 0.0, Avg: 0.0, Max: 0.0, Diff: 0.0, Sum: 0.0]
         [Termination Attempts: Min: 1, Avg: 1.0, Max: 1, Diff: 0, Sum: 2]
      [GC Worker Other (ms): Min: 0.0, Avg: 0.0, Max: 0.0, Diff: 0.0, Sum: 0.1]
      [GC Worker Total (ms): Min: 2.1, Avg: 2.4, Max: 2.6, Diff: 0.4, Sum: 4.7]
      [GC Worker End (ms): Min: 6526933.3, Avg: 6526933.3, Max: 6526933.3, Diff: 0.0]
   [Code Root Fixup: 0.0 ms]
   [Code Root Purge: 0.0 ms]
   [Clear CT: 0.1 ms]
   [Other: 1.7 ms]
      [Choose CSet: 0.0 ms]
      [Ref Proc: 0.2 ms]
      [Ref Enq: 0.0 ms]
      [Redirty Cards: 0.0 ms]
      [Humongous Register: 1.0 ms]
      [Humongous Reclaim: 0.0 ms]
      [Free CSet: 0.1 ms]
   [Eden: 25.0M(25.0M)->0.0B(45.0M) Survivors: 1024.0K->1024.0K Heap: 28.0M(512.0M)->2986.2K(512.0M)]
 [Times: user=0.01 sys=0.00, real=0.01 secs] 
2018-06-11T19:43:54.711+0800: 9262.277: [GC pause (G1 Evacuation Pause) (young), 0.0861130 secs]
   [Parallel Time: 81.9 ms, GC Workers: 2]
      [GC Worker Start (ms): Min: 9262278.3, Avg: 9262278.4, Max: 9262278.5, Diff: 0.2]
      [Ext Root Scanning (ms): Min: 78.1, Avg: 78.4, Max: 78.6, Diff: 0.5, Sum: 156.7]
      [Update RS (ms): Min: 0.2, Avg: 0.4, Max: 0.6, Diff: 0.4, Sum: 0.8]
         [Processed Buffers: Min: 1, Avg: 3.0, Max: 5, Diff: 4, Sum: 6]
      [Scan RS (ms): Min: 0.0, Avg: 0.1, Max: 0.1, Diff: 0.1, Sum: 0.1]
      [Code Root Scanning (ms): Min: 0.0, Avg: 0.2, Max: 0.3, Diff: 0.3, Sum: 0.3]
      [Object Copy (ms): Min: 1.1, Avg: 1.3, Max: 1.4, Diff: 0.3, Sum: 2.5]
      [Termination (ms): Min: 0.0, Avg: 0.0, Max: 0.0, Diff: 0.0, Sum: 0.0]
         [Termination Attempts: Min: 1, Avg: 1.0, Max: 1, Diff: 0, Sum: 2]
      [GC Worker Other (ms): Min: 0.0, Avg: 0.1, Max: 0.1, Diff: 0.0, Sum: 0.1]
      [GC Worker Total (ms): Min: 80.2, Avg: 80.3, Max: 80.4, Diff: 0.2, Sum: 160.6]
      [GC Worker End (ms): Min: 9262358.7, Avg: 9262358.7, Max: 9262358.7, Diff: 0.0]
   [Code Root Fixup: 0.0 ms]
   [Code Root Purge: 0.0 ms]
   [Clear CT: 1.8 ms]
   [Other: 2.4 ms]
      [Choose CSet: 0.0 ms]
      [Ref Proc: 0.1 ms]
      [Ref Enq: 0.0 ms]
      [Redirty Cards: 1.0 ms]
      [Humongous Register: 0.8 ms]
      [Humongous Reclaim: 0.0 ms]
      [Free CSet: 0.1 ms]
   [Eden: 45.0M(45.0M)->0.0B(24.0M) Survivors: 1024.0K->1024.0K Heap: 47.9M(512.0M)->3361.8K(512.0M)]
 [Times: user=0.01 sys=0.00, real=0.08 secs] 
2018-06-11T20:20:25.070+0800: 11452.637: [GC pause (G1 Evacuation Pause) (young), 0.0086537 secs]
   [Parallel Time: 6.4 ms, GC Workers: 2]
      [GC Worker Start (ms): Min: 11452638.0, Avg: 11452639.0, Max: 11452640.0, Diff: 2.1]
      [Ext Root Scanning (ms): Min: 0.5, Avg: 1.2, Max: 2.0, Diff: 1.4, Sum: 2.5]
      [Update RS (ms): Min: 0.0, Avg: 0.3, Max: 0.6, Diff: 0.6, Sum: 0.6]
         [Processed Buffers: Min: 0, Avg: 3.5, Max: 7, Diff: 7, Sum: 7]
      [Scan RS (ms): Min: 0.0, Avg: 0.0, Max: 0.1, Diff: 0.1, Sum: 0.1]
      [Code Root Scanning (ms): Min: 0.0, Avg: 0.2, Max: 0.4, Diff: 0.4, Sum: 0.4]
      [Object Copy (ms): Min: 2.7, Avg: 3.4, Max: 4.2, Diff: 1.4, Sum: 6.9]
      [Termination (ms): Min: 0.0, Avg: 0.1, Max: 0.2, Diff: 0.2, Sum: 0.2]
         [Termination Attempts: Min: 1, Avg: 1.0, Max: 1, Diff: 0, Sum: 2]
      [GC Worker Other (ms): Min: 0.0, Avg: 0.1, Max: 0.1, Diff: 0.0, Sum: 0.1]
      [GC Worker Total (ms): Min: 4.3, Avg: 5.3, Max: 6.4, Diff: 2.1, Sum: 10.6]
      [GC Worker End (ms): Min: 11452644.3, Avg: 11452644.3, Max: 11452644.3, Diff: 0.0]
   [Code Root Fixup: 0.0 ms]
   [Code Root Purge: 0.0 ms]
   [Clear CT: 0.5 ms]
   [Other: 1.7 ms]
      [Choose CSet: 0.0 ms]
      [Ref Proc: 0.3 ms]
      [Ref Enq: 0.0 ms]
      [Redirty Cards: 0.0 ms]
      [Humongous Register: 0.9 ms]
      [Humongous Reclaim: 0.0 ms]
      [Free CSet: 0.2 ms]
   [Eden: 24.0M(24.0M)->0.0B(24.0M) Survivors: 1024.0K->1024.0K Heap: 27.3M(512.0M)->3174.4K(512.0M)]
 [Times: user=0.01 sys=0.00, real=0.01 secs] 
2018-06-11T21:29:57.862+0800: 15625.428: [GC pause (G1 Evacuation Pause) (young), 0.0073992 secs]
   [Parallel Time: 5.8 ms, GC Workers: 2]
      [GC Worker Start (ms): Min: 15625429.4, Avg: 15625430.4, Max: 15625431.4, Diff: 2.0]
      [Ext Root Scanning (ms): Min: 0.4, Avg: 3.0, Max: 5.5, Diff: 5.2, Sum: 5.9]
      [Update RS (ms): Min: 0.0, Avg: 0.3, Max: 0.5, Diff: 0.5, Sum: 0.5]
         [Processed Buffers: Min: 0, Avg: 2.0, Max: 4, Diff: 4, Sum: 4]
      [Scan RS (ms): Min: 0.0, Avg: 0.0, Max: 0.1, Diff: 0.0, Sum: 0.1]
      [Code Root Scanning (ms): Min: 0.0, Avg: 0.2, Max: 0.3, Diff: 0.3, Sum: 0.3]
      [Object Copy (ms): Min: 0.1, Avg: 1.1, Max: 2.1, Diff: 2.0, Sum: 2.1]
      [Termination (ms): Min: 0.0, Avg: 0.1, Max: 0.3, Diff: 0.3, Sum: 0.3]
         [Termination Attempts: Min: 1, Avg: 1.0, Max: 1, Diff: 0, Sum: 2]
      [GC Worker Other (ms): Min: 0.0, Avg: 0.0, Max: 0.1, Diff: 0.0, Sum: 0.1]
      [GC Worker Total (ms): Min: 3.7, Avg: 4.7, Max: 5.7, Diff: 2.0, Sum: 9.4]
      [GC Worker End (ms): Min: 15625435.1, Avg: 15625435.1, Max: 15625435.1, Diff: 0.0]
   [Code Root Fixup: 0.0 ms]
   [Code Root Purge: 0.0 ms]
   [Clear CT: 0.1 ms]
   [Other: 1.5 ms]
      [Choose CSet: 0.0 ms]
      [Ref Proc: 0.2 ms]
      [Ref Enq: 0.0 ms]
      [Redirty Cards: 0.0 ms]
      [Humongous Register: 0.9 ms]
      [Humongous Reclaim: 0.0 ms]
      [Free CSet: 0.1 ms]
   [Eden: 24.0M(24.0M)->0.0B(24.0M) Survivors: 1024.0K->1024.0K Heap: 27.1M(512.0M)->3439.5K(512.0M)]
 [Times: user=0.00 sys=0.00, real=0.01 secs] 
2018-06-11T22:42:57.001+0800: 20004.568: [GC pause (G1 Evacuation Pause) (young), 0.0170934 secs]
   [Parallel Time: 10.9 ms, GC Workers: 2]
      [GC Worker Start (ms): Min: 20004569.7, Avg: 20004570.9, Max: 20004572.1, Diff: 2.3]
      [Ext Root Scanning (ms): Min: 0.6, Avg: 5.1, Max: 9.7, Diff: 9.1, Sum: 10.3]
      [Update RS (ms): Min: 0.0, Avg: 0.3, Max: 0.6, Diff: 0.6, Sum: 0.6]
         [Processed Buffers: Min: 0, Avg: 3.0, Max: 6, Diff: 6, Sum: 6]
      [Scan RS (ms): Min: 0.0, Avg: 0.0, Max: 0.1, Diff: 0.1, Sum: 0.1]
      [Code Root Scanning (ms): Min: 0.0, Avg: 0.2, Max: 0.4, Diff: 0.4, Sum: 0.4]
      [Object Copy (ms): Min: 0.1, Avg: 2.4, Max: 4.7, Diff: 4.6, Sum: 4.8]
      [Termination (ms): Min: 0.0, Avg: 0.6, Max: 1.2, Diff: 1.2, Sum: 1.2]
         [Termination Attempts: Min: 1, Avg: 1.0, Max: 1, Diff: 0, Sum: 2]
      [GC Worker Other (ms): Min: 0.0, Avg: 0.0, Max: 0.0, Diff: 0.0, Sum: 0.1]
      [GC Worker Total (ms): Min: 7.6, Avg: 8.7, Max: 9.9, Diff: 2.3, Sum: 17.4]
      [GC Worker End (ms): Min: 20004579.6, Avg: 20004579.6, Max: 20004579.6, Diff: 0.0]
   [Code Root Fixup: 0.0 ms]
   [Code Root Purge: 0.2 ms]
   [Clear CT: 0.1 ms]
   [Other: 5.9 ms]
      [Choose CSet: 0.0 ms]
      [Ref Proc: 4.4 ms]
      [Ref Enq: 0.0 ms]
      [Redirty Cards: 0.0 ms]
      [Humongous Register: 0.8 ms]
      [Humongous Reclaim: 0.0 ms]
      [Free CSet: 0.2 ms]
   [Eden: 24.0M(24.0M)->0.0B(24.0M) Survivors: 1024.0K->1024.0K Heap: 27.4M(512.0M)->3538.4K(512.0M)]
 [Times: user=0.01 sys=0.00, real=0.04 secs] 
2018-06-12T00:16:25.110+0800: 25612.677: [GC pause (G1 Evacuation Pause) (young), 0.0232328 secs]
   [Parallel Time: 21.1 ms, GC Workers: 2]
      [GC Worker Start (ms): Min: 25612680.0, Avg: 25612680.6, Max: 25612681.2, Diff: 1.2]
      [Ext Root Scanning (ms): Min: 1.5, Avg: 2.4, Max: 3.2, Diff: 1.8, Sum: 4.7]
      [Update RS (ms): Min: 0.7, Avg: 2.6, Max: 4.5, Diff: 3.8, Sum: 5.2]
         [Processed Buffers: Min: 1, Avg: 4.5, Max: 8, Diff: 7, Sum: 9]
      [Scan RS (ms): Min: 0.0, Avg: 0.0, Max: 0.1, Diff: 0.1, Sum: 0.1]
      [Code Root Scanning (ms): Min: 0.0, Avg: 0.1, Max: 0.2, Diff: 0.2, Sum: 0.2]
      [Object Copy (ms): Min: 0.5, Avg: 5.7, Max: 10.9, Diff: 10.4, Sum: 11.4]
      [Termination (ms): Min: 0.0, Avg: 7.3, Max: 14.5, Diff: 14.5, Sum: 14.5]
         [Termination Attempts: Min: 1, Avg: 1.5, Max: 2, Diff: 1, Sum: 3]
      [GC Worker Other (ms): Min: 0.0, Avg: 0.0, Max: 0.0, Diff: 0.0, Sum: 0.1]
      [GC Worker Total (ms): Min: 17.0, Avg: 18.1, Max: 19.3, Diff: 2.3, Sum: 36.2]
      [GC Worker End (ms): Min: 25612698.1, Avg: 25612698.7, Max: 25612699.2, Diff: 1.1]
   [Code Root Fixup: 0.0 ms]
   [Code Root Purge: 0.0 ms]
   [Clear CT: 0.1 ms]
   [Other: 1.9 ms]
      [Choose CSet: 0.0 ms]
      [Ref Proc: 0.3 ms]
      [Ref Enq: 0.0 ms]
      [Redirty Cards: 0.1 ms]
      [Humongous Register: 0.9 ms]
      [Humongous Reclaim: 0.0 ms]
      [Free CSet: 0.2 ms]
   [Eden: 24.0M(24.0M)->0.0B(24.0M) Survivors: 1024.0K->1024.0K Heap: 27.5M(512.0M)->3574.0K(512.0M)]
 [Times: user=0.01 sys=0.00, real=0.05 secs] 
2018-06-12T01:59:19.512+0800: 31787.079: [GC pause (G1 Evacuation Pause) (young), 0.0085870 secs]
   [Parallel Time: 5.9 ms, GC Workers: 2]
      [GC Worker Start (ms): Min: 31787080.6, Avg: 31787081.9, Max: 31787083.2, Diff: 2.6]
      [Ext Root Scanning (ms): Min: 0.1, Avg: 2.8, Max: 5.5, Diff: 5.4, Sum: 5.6]
      [Update RS (ms): Min: 0.0, Avg: 0.2, Max: 0.5, Diff: 0.5, Sum: 0.5]
         [Processed Buffers: Min: 0, Avg: 3.5, Max: 7, Diff: 7, Sum: 7]
      [Scan RS (ms): Min: 0.0, Avg: 0.0, Max: 0.1, Diff: 0.1, Sum: 0.1]
      [Code Root Scanning (ms): Min: 0.0, Avg: 0.1, Max: 0.3, Diff: 0.3, Sum: 0.3]
      [Object Copy (ms): Min: 0.1, Avg: 1.1, Max: 2.0, Diff: 1.9, Sum: 2.1]
      [Termination (ms): Min: 0.0, Avg: 0.1, Max: 0.2, Diff: 0.2, Sum: 0.2]
         [Termination Attempts: Min: 1, Avg: 1.0, Max: 1, Diff: 0, Sum: 2]
      [GC Worker Other (ms): Min: 0.0, Avg: 0.0, Max: 0.0, Diff: 0.0, Sum: 0.1]
      [GC Worker Total (ms): Min: 3.1, Avg: 4.4, Max: 5.7, Diff: 2.5, Sum: 8.8]
      [GC Worker End (ms): Min: 31787086.3, Avg: 31787086.3, Max: 31787086.3, Diff: 0.0]
   [Code Root Fixup: 0.0 ms]
   [Code Root Purge: 0.0 ms]
   [Clear CT: 0.1 ms]
   [Other: 2.5 ms]
      [Choose CSet: 0.0 ms]
      [Ref Proc: 0.9 ms]
      [Ref Enq: 0.0 ms]
      [Redirty Cards: 0.0 ms]
      [Humongous Register: 1.1 ms]
      [Humongous Reclaim: 0.0 ms]
      [Free CSet: 0.2 ms]
   [Eden: 24.0M(24.0M)->0.0B(24.0M) Survivors: 1024.0K->1024.0K Heap: 27.5M(512.0M)->3759.6K(512.0M)]
 [Times: user=0.01 sys=0.00, real=0.01 secs] 
2018-06-12T03:50:00.004+0800: 38427.571: [GC pause (G1 Evacuation Pause) (young), 0.0094060 secs]
   [Parallel Time: 7.6 ms, GC Workers: 2]
      [GC Worker Start (ms): Min: 38427571.7, Avg: 38427572.9, Max: 38427574.2, Diff: 2.5]
      [Ext Root Scanning (ms): Min: 0.1, Avg: 3.7, Max: 7.2, Diff: 7.1, Sum: 7.4]
      [Update RS (ms): Min: 0.0, Avg: 0.2, Max: 0.4, Diff: 0.4, Sum: 0.4]
         [Processed Buffers: Min: 0, Avg: 2.0, Max: 4, Diff: 4, Sum: 4]
      [Scan RS (ms): Min: 0.0, Avg: 0.0, Max: 0.1, Diff: 0.1, Sum: 0.1]
      [Code Root Scanning (ms): Min: 0.0, Avg: 0.1, Max: 0.2, Diff: 0.2, Sum: 0.2]
      [Object Copy (ms): Min: 0.1, Avg: 1.0, Max: 2.0, Diff: 1.8, Sum: 2.1]
      [Termination (ms): Min: 0.0, Avg: 1.1, Max: 2.1, Diff: 2.1, Sum: 2.1]
         [Termination Attempts: Min: 1, Avg: 1.0, Max: 1, Diff: 0, Sum: 2]
      [GC Worker Other (ms): Min: 0.0, Avg: 0.0, Max: 0.0, Diff: 0.0, Sum: 0.1]
      [GC Worker Total (ms): Min: 4.9, Avg: 6.2, Max: 7.4, Diff: 2.5, Sum: 12.4]
      [GC Worker End (ms): Min: 38427579.1, Avg: 38427579.1, Max: 38427579.1, Diff: 0.0]
   [Code Root Fixup: 0.0 ms]
   [Code Root Purge: 0.0 ms]
   [Clear CT: 0.1 ms]
   [Other: 1.7 ms]
      [Choose CSet: 0.0 ms]
      [Ref Proc: 0.2 ms]
      [Ref Enq: 0.0 ms]
      [Redirty Cards: 0.0 ms]
      [Humongous Register: 0.9 ms]
      [Humongous Reclaim: 0.0 ms]
      [Free CSet: 0.2 ms]
   [Eden: 24.0M(24.0M)->0.0B(37.0M) Survivors: 1024.0K->1024.0K Heap: 27.7M(512.0M)->3687.7K(512.0M)]
 [Times: user=0.01 sys=0.00, real=0.01 secs] 
2018-06-12T06:41:33.463+0800: 48721.029: [GC pause (G1 Evacuation Pause) (young), 0.0071776 secs]
   [Parallel Time: 5.2 ms, GC Workers: 2]
      [GC Worker Start (ms): Min: 48721030.5, Avg: 48721031.8, Max: 48721033.0, Diff: 2.5]
      [Ext Root Scanning (ms): Min: 0.1, Avg: 2.5, Max: 4.9, Diff: 4.8, Sum: 5.0]
      [Update RS (ms): Min: 0.0, Avg: 0.2, Max: 0.4, Diff: 0.4, Sum: 0.5]
         [Processed Buffers: Min: 0, Avg: 1.5, Max: 3, Diff: 3, Sum: 3]
      [Scan RS (ms): Min: 0.0, Avg: 0.0, Max: 0.1, Diff: 0.1, Sum: 0.1]
      [Code Root Scanning (ms): Min: 0.0, Avg: 0.1, Max: 0.2, Diff: 0.2, Sum: 0.2]
      [Object Copy (ms): Min: 0.1, Avg: 0.7, Max: 1.3, Diff: 1.2, Sum: 1.4]
      [Termination (ms): Min: 0.0, Avg: 0.2, Max: 0.3, Diff: 0.3, Sum: 0.3]
         [Termination Attempts: Min: 1, Avg: 1.0, Max: 1, Diff: 0, Sum: 2]
      [GC Worker Other (ms): Min: 0.0, Avg: 0.0, Max: 0.0, Diff: 0.0, Sum: 0.1]
      [GC Worker Total (ms): Min: 2.5, Avg: 3.8, Max: 5.0, Diff: 2.5, Sum: 7.6]
      [GC Worker End (ms): Min: 48721035.5, Avg: 48721035.5, Max: 48721035.6, Diff: 0.0]
   [Code Root Fixup: 0.0 ms]
   [Code Root Purge: 0.0 ms]
   [Clear CT: 0.2 ms]
   [Other: 1.8 ms]
      [Choose CSet: 0.0 ms]
      [Ref Proc: 0.2 ms]
      [Ref Enq: 0.0 ms]
      [Redirty Cards: 0.0 ms]
      [Humongous Register: 0.9 ms]
      [Humongous Reclaim: 0.0 ms]
      [Free CSet: 0.2 ms]
   [Eden: 37.0M(37.0M)->0.0B(118.0M) Survivors: 1024.0K->1024.0K Heap: 40.6M(512.0M)->3705.9K(512.0M)]
 [Times: user=0.01 sys=0.00, real=0.01 secs] 
2018-06-12T15:49:57.064+0800: 81624.631: [GC pause (G1 Evacuation Pause) (young), 0.1767417 secs]
   [Parallel Time: 7.9 ms, GC Workers: 2]
      [GC Worker Start (ms): Min: 81624632.4, Avg: 81624634.2, Max: 81624636.0, Diff: 3.7]
      [Ext Root Scanning (ms): Min: 0.0, Avg: 1.3, Max: 2.5, Diff: 2.4, Sum: 2.5]
      [Update RS (ms): Min: 0.0, Avg: 0.2, Max: 0.4, Diff: 0.4, Sum: 0.4]
         [Processed Buffers: Min: 0, Avg: 1.5, Max: 3, Diff: 3, Sum: 3]
      [Scan RS (ms): Min: 0.0, Avg: 0.1, Max: 0.2, Diff: 0.2, Sum: 0.3]
      [Code Root Scanning (ms): Min: 0.0, Avg: 0.2, Max: 0.3, Diff: 0.3, Sum: 0.3]
      [Object Copy (ms): Min: 1.6, Avg: 2.0, Max: 2.3, Diff: 0.6, Sum: 3.9]
      [Termination (ms): Min: 0.0, Avg: 0.2, Max: 0.4, Diff: 0.4, Sum: 0.4]
         [Termination Attempts: Min: 1, Avg: 1.0, Max: 1, Diff: 0, Sum: 2]
      [GC Worker Other (ms): Min: 0.0, Avg: 0.1, Max: 0.1, Diff: 0.0, Sum: 0.1]
      [GC Worker Total (ms): Min: 2.2, Avg: 4.0, Max: 5.8, Diff: 3.6, Sum: 7.9]
      [GC Worker End (ms): Min: 81624638.2, Avg: 81624638.2, Max: 81624638.2, Diff: 0.0]
   [Code Root Fixup: 0.0 ms]
   [Code Root Purge: 0.0 ms]
   [Clear CT: 0.7 ms]
   [Other: 168.1 ms]
      [Choose CSet: 0.0 ms]
      [Ref Proc: 0.3 ms]
      [Ref Enq: 0.0 ms]
      [Redirty Cards: 0.1 ms]
      [Humongous Register: 1.0 ms]
      [Humongous Reclaim: 0.0 ms]
      [Free CSet: 166.3 ms]
   [Eden: 118.0M(118.0M)->0.0B(24.0M) Survivors: 1024.0K->1024.0K Heap: 121.6M(512.0M)->3709.7K(512.0M)]
 [Times: user=0.01 sys=0.00, real=0.18 secs] 
2018-06-12T17:18:32.575+0800: 86940.141: [GC pause (G1 Evacuation Pause) (young), 0.0797985 secs]
   [Parallel Time: 77.8 ms, GC Workers: 2]
      [GC Worker Start (ms): Min: 86940142.3, Avg: 86940143.7, Max: 86940145.0, Diff: 2.6]
      [Ext Root Scanning (ms): Min: 0.0, Avg: 1.2, Max: 2.3, Diff: 2.2, Sum: 2.3]
      [Update RS (ms): Min: 0.2, Avg: 10.5, Max: 20.7, Diff: 20.6, Sum: 20.9]
         [Processed Buffers: Min: 2, Avg: 3.0, Max: 4, Diff: 2, Sum: 6]
      [Scan RS (ms): Min: 0.0, Avg: 0.0, Max: 0.0, Diff: 0.0, Sum: 0.1]
      [Code Root Scanning (ms): Min: 0.0, Avg: 37.4, Max: 74.8, Diff: 74.7, Sum: 74.8]
      [Object Copy (ms): Min: 0.0, Avg: 1.3, Max: 2.5, Diff: 2.5, Sum: 2.5]
      [Termination (ms): Min: 0.0, Avg: 26.0, Max: 52.1, Diff: 52.1, Sum: 52.1]
         [Termination Attempts: Min: 1, Avg: 1.0, Max: 1, Diff: 0, Sum: 2]
      [GC Worker Other (ms): Min: 0.0, Avg: 0.0, Max: 0.0, Diff: 0.0, Sum: 0.1]
      [GC Worker Total (ms): Min: 75.0, Avg: 76.4, Max: 77.7, Diff: 2.7, Sum: 152.8]
      [GC Worker End (ms): Min: 86940220.0, Avg: 86940220.0, Max: 86940220.1, Diff: 0.0]
   [Code Root Fixup: 0.0 ms]
   [Code Root Purge: 0.0 ms]
   [Clear CT: 0.1 ms]
   [Other: 1.9 ms]
      [Choose CSet: 0.0 ms]
      [Ref Proc: 0.3 ms]
      [Ref Enq: 0.0 ms]
      [Redirty Cards: 0.1 ms]
      [Humongous Register: 0.9 ms]
      [Humongous Reclaim: 0.0 ms]
      [Free CSet: 0.2 ms]
   [Eden: 24.0M(24.0M)->0.0B(24.0M) Survivors: 1024.0K->1024.0K Heap: 27.6M(512.0M)->3948.7K(512.0M)]
 [Times: user=0.02 sys=0.00, real=0.08 secs] 
2018-06-12T18:57:18.646+0800: 92866.213: [GC pause (G1 Evacuation Pause) (young), 0.0156816 secs]
   [Parallel Time: 10.0 ms, GC Workers: 2]
      [GC Worker Start (ms): Min: 92866215.2, Avg: 92866216.7, Max: 92866218.2, Diff: 3.0]
      [Ext Root Scanning (ms): Min: 0.8, Avg: 1.8, Max: 2.9, Diff: 2.1, Sum: 3.6]
      [Update RS (ms): Min: 0.0, Avg: 0.4, Max: 0.7, Diff: 0.7, Sum: 0.7]
         [Processed Buffers: Min: 0, Avg: 3.0, Max: 6, Diff: 6, Sum: 6]
      [Scan RS (ms): Min: 0.0, Avg: 0.0, Max: 0.1, Diff: 0.1, Sum: 0.1]
      [Code Root Scanning (ms): Min: 0.0, Avg: 0.1, Max: 0.3, Diff: 0.3, Sum: 0.3]
      [Object Copy (ms): Min: 4.4, Avg: 5.2, Max: 6.0, Diff: 1.6, Sum: 10.4]
      [Termination (ms): Min: 0.0, Avg: 0.1, Max: 0.2, Diff: 0.2, Sum: 0.2]
         [Termination Attempts: Min: 1, Avg: 1.0, Max: 1, Diff: 0, Sum: 2]
      [GC Worker Other (ms): Min: 0.1, Avg: 0.1, Max: 0.2, Diff: 0.2, Sum: 0.3]
      [GC Worker Total (ms): Min: 6.3, Avg: 7.8, Max: 9.4, Diff: 3.0, Sum: 15.7]
      [GC Worker End (ms): Min: 92866224.5, Avg: 92866224.5, Max: 92866224.5, Diff: 0.0]
   [Code Root Fixup: 0.0 ms]
   [Code Root Purge: 0.0 ms]
   [Clear CT: 2.6 ms]
   [Other: 3.1 ms]
      [Choose CSet: 0.0 ms]
      [Ref Proc: 0.8 ms]
      [Ref Enq: 0.0 ms]
      [Redirty Cards: 0.1 ms]
      [Humongous Register: 1.4 ms]
      [Humongous Reclaim: 0.0 ms]
      [Free CSet: 0.3 ms]
   [Eden: 24.0M(24.0M)->0.0B(24.0M) Survivors: 1024.0K->1024.0K Heap: 27.9M(512.0M)->3650.8K(512.0M)]
 [Times: user=0.01 sys=0.00, real=0.02 secs] 
2018-06-12T20:11:14.015+0800: 97301.582: [GC pause (G1 Evacuation Pause) (young), 0.0996623 secs]
   [Parallel Time: 47.9 ms, GC Workers: 2]
      [GC Worker Start (ms): Min: 97301610.6, Avg: 97301610.7, Max: 97301610.8, Diff: 0.2]
      [Ext Root Scanning (ms): Min: 22.0, Avg: 22.3, Max: 22.6, Diff: 0.6, Sum: 44.6]
      [Update RS (ms): Min: 0.0, Avg: 0.3, Max: 0.5, Diff: 0.5, Sum: 0.5]
         [Processed Buffers: Min: 0, Avg: 3.0, Max: 6, Diff: 6, Sum: 6]
      [Scan RS (ms): Min: 0.0, Avg: 0.0, Max: 0.1, Diff: 0.1, Sum: 0.1]
      [Code Root Scanning (ms): Min: 0.0, Avg: 7.6, Max: 15.1, Diff: 15.1, Sum: 15.1]
      [Object Copy (ms): Min: 0.0, Avg: 1.2, Max: 2.3, Diff: 2.2, Sum: 2.3]
      [Termination (ms): Min: 0.0, Avg: 6.4, Max: 12.7, Diff: 12.7, Sum: 12.7]
         [Termination Attempts: Min: 1, Avg: 1.0, Max: 1, Diff: 0, Sum: 2]
      [GC Worker Other (ms): Min: 0.0, Avg: 0.0, Max: 0.0, Diff: 0.0, Sum: 0.1]
      [GC Worker Total (ms): Min: 37.6, Avg: 37.7, Max: 37.8, Diff: 0.2, Sum: 75.4]
      [GC Worker End (ms): Min: 97301648.4, Avg: 97301648.4, Max: 97301648.4, Diff: 0.0]
   [Code Root Fixup: 0.0 ms]
   [Code Root Purge: 0.0 ms]
   [Clear CT: 1.3 ms]
   [Other: 50.5 ms]
      [Choose CSet: 0.0 ms]
      [Ref Proc: 29.7 ms]
      [Ref Enq: 0.0 ms]
      [Redirty Cards: 1.0 ms]
      [Humongous Register: 0.9 ms]
      [Humongous Reclaim: 0.0 ms]
      [Free CSet: 0.2 ms]
   [Eden: 24.0M(24.0M)->0.0B(23.0M) Survivors: 1024.0K->2048.0K Heap: 27.6M(512.0M)->4282.4K(512.0M)]
 [Times: user=0.02 sys=0.00, real=0.13 secs] 
2018-06-12T21:18:32.230+0800: 101339.797: [GC pause (G1 Evacuation Pause) (young), 0.0070233 secs]
   [Parallel Time: 5.3 ms, GC Workers: 2]
      [GC Worker Start (ms): Min: 101339797.9, Avg: 101339799.5, Max: 101339801.0, Diff: 3.2]
      [Ext Root Scanning (ms): Min: 0.0, Avg: 1.2, Max: 2.4, Diff: 2.3, Sum: 2.4]
      [Update RS (ms): Min: 0.0, Avg: 0.2, Max: 0.4, Diff: 0.4, Sum: 0.4]
         [Processed Buffers: Min: 0, Avg: 2.5, Max: 5, Diff: 5, Sum: 5]
      [Scan RS (ms): Min: 0.0, Avg: 0.0, Max: 0.1, Diff: 0.1, Sum: 0.1]
      [Code Root Scanning (ms): Min: 0.0, Avg: 1.1, Max: 2.1, Diff: 2.1, Sum: 2.1]
      [Object Copy (ms): Min: 0.1, Avg: 0.9, Max: 1.6, Diff: 1.5, Sum: 1.7]
      [Termination (ms): Min: 0.0, Avg: 0.1, Max: 0.3, Diff: 0.3, Sum: 0.3]
         [Termination Attempts: Min: 1, Avg: 1.0, Max: 1, Diff: 0, Sum: 2]
      [GC Worker Other (ms): Min: 0.0, Avg: 0.0, Max: 0.0, Diff: 0.0, Sum: 0.1]
      [GC Worker Total (ms): Min: 2.0, Avg: 3.5, Max: 5.1, Diff: 3.1, Sum: 7.0]
      [GC Worker End (ms): Min: 101339803.0, Avg: 101339803.0, Max: 101339803.0, Diff: 0.0]
   [Code Root Fixup: 0.0 ms]
   [Code Root Purge: 0.0 ms]
   [Clear CT: 0.1 ms]
   [Other: 1.6 ms]
      [Choose CSet: 0.0 ms]
      [Ref Proc: 0.3 ms]
      [Ref Enq: 0.0 ms]
      [Redirty Cards: 0.0 ms]
      [Humongous Register: 0.9 ms]
      [Humongous Reclaim: 0.0 ms]
      [Free CSet: 0.1 ms]
   [Eden: 23.0M(23.0M)->0.0B(24.0M) Survivors: 2048.0K->1024.0K Heap: 27.2M(512.0M)->3842.2K(512.0M)]
 [Times: user=0.01 sys=0.00, real=0.01 secs] 
2018-06-12T22:28:55.068+0800: 105562.635: [GC pause (G1 Evacuation Pause) (young), 0.0217361 secs]
   [Parallel Time: 12.3 ms, GC Workers: 2]
      [GC Worker Start (ms): Min: 105562637.0, Avg: 105562638.0, Max: 105562639.1, Diff: 2.0]
      [Ext Root Scanning (ms): Min: 1.7, Avg: 3.4, Max: 5.1, Diff: 3.4, Sum: 6.8]
      [Update RS (ms): Min: 0.0, Avg: 0.3, Max: 0.7, Diff: 0.7, Sum: 0.7]
         [Processed Buffers: Min: 0, Avg: 1.5, Max: 3, Diff: 3, Sum: 3]
      [Scan RS (ms): Min: 0.0, Avg: 0.0, Max: 0.0, Diff: 0.0, Sum: 0.1]
      [Code Root Scanning (ms): Min: 0.0, Avg: 1.7, Max: 3.4, Diff: 3.3, Sum: 3.4]
      [Object Copy (ms): Min: 1.2, Avg: 2.8, Max: 4.4, Diff: 3.2, Sum: 5.6]
      [Termination (ms): Min: 0.0, Avg: 0.8, Max: 1.5, Diff: 1.5, Sum: 1.5]
         [Termination Attempts: Min: 1, Avg: 1.0, Max: 1, Diff: 0, Sum: 2]
      [GC Worker Other (ms): Min: 0.1, Avg: 0.7, Max: 1.4, Diff: 1.3, Sum: 1.4]
      [GC Worker Total (ms): Min: 9.7, Avg: 9.8, Max: 9.8, Diff: 0.2, Sum: 19.5]
      [GC Worker End (ms): Min: 105562646.7, Avg: 105562647.8, Max: 105562648.9, Diff: 2.2]
   [Code Root Fixup: 0.0 ms]
   [Code Root Purge: 0.0 ms]
   [Clear CT: 0.2 ms]
   [Other: 9.2 ms]
      [Choose CSet: 0.0 ms]
      [Ref Proc: 6.9 ms]
      [Ref Enq: 0.0 ms]
      [Redirty Cards: 0.1 ms]
      [Humongous Register: 1.4 ms]
      [Humongous Reclaim: 0.0 ms]
      [Free CSet: 0.3 ms]
   [Eden: 24.0M(24.0M)->0.0B(24.0M) Survivors: 1024.0K->1024.0K Heap: 27.8M(512.0M)->3768.7K(512.0M)]
 [Times: user=0.02 sys=0.00, real=0.04 secs] 
2018-06-12T23:39:21.003+0800: 109788.570: [GC pause (G1 Evacuation Pause) (young), 0.0127362 secs]
   [Parallel Time: 7.4 ms, GC Workers: 2]
      [GC Worker Start (ms): Min: 109788570.8, Avg: 109788571.9, Max: 109788573.0, Diff: 2.2]
      [Ext Root Scanning (ms): Min: 0.4, Avg: 3.3, Max: 6.1, Diff: 5.8, Sum: 6.5]
      [Update RS (ms): Min: 0.0, Avg: 0.2, Max: 0.4, Diff: 0.4, Sum: 0.4]
         [Processed Buffers: Min: 0, Avg: 2.0, Max: 4, Diff: 4, Sum: 4]
      [Scan RS (ms): Min: 0.0, Avg: 0.0, Max: 0.1, Diff: 0.1, Sum: 0.1]
      [Code Root Scanning (ms): Min: 0.0, Avg: 0.1, Max: 0.3, Diff: 0.3, Sum: 0.3]
      [Object Copy (ms): Min: 0.2, Avg: 1.7, Max: 3.1, Diff: 3.0, Sum: 3.3]
      [Termination (ms): Min: 0.0, Avg: 0.1, Max: 0.1, Diff: 0.1, Sum: 0.1]
         [Termination Attempts: Min: 1, Avg: 1.0, Max: 1, Diff: 0, Sum: 2]
      [GC Worker Other (ms): Min: 0.0, Avg: 0.0, Max: 0.0, Diff: 0.0, Sum: 0.1]
      [GC Worker Total (ms): Min: 4.3, Avg: 5.4, Max: 6.5, Diff: 2.2, Sum: 10.8]
      [GC Worker End (ms): Min: 109788577.3, Avg: 109788577.3, Max: 109788577.3, Diff: 0.0]
   [Code Root Fixup: 0.0 ms]
   [Code Root Purge: 0.0 ms]
   [Clear CT: 1.0 ms]
   [Other: 4.4 ms]
      [Choose CSet: 0.0 ms]
      [Ref Proc: 2.0 ms]
      [Ref Enq: 0.0 ms]
      [Redirty Cards: 0.9 ms]
      [Humongous Register: 0.9 ms]
      [Humongous Reclaim: 0.0 ms]
      [Free CSet: 0.2 ms]
   [Eden: 24.0M(24.0M)->0.0B(24.0M) Survivors: 1024.0K->1024.0K Heap: 27.7M(512.0M)->3829.2K(512.0M)]
 [Times: user=0.00 sys=0.00, real=0.01 secs] 
2018-06-13T00:49:45.973+0800: 114013.540: [GC pause (G1 Evacuation Pause) (young), 0.0122469 secs]
   [Parallel Time: 9.5 ms, GC Workers: 2]
      [GC Worker Start (ms): Min: 114013541.6, Avg: 114013542.8, Max: 114013544.1, Diff: 2.5]
      [Ext Root Scanning (ms): Min: 1.1, Avg: 3.4, Max: 5.6, Diff: 4.4, Sum: 6.7]
      [Update RS (ms): Min: 0.0, Avg: 0.3, Max: 0.6, Diff: 0.6, Sum: 0.6]
         [Processed Buffers: Min: 0, Avg: 2.0, Max: 4, Diff: 4, Sum: 4]
      [Scan RS (ms): Min: 0.0, Avg: 0.0, Max: 0.1, Diff: 0.1, Sum: 0.1]
      [Code Root Scanning (ms): Min: 0.0, Avg: 0.2, Max: 0.4, Diff: 0.4, Sum: 0.4]
      [Object Copy (ms): Min: 3.7, Avg: 4.1, Max: 4.5, Diff: 0.8, Sum: 8.2]
      [Termination (ms): Min: 0.0, Avg: 0.1, Max: 0.2, Diff: 0.2, Sum: 0.2]
         [Termination Attempts: Min: 1, Avg: 1.0, Max: 1, Diff: 0, Sum: 2]
      [GC Worker Other (ms): Min: 0.0, Avg: 0.0, Max: 0.1, Diff: 0.0, Sum: 0.1]
      [GC Worker Total (ms): Min: 6.9, Avg: 8.2, Max: 9.4, Diff: 2.4, Sum: 16.3]
      [GC Worker End (ms): Min: 114013550.9, Avg: 114013551.0, Max: 114013551.0, Diff: 0.0]
   [Code Root Fixup: 0.0 ms]
   [Code Root Purge: 0.0 ms]
   [Clear CT: 0.2 ms]
   [Other: 2.5 ms]
      [Choose CSet: 0.0 ms]
      [Ref Proc: 0.3 ms]
      [Ref Enq: 0.0 ms]
      [Redirty Cards: 0.1 ms]
      [Humongous Register: 1.4 ms]
      [Humongous Reclaim: 0.0 ms]
      [Free CSet: 0.3 ms]
   [Eden: 24.0M(24.0M)->0.0B(24.0M) Survivors: 1024.0K->1024.0K Heap: 27.7M(512.0M)->3712.8K(512.0M)]
 [Times: user=0.02 sys=0.00, real=0.01 secs] 
2018-06-13T02:00:09.241+0800: 118236.808: [GC pause (G1 Evacuation Pause) (young), 0.0118078 secs]
   [Parallel Time: 6.5 ms, GC Workers: 2]
      [GC Worker Start (ms): Min: 118236808.9, Avg: 118236810.0, Max: 118236811.0, Diff: 2.1]
      [Ext Root Scanning (ms): Min: 0.4, Avg: 3.3, Max: 6.1, Diff: 5.6, Sum: 6.5]
      [Update RS (ms): Min: 0.0, Avg: 0.4, Max: 0.7, Diff: 0.7, Sum: 0.7]
         [Processed Buffers: Min: 0, Avg: 2.0, Max: 4, Diff: 4, Sum: 4]
      [Scan RS (ms): Min: 0.0, Avg: 0.0, Max: 0.1, Diff: 0.1, Sum: 0.1]
      [Code Root Scanning (ms): Min: 0.0, Avg: 0.1, Max: 0.2, Diff: 0.2, Sum: 0.2]
      [Object Copy (ms): Min: 0.1, Avg: 1.4, Max: 2.8, Diff: 2.7, Sum: 2.9]
      [Termination (ms): Min: 0.0, Avg: 0.1, Max: 0.1, Diff: 0.1, Sum: 0.1]
         [Termination Attempts: Min: 1, Avg: 1.0, Max: 1, Diff: 0, Sum: 2]
      [GC Worker Other (ms): Min: 0.0, Avg: 0.0, Max: 0.0, Diff: 0.0, Sum: 0.1]
      [GC Worker Total (ms): Min: 4.2, Avg: 5.3, Max: 6.4, Diff: 2.1, Sum: 10.6]
      [GC Worker End (ms): Min: 118236815.3, Avg: 118236815.3, Max: 118236815.3, Diff: 0.0]
   [Code Root Fixup: 0.0 ms]
   [Code Root Purge: 0.0 ms]
   [Clear CT: 0.3 ms]
   [Other: 5.0 ms]
      [Choose CSet: 0.0 ms]
      [Ref Proc: 0.3 ms]
      [Ref Enq: 0.0 ms]
      [Redirty Cards: 3.2 ms]
      [Humongous Register: 0.9 ms]
      [Humongous Reclaim: 0.0 ms]
      [Free CSet: 0.3 ms]
   [Eden: 24.0M(24.0M)->0.0B(24.0M) Survivors: 1024.0K->1024.0K Heap: 27.6M(512.0M)->3937.3K(512.0M)]
 [Times: user=0.01 sys=0.00, real=0.02 secs] 
2018-06-13T03:10:33.849+0800: 122461.415: [GC pause (G1 Evacuation Pause) (young), 0.0067715 secs]
   [Parallel Time: 5.0 ms, GC Workers: 2]
      [GC Worker Start (ms): Min: 122461416.6, Avg: 122461417.8, Max: 122461419.0, Diff: 2.4]
      [Ext Root Scanning (ms): Min: 0.1, Avg: 2.5, Max: 4.8, Diff: 4.6, Sum: 4.9]
      [Update RS (ms): Min: 0.0, Avg: 0.3, Max: 0.5, Diff: 0.5, Sum: 0.5]
         [Processed Buffers: Min: 0, Avg: 2.5, Max: 5, Diff: 5, Sum: 5]
      [Scan RS (ms): Min: 0.0, Avg: 0.0, Max: 0.1, Diff: 0.1, Sum: 0.1]
      [Code Root Scanning (ms): Min: 0.0, Avg: 0.1, Max: 0.2, Diff: 0.2, Sum: 0.2]
      [Object Copy (ms): Min: 0.1, Avg: 0.7, Max: 1.4, Diff: 1.3, Sum: 1.5]
      [Termination (ms): Min: 0.0, Avg: 0.1, Max: 0.2, Diff: 0.2, Sum: 0.2]
         [Termination Attempts: Min: 1, Avg: 1.0, Max: 1, Diff: 0, Sum: 2]
      [GC Worker Other (ms): Min: 0.0, Avg: 0.0, Max: 0.1, Diff: 0.0, Sum: 0.1]
      [GC Worker Total (ms): Min: 2.5, Avg: 3.7, Max: 4.9, Diff: 2.4, Sum: 7.5]
      [GC Worker End (ms): Min: 122461421.6, Avg: 122461421.6, Max: 122461421.6, Diff: 0.0]
   [Code Root Fixup: 0.0 ms]
   [Code Root Purge: 0.0 ms]
   [Clear CT: 0.1 ms]
   [Other: 1.7 ms]
      [Choose CSet: 0.0 ms]
      [Ref Proc: 0.2 ms]
      [Ref Enq: 0.0 ms]
      [Redirty Cards: 0.0 ms]
      [Humongous Register: 0.9 ms]
      [Humongous Reclaim: 0.0 ms]
      [Free CSet: 0.1 ms]
   [Eden: 24.0M(24.0M)->0.0B(24.0M) Survivors: 1024.0K->1024.0K Heap: 27.8M(512.0M)->3772.3K(512.0M)]
 [Times: user=0.01 sys=0.00, real=0.01 secs] 
2018-06-13T04:20:58.539+0800: 126686.106: [GC pause (G1 Evacuation Pause) (young), 0.0135358 secs]
   [Parallel Time: 7.0 ms, GC Workers: 2]
      [GC Worker Start (ms): Min: 126686108.1, Avg: 126686109.4, Max: 126686110.7, Diff: 2.7]
      [Ext Root Scanning (ms): Min: 0.6, Avg: 3.3, Max: 5.9, Diff: 5.3, Sum: 6.5]
      [Update RS (ms): Min: 0.0, Avg: 0.2, Max: 0.5, Diff: 0.5, Sum: 0.5]
         [Processed Buffers: Min: 0, Avg: 2.0, Max: 4, Diff: 4, Sum: 4]
      [Scan RS (ms): Min: 0.0, Avg: 0.0, Max: 0.1, Diff: 0.1, Sum: 0.1]
      [Code Root Scanning (ms): Min: 0.0, Avg: 0.1, Max: 0.2, Diff: 0.2, Sum: 0.2]
      [Object Copy (ms): Min: 0.1, Avg: 1.0, Max: 1.9, Diff: 1.8, Sum: 1.9]
      [Termination (ms): Min: 0.0, Avg: 0.1, Max: 0.2, Diff: 0.2, Sum: 0.2]
         [Termination Attempts: Min: 1, Avg: 1.0, Max: 1, Diff: 0, Sum: 2]
      [GC Worker Other (ms): Min: 0.0, Avg: 0.0, Max: 0.0, Diff: 0.0, Sum: 0.1]
      [GC Worker Total (ms): Min: 3.4, Avg: 4.7, Max: 6.1, Diff: 2.6, Sum: 9.5]
      [GC Worker End (ms): Min: 126686114.1, Avg: 126686114.1, Max: 126686114.1, Diff: 0.0]
   [Code Root Fixup: 0.0 ms]
   [Code Root Purge: 0.0 ms]
   [Clear CT: 1.8 ms]
   [Other: 4.7 ms]
      [Choose CSet: 0.0 ms]
      [Ref Proc: 2.0 ms]
      [Ref Enq: 0.0 ms]
      [Redirty Cards: 1.0 ms]
      [Humongous Register: 1.0 ms]
      [Humongous Reclaim: 0.0 ms]
      [Free CSet: 0.2 ms]
   [Eden: 24.0M(24.0M)->0.0B(32.0M) Survivors: 1024.0K->1024.0K Heap: 27.7M(512.0M)->3874.5K(512.0M)]
 [Times: user=0.01 sys=0.00, real=0.03 secs] 
2018-06-13T05:54:49.678+0800: 132317.245: [GC pause (G1 Evacuation Pause) (young), 0.0125421 secs]
   [Parallel Time: 6.4 ms, GC Workers: 2]
      [GC Worker Start (ms): Min: 132317247.1, Avg: 132317248.5, Max: 132317250.0, Diff: 3.0]
      [Ext Root Scanning (ms): Min: 0.0, Avg: 1.2, Max: 2.3, Diff: 2.3, Sum: 2.4]
      [Update RS (ms): Min: 0.0, Avg: 1.1, Max: 2.2, Diff: 2.2, Sum: 2.2]
         [Processed Buffers: Min: 1, Avg: 1.5, Max: 2, Diff: 1, Sum: 3]
      [Scan RS (ms): Min: 0.0, Avg: 0.0, Max: 0.1, Diff: 0.1, Sum: 0.1]
      [Code Root Scanning (ms): Min: 0.0, Avg: 0.1, Max: 0.2, Diff: 0.2, Sum: 0.2]
      [Object Copy (ms): Min: 0.3, Avg: 0.6, Max: 0.9, Diff: 0.6, Sum: 1.2]
      [Termination (ms): Min: 0.0, Avg: 0.3, Max: 0.6, Diff: 0.6, Sum: 0.6]
         [Termination Attempts: Min: 1, Avg: 1.0, Max: 1, Diff: 0, Sum: 2]
      [GC Worker Other (ms): Min: 0.0, Avg: 0.0, Max: 0.0, Diff: 0.0, Sum: 0.1]
      [GC Worker Total (ms): Min: 1.9, Avg: 3.4, Max: 4.9, Diff: 3.0, Sum: 6.7]
      [GC Worker End (ms): Min: 132317251.9, Avg: 132317251.9, Max: 132317251.9, Diff: 0.0]
   [Code Root Fixup: 0.0 ms]
   [Code Root Purge: 0.0 ms]
   [Clear CT: 1.9 ms]
   [Other: 4.2 ms]
      [Choose CSet: 0.0 ms]
      [Ref Proc: 1.7 ms]
      [Ref Enq: 0.0 ms]
      [Redirty Cards: 1.0 ms]
      [Humongous Register: 0.9 ms]
      [Humongous Reclaim: 0.0 ms]
      [Free CSet: 0.2 ms]
   [Eden: 32.0M(32.0M)->0.0B(56.0M) Survivors: 1024.0K->1024.0K Heap: 35.8M(512.0M)->3780.8K(512.0M)]
 [Times: user=0.00 sys=0.00, real=0.01 secs] 
2018-06-13T08:38:42.858+0800: 142150.425: [GC pause (G1 Evacuation Pause) (young), 0.0098207 secs]
   [Parallel Time: 5.4 ms, GC Workers: 2]
      [GC Worker Start (ms): Min: 142150426.1, Avg: 142150427.5, Max: 142150428.9, Diff: 2.9]
      [Ext Root Scanning (ms): Min: 0.0, Avg: 1.2, Max: 2.4, Diff: 2.3, Sum: 2.4]
      [Update RS (ms): Min: 0.2, Avg: 1.1, Max: 1.9, Diff: 1.7, Sum: 2.1]
         [Processed Buffers: Min: 1, Avg: 2.5, Max: 4, Diff: 3, Sum: 5]
      [Scan RS (ms): Min: 0.0, Avg: 0.1, Max: 0.1, Diff: 0.1, Sum: 0.1]
      [Code Root Scanning (ms): Min: 0.0, Avg: 0.1, Max: 0.2, Diff: 0.2, Sum: 0.2]
      [Object Copy (ms): Min: 0.1, Avg: 0.4, Max: 0.7, Diff: 0.6, Sum: 0.8]
      [Termination (ms): Min: 0.0, Avg: 0.2, Max: 0.4, Diff: 0.3, Sum: 0.4]
         [Termination Attempts: Min: 1, Avg: 1.0, Max: 1, Diff: 0, Sum: 2]
      [GC Worker Other (ms): Min: 0.0, Avg: 0.0, Max: 0.0, Diff: 0.0, Sum: 0.1]
      [GC Worker Total (ms): Min: 1.7, Avg: 3.1, Max: 4.4, Diff: 2.7, Sum: 6.1]
      [GC Worker End (ms): Min: 142150430.5, Avg: 142150430.6, Max: 142150430.6, Diff: 0.1]
   [Code Root Fixup: 0.0 ms]
   [Code Root Purge: 0.0 ms]
   [Clear CT: 1.5 ms]
   [Other: 3.0 ms]
      [Choose CSet: 0.0 ms]
      [Ref Proc: 0.5 ms]
      [Ref Enq: 0.0 ms]
      [Redirty Cards: 1.0 ms]
      [Humongous Register: 0.8 ms]
      [Humongous Reclaim: 0.0 ms]
      [Free CSet: 0.3 ms]
   [Eden: 56.0M(56.0M)->0.0B(99.0M) Survivors: 1024.0K->1024.0K Heap: 59.7M(512.0M)->3872.1K(512.0M)]
 [Times: user=0.01 sys=0.00, real=0.01 secs] 
2018-06-13T13:29:02.166+0800: 159569.732: [GC pause (G1 Evacuation Pause) (young), 0.1058827 secs]
   [Parallel Time: 2.8 ms, GC Workers: 2]
      [GC Worker Start (ms): Min: 159569733.5, Avg: 159569733.8, Max: 159569734.0, Diff: 0.6]
      [Ext Root Scanning (ms): Min: 1.2, Avg: 1.5, Max: 1.8, Diff: 0.6, Sum: 3.0]
      [Update RS (ms): Min: 0.1, Avg: 0.2, Max: 0.4, Diff: 0.3, Sum: 0.5]
         [Processed Buffers: Min: 1, Avg: 2.0, Max: 3, Diff: 2, Sum: 4]
      [Scan RS (ms): Min: 0.0, Avg: 0.1, Max: 0.2, Diff: 0.2, Sum: 0.2]
      [Code Root Scanning (ms): Min: 0.0, Avg: 0.1, Max: 0.1, Diff: 0.1, Sum: 0.1]
      [Object Copy (ms): Min: 0.3, Avg: 0.4, Max: 0.4, Diff: 0.1, Sum: 0.8]
      [Termination (ms): Min: 0.0, Avg: 0.0, Max: 0.0, Diff: 0.0, Sum: 0.0]
         [Termination Attempts: Min: 1, Avg: 1.0, Max: 1, Diff: 0, Sum: 2]
      [GC Worker Other (ms): Min: 0.0, Avg: 0.0, Max: 0.0, Diff: 0.0, Sum: 0.1]
      [GC Worker Total (ms): Min: 2.1, Avg: 2.4, Max: 2.7, Diff: 0.6, Sum: 4.7]
      [GC Worker End (ms): Min: 159569736.1, Avg: 159569736.1, Max: 159569736.1, Diff: 0.0]
   [Code Root Fixup: 0.0 ms]
   [Code Root Purge: 0.0 ms]
   [Clear CT: 0.5 ms]
   [Other: 102.7 ms]
      [Choose CSet: 0.0 ms]
      [Ref Proc: 0.2 ms]
      [Ref Enq: 0.0 ms]
      [Redirty Cards: 0.0 ms]
      [Humongous Register: 0.8 ms]
      [Humongous Reclaim: 0.0 ms]
      [Free CSet: 101.3 ms]
   [Eden: 99.0M(99.0M)->0.0B(24.0M) Survivors: 1024.0K->1024.0K Heap: 102.8M(512.0M)->3793.3K(512.0M)]
 [Times: user=0.01 sys=0.00, real=0.10 secs] 
2018-06-13T14:39:27.795+0800: 163795.362: [GC pause (G1 Evacuation Pause) (young), 0.0073163 secs]
   [Parallel Time: 5.3 ms, GC Workers: 2]
      [GC Worker Start (ms): Min: 163795363.2, Avg: 163795363.6, Max: 163795364.0, Diff: 0.8]
      [Ext Root Scanning (ms): Min: 2.6, Avg: 2.9, Max: 3.1, Diff: 0.5, Sum: 5.7]
      [Update RS (ms): Min: 0.0, Avg: 0.2, Max: 0.4, Diff: 0.4, Sum: 0.4]
         [Processed Buffers: Min: 0, Avg: 2.0, Max: 4, Diff: 4, Sum: 4]
      [Scan RS (ms): Min: 0.0, Avg: 0.0, Max: 0.1, Diff: 0.1, Sum: 0.1]
      [Code Root Scanning (ms): Min: 0.0, Avg: 0.0, Max: 0.0, Diff: 0.0, Sum: 0.0]
      [Object Copy (ms): Min: 0.1, Avg: 0.4, Max: 0.6, Diff: 0.5, Sum: 0.8]
      [Termination (ms): Min: 0.0, Avg: 0.1, Max: 0.3, Diff: 0.3, Sum: 0.3]
         [Termination Attempts: Min: 1, Avg: 1.0, Max: 1, Diff: 0, Sum: 2]
      [GC Worker Other (ms): Min: 0.0, Avg: 0.0, Max: 0.0, Diff: 0.0, Sum: 0.1]
      [GC Worker Total (ms): Min: 3.2, Avg: 3.6, Max: 4.1, Diff: 0.8, Sum: 7.3]
      [GC Worker End (ms): Min: 163795367.2, Avg: 163795367.2, Max: 163795367.2, Diff: 0.0]
   [Code Root Fixup: 0.0 ms]
   [Code Root Purge: 0.0 ms]
   [Clear CT: 0.1 ms]
   [Other: 1.9 ms]
      [Choose CSet: 0.0 ms]
      [Ref Proc: 0.3 ms]
      [Ref Enq: 0.0 ms]
      [Redirty Cards: 0.0 ms]
      [Humongous Register: 0.9 ms]
      [Humongous Reclaim: 0.0 ms]
      [Free CSet: 0.2 ms]
   [Eden: 24.0M(24.0M)->0.0B(24.0M) Survivors: 1024.0K->1024.0K Heap: 27.7M(512.0M)->3886.6K(512.0M)]
 [Times: user=0.01 sys=0.00, real=0.01 secs] 
2018-06-13T15:49:47.959+0800: 168015.526: [GC pause (G1 Evacuation Pause) (young), 0.0093974 secs]
   [Parallel Time: 5.2 ms, GC Workers: 2]
      [GC Worker Start (ms): Min: 168015527.4, Avg: 168015528.7, Max: 168015530.0, Diff: 2.6]
      [Ext Root Scanning (ms): Min: 0.0, Avg: 1.2, Max: 2.4, Diff: 2.3, Sum: 2.4]
      [Update RS (ms): Min: 0.1, Avg: 0.4, Max: 0.8, Diff: 0.7, Sum: 0.9]
         [Processed Buffers: Min: 1, Avg: 1.5, Max: 2, Diff: 1, Sum: 3]
      [Scan RS (ms): Min: 0.0, Avg: 0.0, Max: 0.1, Diff: 0.1, Sum: 0.1]
      [Code Root Scanning (ms): Min: 0.0, Avg: 0.0, Max: 0.0, Diff: 0.0, Sum: 0.0]
      [Object Copy (ms): Min: 0.0, Avg: 0.4, Max: 0.7, Diff: 0.7, Sum: 0.8]
      [Termination (ms): Min: 0.0, Avg: 0.9, Max: 1.9, Diff: 1.9, Sum: 1.9]
         [Termination Attempts: Min: 1, Avg: 1.0, Max: 1, Diff: 0, Sum: 2]
      [GC Worker Other (ms): Min: 0.0, Avg: 0.0, Max: 0.0, Diff: 0.0, Sum: 0.1]
      [GC Worker Total (ms): Min: 2.2, Avg: 3.1, Max: 4.0, Diff: 1.8, Sum: 6.1]
      [GC Worker End (ms): Min: 168015531.3, Avg: 168015531.7, Max: 168015532.2, Diff: 0.8]
   [Code Root Fixup: 0.0 ms]
   [Code Root Purge: 0.0 ms]
   [Clear CT: 1.7 ms]
   [Other: 2.5 ms]
      [Choose CSet: 0.0 ms]
      [Ref Proc: 0.8 ms]
      [Ref Enq: 0.0 ms]
      [Redirty Cards: 0.1 ms]
      [Humongous Register: 1.0 ms]
      [Humongous Reclaim: 0.0 ms]
      [Free CSet: 0.2 ms]
   [Eden: 24.0M(24.0M)->0.0B(29.0M) Survivors: 1024.0K->1024.0K Heap: 27.8M(512.0M)->3828.8K(512.0M)]
 [Times: user=0.01 sys=0.00, real=0.01 secs] 
2018-06-13T17:14:27.153+0800: 173094.720: [GC pause (G1 Evacuation Pause) (young), 0.0101804 secs]
   [Parallel Time: 5.5 ms, GC Workers: 2]
      [GC Worker Start (ms): Min: 173094720.6, Avg: 173094721.9, Max: 173094723.2, Diff: 2.5]
      [Ext Root Scanning (ms): Min: 0.0, Avg: 2.2, Max: 4.4, Diff: 4.3, Sum: 4.4]
      [Update RS (ms): Min: 0.0, Avg: 0.2, Max: 0.4, Diff: 0.4, Sum: 0.4]
         [Processed Buffers: Min: 0, Avg: 2.0, Max: 4, Diff: 4, Sum: 4]
      [Scan RS (ms): Min: 0.0, Avg: 0.0, Max: 0.1, Diff: 0.1, Sum: 0.1]
      [Code Root Scanning (ms): Min: 0.0, Avg: 0.0, Max: 0.0, Diff: 0.0, Sum: 0.0]
      [Object Copy (ms): Min: 0.1, Avg: 0.5, Max: 0.8, Diff: 0.7, Sum: 0.9]
      [Termination (ms): Min: 0.0, Avg: 0.3, Max: 0.7, Diff: 0.7, Sum: 0.7]
         [Termination Attempts: Min: 1, Avg: 1.0, Max: 1, Diff: 0, Sum: 2]
      [GC Worker Other (ms): Min: 0.0, Avg: 0.0, Max: 0.0, Diff: 0.0, Sum: 0.1]
      [GC Worker Total (ms): Min: 2.1, Avg: 3.3, Max: 4.6, Diff: 2.5, Sum: 6.6]
      [GC Worker End (ms): Min: 173094725.2, Avg: 173094725.2, Max: 173094725.2, Diff: 0.0]
   [Code Root Fixup: 0.0 ms]
   [Code Root Purge: 0.0 ms]
   [Clear CT: 1.9 ms]
   [Other: 2.8 ms]
      [Choose CSet: 0.0 ms]
      [Ref Proc: 1.4 ms]
      [Ref Enq: 0.0 ms]
      [Redirty Cards: 0.0 ms]
      [Humongous Register: 0.9 ms]
      [Humongous Reclaim: 0.0 ms]
      [Free CSet: 0.1 ms]
   [Eden: 29.0M(29.0M)->0.0B(38.0M) Survivors: 1024.0K->1024.0K Heap: 32.7M(512.0M)->3898.1K(512.0M)]
 [Times: user=0.01 sys=0.00, real=0.01 secs] 
2018-06-13T19:06:25.931+0800: 179813.498: [GC pause (G1 Evacuation Pause) (young), 0.0085226 secs]
   [Parallel Time: 6.3 ms, GC Workers: 2]
      [GC Worker Start (ms): Min: 179813499.0, Avg: 179813501.0, Max: 179813503.0, Diff: 4.1]
      [Ext Root Scanning (ms): Min: 0.0, Avg: 1.3, Max: 2.5, Diff: 2.4, Sum: 2.5]
      [Update RS (ms): Min: 0.0, Avg: 0.4, Max: 0.8, Diff: 0.8, Sum: 0.8]
         [Processed Buffers: Min: 0, Avg: 3.0, Max: 6, Diff: 6, Sum: 6]
      [Scan RS (ms): Min: 0.0, Avg: 0.1, Max: 0.1, Diff: 0.1, Sum: 0.1]
      [Code Root Scanning (ms): Min: 0.0, Avg: 0.0, Max: 0.1, Diff: 0.1, Sum: 0.1]
      [Object Copy (ms): Min: 0.2, Avg: 1.5, Max: 2.7, Diff: 2.5, Sum: 3.0]
      [Termination (ms): Min: 0.0, Avg: 0.9, Max: 1.9, Diff: 1.9, Sum: 1.9]
         [Termination Attempts: Min: 1, Avg: 1.0, Max: 1, Diff: 0, Sum: 2]
      [GC Worker Other (ms): Min: 0.0, Avg: 0.0, Max: 0.0, Diff: 0.0, Sum: 0.1]
      [GC Worker Total (ms): Min: 2.2, Avg: 4.2, Max: 6.2, Diff: 4.0, Sum: 8.4]
      [GC Worker End (ms): Min: 179813505.2, Avg: 179813505.2, Max: 179813505.2, Diff: 0.0]
   [Code Root Fixup: 0.0 ms]
   [Code Root Purge: 0.0 ms]
   [Clear CT: 0.2 ms]
   [Other: 2.0 ms]
      [Choose CSet: 0.0 ms]
      [Ref Proc: 0.2 ms]
      [Ref Enq: 0.0 ms]
      [Redirty Cards: 0.0 ms]
      [Humongous Register: 1.0 ms]
      [Humongous Reclaim: 0.0 ms]
      [Free CSet: 0.2 ms]
   [Eden: 38.0M(38.0M)->0.0B(53.0M) Survivors: 1024.0K->1024.0K Heap: 41.8M(512.0M)->3848.6K(512.0M)]
 [Times: user=0.01 sys=0.00, real=0.01 secs] 
2018-06-13T21:53:59.495+0800: 189867.061: [GC pause (G1 Evacuation Pause) (young), 0.0064333 secs]
   [Parallel Time: 4.0 ms, GC Workers: 2]
      [GC Worker Start (ms): Min: 189867062.4, Avg: 189867063.7, Max: 189867065.1, Diff: 2.6]
      [Ext Root Scanning (ms): Min: 0.0, Avg: 1.2, Max: 2.4, Diff: 2.4, Sum: 2.5]
      [Update RS (ms): Min: 0.1, Avg: 0.6, Max: 1.2, Diff: 1.0, Sum: 1.3]
         [Processed Buffers: Min: 1, Avg: 2.5, Max: 4, Diff: 3, Sum: 5]
      [Scan RS (ms): Min: 0.0, Avg: 0.1, Max: 0.1, Diff: 0.1, Sum: 0.1]
      [Code Root Scanning (ms): Min: 0.0, Avg: 0.0, Max: 0.1, Diff: 0.1, Sum: 0.1]
      [Object Copy (ms): Min: 0.2, Avg: 0.2, Max: 0.3, Diff: 0.0, Sum: 0.5]
      [Termination (ms): Min: 0.0, Avg: 0.3, Max: 0.7, Diff: 0.7, Sum: 0.7]
         [Termination Attempts: Min: 1, Avg: 1.0, Max: 1, Diff: 0, Sum: 2]
      [GC Worker Other (ms): Min: 0.0, Avg: 0.0, Max: 0.0, Diff: 0.0, Sum: 0.1]
      [GC Worker Total (ms): Min: 1.3, Avg: 2.6, Max: 3.9, Diff: 2.6, Sum: 5.2]
      [GC Worker End (ms): Min: 189867066.3, Avg: 189867066.3, Max: 189867066.3, Diff: 0.0]
   [Code Root Fixup: 0.0 ms]
   [Code Root Purge: 0.0 ms]
   [Clear CT: 0.2 ms]
   [Other: 2.2 ms]
      [Choose CSet: 0.0 ms]
      [Ref Proc: 0.7 ms]
      [Ref Enq: 0.0 ms]
      [Redirty Cards: 0.0 ms]
      [Humongous Register: 0.8 ms]
      [Humongous Reclaim: 0.0 ms]
      [Free CSet: 0.3 ms]
   [Eden: 53.0M(53.0M)->0.0B(74.0M) Survivors: 1024.0K->1024.0K Heap: 56.8M(512.0M)->3863.3K(512.0M)]
 [Times: user=0.00 sys=0.00, real=0.01 secs] 
2018-06-14T01:47:55.747+0800: 203903.314: [GC pause (G1 Evacuation Pause) (young), 0.0055366 secs]
   [Parallel Time: 3.7 ms, GC Workers: 2]
      [GC Worker Start (ms): Min: 203903314.6, Avg: 203903315.8, Max: 203903317.0, Diff: 2.5]
      [Ext Root Scanning (ms): Min: 0.0, Avg: 1.8, Max: 3.5, Diff: 3.4, Sum: 3.5]
      [Update RS (ms): Min: 0.0, Avg: 0.2, Max: 0.4, Diff: 0.4, Sum: 0.4]
         [Processed Buffers: Min: 0, Avg: 2.0, Max: 4, Diff: 4, Sum: 4]
      [Scan RS (ms): Min: 0.0, Avg: 0.1, Max: 0.2, Diff: 0.2, Sum: 0.2]
      [Code Root Scanning (ms): Min: 0.0, Avg: 0.1, Max: 0.1, Diff: 0.1, Sum: 0.1]
      [Object Copy (ms): Min: 0.1, Avg: 0.1, Max: 0.2, Diff: 0.1, Sum: 0.2]
      [Termination (ms): Min: 0.0, Avg: 0.1, Max: 0.2, Diff: 0.2, Sum: 0.2]
         [Termination Attempts: Min: 1, Avg: 1.0, Max: 1, Diff: 0, Sum: 2]
      [GC Worker Other (ms): Min: 0.0, Avg: 0.0, Max: 0.0, Diff: 0.0, Sum: 0.1]
      [GC Worker Total (ms): Min: 1.1, Avg: 2.4, Max: 3.6, Diff: 2.5, Sum: 4.7]
      [GC Worker End (ms): Min: 203903318.2, Avg: 203903318.2, Max: 203903318.2, Diff: 0.0]
   [Code Root Fixup: 0.0 ms]
   [Code Root Purge: 0.0 ms]
   [Clear CT: 0.2 ms]
   [Other: 1.7 ms]
      [Choose CSet: 0.0 ms]
      [Ref Proc: 0.2 ms]
      [Ref Enq: 0.0 ms]
      [Redirty Cards: 0.0 ms]
      [Humongous Register: 0.8 ms]
      [Humongous Reclaim: 0.0 ms]
      [Free CSet: 0.2 ms]
   [Eden: 74.0M(74.0M)->0.0B(100.0M) Survivors: 1024.0K->1024.0K Heap: 77.8M(512.0M)->3846.1K(512.0M)]
 [Times: user=0.00 sys=0.00, real=0.00 secs] 
2018-06-14T07:04:55.061+0800: 222922.628: [GC pause (G1 Evacuation Pause) (young), 0.0129926 secs]
   [Parallel Time: 4.5 ms, GC Workers: 2]
      [GC Worker Start (ms): Min: 222922628.6, Avg: 222922629.9, Max: 222922631.2, Diff: 2.5]
      [Ext Root Scanning (ms): Min: 0.2, Avg: 2.0, Max: 3.8, Diff: 3.7, Sum: 4.0]
      [Update RS (ms): Min: 0.0, Avg: 0.2, Max: 0.3, Diff: 0.3, Sum: 0.3]
         [Processed Buffers: Min: 0, Avg: 1.5, Max: 3, Diff: 3, Sum: 3]
      [Scan RS (ms): Min: 0.0, Avg: 0.1, Max: 0.3, Diff: 0.2, Sum: 0.3]
      [Code Root Scanning (ms): Min: 0.0, Avg: 0.1, Max: 0.2, Diff: 0.2, Sum: 0.2]
      [Object Copy (ms): Min: 0.1, Avg: 0.1, Max: 0.2, Diff: 0.2, Sum: 0.3]
      [Termination (ms): Min: 0.0, Avg: 0.1, Max: 0.3, Diff: 0.3, Sum: 0.3]
         [Termination Attempts: Min: 1, Avg: 1.0, Max: 1, Diff: 0, Sum: 2]
      [GC Worker Other (ms): Min: 0.0, Avg: 0.0, Max: 0.0, Diff: 0.0, Sum: 0.1]
      [GC Worker Total (ms): Min: 1.4, Avg: 2.7, Max: 4.0, Diff: 2.5, Sum: 5.4]
      [GC Worker End (ms): Min: 222922632.6, Avg: 222922632.6, Max: 222922632.6, Diff: 0.0]
   [Code Root Fixup: 0.0 ms]
   [Code Root Purge: 0.0 ms]
   [Clear CT: 0.8 ms]
   [Other: 7.7 ms]
      [Choose CSet: 0.0 ms]
      [Ref Proc: 5.4 ms]
      [Ref Enq: 0.0 ms]
      [Redirty Cards: 0.4 ms]
      [Humongous Register: 0.8 ms]
      [Humongous Reclaim: 0.0 ms]
      [Free CSet: 0.7 ms]
   [Eden: 100.0M(100.0M)->0.0B(106.0M) Survivors: 1024.0K->1024.0K Heap: 103.8M(512.0M)->3867.3K(512.0M)]
 [Times: user=0.01 sys=0.00, real=0.01 secs] 
2018-06-14T12:37:03.013+0800: 242850.580: [GC pause (G1 Evacuation Pause) (young), 0.0112569 secs]
   [Parallel Time: 4.8 ms, GC Workers: 2]
      [GC Worker Start (ms): Min: 242850581.5, Avg: 242850582.8, Max: 242850584.0, Diff: 2.6]
      [Ext Root Scanning (ms): Min: 0.0, Avg: 1.2, Max: 2.4, Diff: 2.4, Sum: 2.5]
      [Update RS (ms): Min: 0.0, Avg: 0.3, Max: 0.6, Diff: 0.6, Sum: 0.6]
         [Processed Buffers: Min: 0, Avg: 3.5, Max: 7, Diff: 7, Sum: 7]
      [Scan RS (ms): Min: 0.0, Avg: 0.1, Max: 0.2, Diff: 0.2, Sum: 0.2]
      [Code Root Scanning (ms): Min: 0.0, Avg: 0.1, Max: 0.2, Diff: 0.2, Sum: 0.2]
      [Object Copy (ms): Min: 0.1, Avg: 0.3, Max: 0.4, Diff: 0.3, Sum: 0.5]
      [Termination (ms): Min: 0.0, Avg: 0.3, Max: 0.5, Diff: 0.5, Sum: 0.5]
         [Termination Attempts: Min: 1, Avg: 1.0, Max: 1, Diff: 0, Sum: 2]
      [GC Worker Other (ms): Min: 0.0, Avg: 1.0, Max: 2.1, Diff: 2.0, Sum: 2.1]
      [GC Worker Total (ms): Min: 2.0, Avg: 3.3, Max: 4.6, Diff: 2.6, Sum: 6.6]
      [GC Worker End (ms): Min: 242850586.1, Avg: 242850586.1, Max: 242850586.1, Diff: 0.0]
   [Code Root Fixup: 0.0 ms]
   [Code Root Purge: 0.0 ms]
   [Clear CT: 2.5 ms]
   [Other: 4.0 ms]
      [Choose CSet: 0.0 ms]
      [Ref Proc: 1.5 ms]
      [Ref Enq: 0.0 ms]
      [Redirty Cards: 0.1 ms]
      [Humongous Register: 1.1 ms]
      [Humongous Reclaim: 0.0 ms]
      [Free CSet: 0.9 ms]
   [Eden: 106.0M(106.0M)->0.0B(125.0M) Survivors: 1024.0K->1024.0K Heap: 109.8M(512.0M)->3904.0K(512.0M)]
 [Times: user=0.01 sys=0.00, real=0.02 secs] 
2018-06-14T21:29:00.001+0800: 274767.568: [GC pause (G1 Evacuation Pause) (young), 0.3596207 secs]
   [Parallel Time: 230.7 ms, GC Workers: 2]
      [GC Worker Start (ms): Min: 274767569.1, Avg: 274767569.4, Max: 274767569.6, Diff: 0.5]
      [Ext Root Scanning (ms): Min: 147.3, Avg: 187.7, Max: 228.1, Diff: 80.8, Sum: 375.5]
      [Update RS (ms): Min: 0.0, Avg: 39.3, Max: 78.6, Diff: 78.6, Sum: 78.6]
         [Processed Buffers: Min: 0, Avg: 4.0, Max: 8, Diff: 8, Sum: 8]
      [Scan RS (ms): Min: 0.0, Avg: 0.3, Max: 0.5, Diff: 0.5, Sum: 0.5]
      [Code Root Scanning (ms): Min: 0.0, Avg: 0.1, Max: 0.3, Diff: 0.3, Sum: 0.3]
      [Object Copy (ms): Min: 2.3, Avg: 2.6, Max: 3.0, Diff: 0.8, Sum: 5.3]
      [Termination (ms): Min: 0.0, Avg: 0.1, Max: 0.3, Diff: 0.3, Sum: 0.3]
         [Termination Attempts: Min: 1, Avg: 1.0, Max: 1, Diff: 0, Sum: 2]
      [GC Worker Other (ms): Min: 0.1, Avg: 0.1, Max: 0.1, Diff: 0.0, Sum: 0.1]
      [GC Worker Total (ms): Min: 230.0, Avg: 230.2, Max: 230.5, Diff: 0.5, Sum: 460.5]
      [GC Worker End (ms): Min: 274767799.5, Avg: 274767799.6, Max: 274767799.6, Diff: 0.1]
   [Code Root Fixup: 0.0 ms]
   [Code Root Purge: 0.0 ms]
   [Clear CT: 0.7 ms]
   [Other: 128.1 ms]
      [Choose CSet: 0.0 ms]
      [Ref Proc: 0.4 ms]
      [Ref Enq: 0.0 ms]
      [Redirty Cards: 0.1 ms]
      [Humongous Register: 0.8 ms]
      [Humongous Reclaim: 0.0 ms]
      [Free CSet: 125.7 ms]
   [Eden: 125.0M(125.0M)->0.0B(24.0M) Survivors: 1024.0K->1024.0K Heap: 128.8M(512.0M)->4162.9K(512.0M)]
 [Times: user=0.01 sys=0.00, real=0.44 secs] 
2018-06-14T22:43:41.458+0800: 279249.025: [GC pause (G1 Evacuation Pause) (young), 0.0048580 secs]
   [Parallel Time: 3.0 ms, GC Workers: 2]
      [GC Worker Start (ms): Min: 279249026.0, Avg: 279249026.1, Max: 279249026.2, Diff: 0.1]
      [Ext Root Scanning (ms): Min: 1.6, Avg: 1.7, Max: 1.8, Diff: 0.2, Sum: 3.4]
      [Update RS (ms): Min: 0.3, Avg: 0.4, Max: 0.4, Diff: 0.1, Sum: 0.8]
         [Processed Buffers: Min: 1, Avg: 2.5, Max: 4, Diff: 3, Sum: 5]
      [Scan RS (ms): Min: 0.0, Avg: 0.0, Max: 0.1, Diff: 0.1, Sum: 0.1]
      [Code Root Scanning (ms): Min: 0.0, Avg: 0.1, Max: 0.1, Diff: 0.1, Sum: 0.1]
      [Object Copy (ms): Min: 0.5, Avg: 0.6, Max: 0.7, Diff: 0.1, Sum: 1.2]
      [Termination (ms): Min: 0.0, Avg: 0.0, Max: 0.0, Diff: 0.0, Sum: 0.0]
         [Termination Attempts: Min: 1, Avg: 1.0, Max: 1, Diff: 0, Sum: 2]
      [GC Worker Other (ms): Min: 0.1, Avg: 0.1, Max: 0.1, Diff: 0.0, Sum: 0.1]
      [GC Worker Total (ms): Min: 2.7, Avg: 2.8, Max: 2.9, Diff: 0.1, Sum: 5.6]
      [GC Worker End (ms): Min: 279249028.9, Avg: 279249028.9, Max: 279249028.9, Diff: 0.0]
   [Code Root Fixup: 0.0 ms]
   [Code Root Purge: 0.0 ms]
   [Clear CT: 0.1 ms]
   [Other: 1.7 ms]
      [Choose CSet: 0.0 ms]
      [Ref Proc: 0.1 ms]
      [Ref Enq: 0.0 ms]
      [Redirty Cards: 0.1 ms]
      [Humongous Register: 0.9 ms]
      [Humongous Reclaim: 0.0 ms]
      [Free CSet: 0.3 ms]
   [Eden: 24.0M(24.0M)->0.0B(24.0M) Survivors: 1024.0K->1024.0K Heap: 28.1M(512.0M)->4288.0K(512.0M)]
 [Times: user=0.01 sys=0.00, real=0.14 secs] 
2018-06-14T23:58:36.173+0800: 283743.740: [GC pause (G1 Evacuation Pause) (young), 0.0309117 secs]
   [Parallel Time: 24.4 ms, GC Workers: 2]
      [GC Worker Start (ms): Min: 283743741.4, Avg: 283743741.6, Max: 283743741.9, Diff: 0.5]
      [Ext Root Scanning (ms): Min: 1.4, Avg: 1.7, Max: 2.0, Diff: 0.6, Sum: 3.4]
      [Update RS (ms): Min: 0.3, Avg: 0.4, Max: 0.5, Diff: 0.2, Sum: 0.8]
         [Processed Buffers: Min: 1, Avg: 2.0, Max: 3, Diff: 2, Sum: 4]
      [Scan RS (ms): Min: 0.0, Avg: 0.0, Max: 0.0, Diff: 0.0, Sum: 0.1]
      [Code Root Scanning (ms): Min: 0.0, Avg: 10.9, Max: 21.8, Diff: 21.8, Sum: 21.8]
      [Object Copy (ms): Min: 0.1, Avg: 1.3, Max: 2.5, Diff: 2.4, Sum: 2.6]
      [Termination (ms): Min: 0.0, Avg: 9.6, Max: 19.1, Diff: 19.1, Sum: 19.1]
         [Termination Attempts: Min: 1, Avg: 1.0, Max: 1, Diff: 0, Sum: 2]
      [GC Worker Other (ms): Min: 0.0, Avg: 0.1, Max: 0.1, Diff: 0.0, Sum: 0.1]
      [GC Worker Total (ms): Min: 23.7, Avg: 24.0, Max: 24.2, Diff: 0.5, Sum: 47.9]
      [GC Worker End (ms): Min: 283743765.6, Avg: 283743765.6, Max: 283743765.6, Diff: 0.0]
   [Code Root Fixup: 0.0 ms]
   [Code Root Purge: 0.0 ms]
   [Clear CT: 2.0 ms]
   [Other: 4.6 ms]
      [Choose CSet: 0.0 ms]
      [Ref Proc: 2.4 ms]
      [Ref Enq: 0.0 ms]
      [Redirty Cards: 0.0 ms]
      [Humongous Register: 1.3 ms]
      [Humongous Reclaim: 0.0 ms]
      [Free CSet: 0.2 ms]
   [Eden: 24.0M(24.0M)->0.0B(24.0M) Survivors: 1024.0K->1024.0K Heap: 28.2M(512.0M)->4223.1K(512.0M)]
 [Times: user=0.03 sys=0.00, real=0.07 secs] 
2018-06-15T01:13:26.311+0800: 288233.878: [GC pause (G1 Evacuation Pause) (young), 0.0058783 secs]
   [Parallel Time: 3.9 ms, GC Workers: 2]
      [GC Worker Start (ms): Min: 288233879.2, Avg: 288233879.2, Max: 288233879.2, Diff: 0.0]
      [Ext Root Scanning (ms): Min: 2.2, Avg: 2.2, Max: 2.2, Diff: 0.1, Sum: 4.4]
      [Update RS (ms): Min: 0.1, Avg: 0.5, Max: 0.9, Diff: 0.9, Sum: 1.0]
         [Processed Buffers: Min: 1, Avg: 1.5, Max: 2, Diff: 1, Sum: 3]
      [Scan RS (ms): Min: 0.0, Avg: 0.0, Max: 0.1, Diff: 0.1, Sum: 0.1]
      [Code Root Scanning (ms): Min: 0.0, Avg: 0.1, Max: 0.1, Diff: 0.1, Sum: 0.1]
      [Object Copy (ms): Min: 0.5, Avg: 0.9, Max: 1.2, Diff: 0.7, Sum: 1.8]
      [Termination (ms): Min: 0.0, Avg: 0.0, Max: 0.0, Diff: 0.0, Sum: 0.0]
         [Termination Attempts: Min: 1, Avg: 1.0, Max: 1, Diff: 0, Sum: 2]
      [GC Worker Other (ms): Min: 0.1, Avg: 0.1, Max: 0.1, Diff: 0.0, Sum: 0.2]
      [GC Worker Total (ms): Min: 3.7, Avg: 3.7, Max: 3.8, Diff: 0.0, Sum: 7.5]
      [GC Worker End (ms): Min: 288233883.0, Avg: 288233883.0, Max: 288233883.0, Diff: 0.0]
   [Code Root Fixup: 0.0 ms]
   [Code Root Purge: 0.0 ms]
   [Clear CT: 0.1 ms]
   [Other: 1.8 ms]
      [Choose CSet: 0.0 ms]
      [Ref Proc: 0.3 ms]
      [Ref Enq: 0.0 ms]
      [Redirty Cards: 0.0 ms]
      [Humongous Register: 1.0 ms]
      [Humongous Reclaim: 0.0 ms]
      [Free CSet: 0.1 ms]
   [Eden: 24.0M(24.0M)->0.0B(24.0M) Survivors: 1024.0K->1024.0K Heap: 28.1M(512.0M)->4187.4K(512.0M)]
 [Times: user=0.01 sys=0.00, real=0.16 secs] 
2018-06-15T02:28:08.425+0800: 292715.992: [GC pause (G1 Evacuation Pause) (young), 0.0048275 secs]
   [Parallel Time: 3.1 ms, GC Workers: 2]
      [GC Worker Start (ms): Min: 292715993.2, Avg: 292715993.3, Max: 292715993.4, Diff: 0.2]
      [Ext Root Scanning (ms): Min: 1.5, Avg: 1.6, Max: 1.7, Diff: 0.2, Sum: 3.2]
      [Update RS (ms): Min: 0.3, Avg: 0.4, Max: 0.4, Diff: 0.0, Sum: 0.7]
         [Processed Buffers: Min: 1, Avg: 2.0, Max: 3, Diff: 2, Sum: 4]
      [Scan RS (ms): Min: 0.0, Avg: 0.0, Max: 0.0, Diff: 0.0, Sum: 0.1]
      [Code Root Scanning (ms): Min: 0.0, Avg: 0.0, Max: 0.1, Diff: 0.1, Sum: 0.1]
      [Object Copy (ms): Min: 0.6, Avg: 0.7, Max: 0.8, Diff: 0.2, Sum: 1.4]
      [Termination (ms): Min: 0.0, Avg: 0.1, Max: 0.2, Diff: 0.2, Sum: 0.2]
         [Termination Attempts: Min: 1, Avg: 1.0, Max: 1, Diff: 0, Sum: 2]
      [GC Worker Other (ms): Min: 0.0, Avg: 0.0, Max: 0.0, Diff: 0.0, Sum: 0.1]
      [GC Worker Total (ms): Min: 2.8, Avg: 2.9, Max: 3.0, Diff: 0.2, Sum: 5.7]
      [GC Worker End (ms): Min: 292715996.1, Avg: 292715996.1, Max: 292715996.2, Diff: 0.0]
   [Code Root Fixup: 0.0 ms]
   [Code Root Purge: 0.0 ms]
   [Clear CT: 0.1 ms]
   [Other: 1.6 ms]
      [Choose CSet: 0.0 ms]
      [Ref Proc: 0.2 ms]
      [Ref Enq: 0.0 ms]
      [Redirty Cards: 0.1 ms]
      [Humongous Register: 0.8 ms]
      [Humongous Reclaim: 0.0 ms]
      [Free CSet: 0.2 ms]
   [Eden: 24.0M(24.0M)->0.0B(24.0M) Survivors: 1024.0K->1024.0K Heap: 28.1M(512.0M)->4228.2K(512.0M)]
 [Times: user=0.00 sys=0.01, real=0.03 secs] 
2018-06-15T03:42:45.301+0800: 297192.868: [GC pause (G1 Evacuation Pause) (young), 0.0143478 secs]
   [Parallel Time: 12.3 ms, GC Workers: 2]
      [GC Worker Start (ms): Min: 297192868.7, Avg: 297192868.7, Max: 297192868.8, Diff: 0.1]
      [Ext Root Scanning (ms): Min: 2.3, Avg: 7.2, Max: 12.1, Diff: 9.8, Sum: 14.4]
      [Update RS (ms): Min: 0.0, Avg: 0.3, Max: 0.7, Diff: 0.7, Sum: 0.7]
         [Processed Buffers: Min: 0, Avg: 2.0, Max: 4, Diff: 4, Sum: 4]
      [Scan RS (ms): Min: 0.0, Avg: 0.0, Max: 0.1, Diff: 0.0, Sum: 0.1]
      [Code Root Scanning (ms): Min: 0.0, Avg: 0.1, Max: 0.1, Diff: 0.1, Sum: 0.1]
      [Object Copy (ms): Min: 0.0, Avg: 0.7, Max: 1.3, Diff: 1.3, Sum: 1.4]
      [Termination (ms): Min: 0.0, Avg: 3.9, Max: 7.7, Diff: 7.7, Sum: 7.7]
         [Termination Attempts: Min: 1, Avg: 1.5, Max: 2, Diff: 1, Sum: 3]
      [GC Worker Other (ms): Min: 0.1, Avg: 0.1, Max: 0.1, Diff: 0.0, Sum: 0.1]
      [GC Worker Total (ms): Min: 12.2, Avg: 12.2, Max: 12.2, Diff: 0.1, Sum: 24.4]
      [GC Worker End (ms): Min: 297192881.0, Avg: 297192881.0, Max: 297192881.0, Diff: 0.0]
   [Code Root Fixup: 0.0 ms]
   [Code Root Purge: 0.0 ms]
   [Clear CT: 0.1 ms]
   [Other: 1.9 ms]
      [Choose CSet: 0.0 ms]
      [Ref Proc: 0.2 ms]
      [Ref Enq: 0.0 ms]
      [Redirty Cards: 0.2 ms]
      [Humongous Register: 0.9 ms]
      [Humongous Reclaim: 0.0 ms]
      [Free CSet: 0.2 ms]
   [Eden: 24.0M(24.0M)->0.0B(24.0M) Survivors: 1024.0K->1024.0K Heap: 28.1M(512.0M)->4388.7K(512.0M)]
 [Times: user=0.02 sys=0.00, real=0.02 secs] 
2018-06-15T04:57:26.985+0800: 301674.551: [GC pause (G1 Evacuation Pause) (young), 0.0054953 secs]
   [Parallel Time: 3.5 ms, GC Workers: 2]
      [GC Worker Start (ms): Min: 301674552.4, Avg: 301674552.4, Max: 301674552.4, Diff: 0.0]
      [Ext Root Scanning (ms): Min: 1.9, Avg: 1.9, Max: 2.0, Diff: 0.1, Sum: 3.9]
      [Update RS (ms): Min: 0.0, Avg: 0.4, Max: 0.8, Diff: 0.8, Sum: 0.9]
         [Processed Buffers: Min: 1, Avg: 1.5, Max: 2, Diff: 1, Sum: 3]
      [Scan RS (ms): Min: 0.0, Avg: 0.0, Max: 0.1, Diff: 0.1, Sum: 0.1]
      [Code Root Scanning (ms): Min: 0.0, Avg: 0.1, Max: 0.1, Diff: 0.1, Sum: 0.1]
      [Object Copy (ms): Min: 0.6, Avg: 0.9, Max: 1.2, Diff: 0.6, Sum: 1.8]
      [Termination (ms): Min: 0.0, Avg: 0.0, Max: 0.0, Diff: 0.0, Sum: 0.0]
         [Termination Attempts: Min: 1, Avg: 1.0, Max: 1, Diff: 0, Sum: 2]
      [GC Worker Other (ms): Min: 0.0, Avg: 0.0, Max: 0.1, Diff: 0.0, Sum: 0.1]
      [GC Worker Total (ms): Min: 3.4, Avg: 3.4, Max: 3.5, Diff: 0.0, Sum: 6.9]
      [GC Worker End (ms): Min: 301674555.8, Avg: 301674555.8, Max: 301674555.8, Diff: 0.0]
   [Code Root Fixup: 0.0 ms]
   [Code Root Purge: 0.0 ms]
   [Clear CT: 0.2 ms]
   [Other: 1.7 ms]
      [Choose CSet: 0.0 ms]
      [Ref Proc: 0.2 ms]
      [Ref Enq: 0.0 ms]
      [Redirty Cards: 0.1 ms]
      [Humongous Register: 1.0 ms]
      [Humongous Reclaim: 0.0 ms]
      [Free CSet: 0.2 ms]
   [Eden: 24.0M(24.0M)->0.0B(24.0M) Survivors: 1024.0K->1024.0K Heap: 28.3M(512.0M)->4160.7K(512.0M)]
 [Times: user=0.01 sys=0.00, real=0.01 secs] 
2018-06-15T06:12:19.051+0800: 306166.617: [GC pause (G1 Evacuation Pause) (young), 0.0057901 secs]
   [Parallel Time: 3.8 ms, GC Workers: 2]
      [GC Worker Start (ms): Min: 306166618.8, Avg: 306166618.8, Max: 306166618.8, Diff: 0.0]
      [Ext Root Scanning (ms): Min: 1.9, Avg: 1.9, Max: 2.0, Diff: 0.1, Sum: 3.9]
      [Update RS (ms): Min: 0.3, Avg: 0.5, Max: 0.7, Diff: 0.4, Sum: 1.1]
         [Processed Buffers: Min: 1, Avg: 2.0, Max: 3, Diff: 2, Sum: 4]
      [Scan RS (ms): Min: 0.0, Avg: 0.0, Max: 0.1, Diff: 0.1, Sum: 0.1]
      [Code Root Scanning (ms): Min: 0.0, Avg: 0.1, Max: 0.1, Diff: 0.1, Sum: 0.1]
      [Object Copy (ms): Min: 0.9, Avg: 1.0, Max: 1.2, Diff: 0.3, Sum: 2.1]
      [Termination (ms): Min: 0.0, Avg: 0.0, Max: 0.0, Diff: 0.0, Sum: 0.0]
         [Termination Attempts: Min: 1, Avg: 1.0, Max: 1, Diff: 0, Sum: 2]
      [GC Worker Other (ms): Min: 0.0, Avg: 0.1, Max: 0.1, Diff: 0.0, Sum: 0.1]
      [GC Worker Total (ms): Min: 3.7, Avg: 3.7, Max: 3.7, Diff: 0.0, Sum: 7.4]
      [GC Worker End (ms): Min: 306166622.5, Avg: 306166622.5, Max: 306166622.5, Diff: 0.0]
   [Code Root Fixup: 0.0 ms]
   [Code Root Purge: 0.0 ms]
   [Clear CT: 0.2 ms]
   [Other: 1.8 ms]
      [Choose CSet: 0.0 ms]
      [Ref Proc: 0.1 ms]
      [Ref Enq: 0.0 ms]
      [Redirty Cards: 0.1 ms]
      [Humongous Register: 0.9 ms]
      [Humongous Reclaim: 0.0 ms]
      [Free CSet: 0.1 ms]
   [Eden: 24.0M(24.0M)->0.0B(24.0M) Survivors: 1024.0K->1024.0K Heap: 28.1M(512.0M)->4334.2K(512.0M)]
 [Times: user=0.01 sys=0.00, real=0.00 secs] 
2018-06-15T07:27:06.001+0800: 310653.568: [GC pause (G1 Evacuation Pause) (young), 0.0049346 secs]
   [Parallel Time: 3.1 ms, GC Workers: 2]
      [GC Worker Start (ms): Min: 310653568.7, Avg: 310653568.7, Max: 310653568.8, Diff: 0.0]
      [Ext Root Scanning (ms): Min: 1.7, Avg: 1.7, Max: 1.8, Diff: 0.1, Sum: 3.5]
      [Update RS (ms): Min: 0.3, Avg: 0.4, Max: 0.5, Diff: 0.2, Sum: 0.8]
         [Processed Buffers: Min: 1, Avg: 2.0, Max: 3, Diff: 2, Sum: 4]
      [Scan RS (ms): Min: 0.0, Avg: 0.0, Max: 0.0, Diff: 0.0, Sum: 0.1]
      [Code Root Scanning (ms): Min: 0.0, Avg: 0.1, Max: 0.1, Diff: 0.1, Sum: 0.1]
      [Object Copy (ms): Min: 0.7, Avg: 0.7, Max: 0.8, Diff: 0.1, Sum: 1.4]
      [Termination (ms): Min: 0.0, Avg: 0.0, Max: 0.0, Diff: 0.0, Sum: 0.0]
         [Termination Attempts: Min: 1, Avg: 1.0, Max: 1, Diff: 0, Sum: 2]
      [GC Worker Other (ms): Min: 0.0, Avg: 0.0, Max: 0.0, Diff: 0.0, Sum: 0.1]
      [GC Worker Total (ms): Min: 3.0, Avg: 3.0, Max: 3.0, Diff: 0.0, Sum: 6.0]
      [GC Worker End (ms): Min: 310653571.8, Avg: 310653571.8, Max: 310653571.8, Diff: 0.0]
   [Code Root Fixup: 0.0 ms]
   [Code Root Purge: 0.0 ms]
   [Clear CT: 0.1 ms]
   [Other: 1.7 ms]
      [Choose CSet: 0.0 ms]
      [Ref Proc: 0.3 ms]
      [Ref Enq: 0.0 ms]
      [Redirty Cards: 0.0 ms]
      [Humongous Register: 0.9 ms]
      [Humongous Reclaim: 0.0 ms]
      [Free CSet: 0.1 ms]
   [Eden: 24.0M(24.0M)->0.0B(24.0M) Survivors: 1024.0K->1024.0K Heap: 28.2M(512.0M)->4239.1K(512.0M)]
 [Times: user=0.01 sys=0.00, real=0.00 secs] 
2018-06-15T08:42:00.819+0800: 315148.386: [GC pause (G1 Evacuation Pause) (young), 0.0045009 secs]
   [Parallel Time: 2.6 ms, GC Workers: 2]
      [GC Worker Start (ms): Min: 315148387.0, Avg: 315148387.0, Max: 315148387.1, Diff: 0.1]
      [Ext Root Scanning (ms): Min: 1.3, Avg: 1.4, Max: 1.5, Diff: 0.2, Sum: 2.8]
      [Update RS (ms): Min: 0.2, Avg: 0.3, Max: 0.4, Diff: 0.2, Sum: 0.6]
         [Processed Buffers: Min: 1, Avg: 2.0, Max: 3, Diff: 2, Sum: 4]
      [Scan RS (ms): Min: 0.0, Avg: 0.0, Max: 0.1, Diff: 0.1, Sum: 0.1]
      [Code Root Scanning (ms): Min: 0.0, Avg: 0.0, Max: 0.1, Diff: 0.1, Sum: 0.1]
      [Object Copy (ms): Min: 0.6, Avg: 0.6, Max: 0.7, Diff: 0.1, Sum: 1.2]
      [Termination (ms): Min: 0.0, Avg: 0.0, Max: 0.0, Diff: 0.0, Sum: 0.0]
         [Termination Attempts: Min: 1, Avg: 1.0, Max: 1, Diff: 0, Sum: 2]
      [GC Worker Other (ms): Min: 0.1, Avg: 0.1, Max: 0.1, Diff: 0.0, Sum: 0.1]
      [GC Worker Total (ms): Min: 2.4, Avg: 2.5, Max: 2.5, Diff: 0.1, Sum: 5.0]
      [GC Worker End (ms): Min: 315148389.5, Avg: 315148389.5, Max: 315148389.5, Diff: 0.0]
   [Code Root Fixup: 0.0 ms]
   [Code Root Purge: 0.0 ms]
   [Clear CT: 0.1 ms]
   [Other: 1.7 ms]
      [Choose CSet: 0.0 ms]
      [Ref Proc: 0.3 ms]
      [Ref Enq: 0.0 ms]
      [Redirty Cards: 0.0 ms]
      [Humongous Register: 0.9 ms]
      [Humongous Reclaim: 0.0 ms]
      [Free CSet: 0.2 ms]
   [Eden: 24.0M(24.0M)->0.0B(24.0M) Survivors: 1024.0K->1024.0K Heap: 28.1M(512.0M)->4330.1K(512.0M)]
 [Times: user=0.01 sys=0.00, real=0.01 secs] 
2018-06-15T09:56:55.054+0800: 319642.621: [GC pause (G1 Evacuation Pause) (young), 0.0078075 secs]
   [Parallel Time: 5.0 ms, GC Workers: 2]
      [GC Worker Start (ms): Min: 319642622.7, Avg: 319642623.2, Max: 319642623.7, Diff: 1.0]
      [Ext Root Scanning (ms): Min: 1.7, Avg: 2.3, Max: 2.9, Diff: 1.2, Sum: 4.6]
      [Update RS (ms): Min: 0.3, Avg: 0.7, Max: 1.1, Diff: 0.8, Sum: 1.4]
         [Processed Buffers: Min: 1, Avg: 2.0, Max: 3, Diff: 2, Sum: 4]
      [Scan RS (ms): Min: 0.0, Avg: 0.0, Max: 0.1, Diff: 0.1, Sum: 0.1]
      [Code Root Scanning (ms): Min: 0.0, Avg: 0.1, Max: 0.2, Diff: 0.2, Sum: 0.2]
      [Object Copy (ms): Min: 1.0, Avg: 1.1, Max: 1.3, Diff: 0.3, Sum: 2.3]
      [Termination (ms): Min: 0.0, Avg: 0.0, Max: 0.0, Diff: 0.0, Sum: 0.0]
         [Termination Attempts: Min: 1, Avg: 1.0, Max: 1, Diff: 0, Sum: 2]
      [GC Worker Other (ms): Min: 0.1, Avg: 0.1, Max: 0.1, Diff: 0.1, Sum: 0.2]
      [GC Worker Total (ms): Min: 3.9, Avg: 4.4, Max: 4.9, Diff: 1.0, Sum: 8.8]
      [GC Worker End (ms): Min: 319642627.6, Avg: 319642627.6, Max: 319642627.6, Diff: 0.0]
   [Code Root Fixup: 0.0 ms]
   [Code Root Purge: 0.0 ms]
   [Clear CT: 0.2 ms]
   [Other: 2.6 ms]
      [Choose CSet: 0.0 ms]
      [Ref Proc: 0.3 ms]
      [Ref Enq: 0.0 ms]
      [Redirty Cards: 0.1 ms]
      [Humongous Register: 1.5 ms]
      [Humongous Reclaim: 0.0 ms]
      [Free CSet: 0.1 ms]
   [Eden: 24.0M(24.0M)->0.0B(50.0M) Survivors: 1024.0K->1024.0K Heap: 28.2M(512.0M)->4170.2K(512.0M)]
 [Times: user=0.01 sys=0.00, real=0.01 secs] 
2018-06-15T12:32:46.336+0800: 328993.902: [GC pause (G1 Evacuation Pause) (young), 0.0688666 secs]
   [Parallel Time: 5.0 ms, GC Workers: 2]
      [GC Worker Start (ms): Min: 328993904.0, Avg: 328993905.0, Max: 328993906.0, Diff: 2.0]
      [Ext Root Scanning (ms): Min: 1.3, Avg: 2.3, Max: 3.2, Diff: 1.9, Sum: 4.5]
      [Update RS (ms): Min: 0.4, Avg: 0.6, Max: 0.8, Diff: 0.4, Sum: 1.2]
         [Processed Buffers: Min: 1, Avg: 2.0, Max: 3, Diff: 2, Sum: 4]
      [Scan RS (ms): Min: 0.0, Avg: 0.1, Max: 0.1, Diff: 0.1, Sum: 0.1]
      [Code Root Scanning (ms): Min: 0.0, Avg: 0.1, Max: 0.2, Diff: 0.2, Sum: 0.2]
      [Object Copy (ms): Min: 0.6, Avg: 0.7, Max: 0.8, Diff: 0.2, Sum: 1.4]
      [Termination (ms): Min: 0.0, Avg: 0.0, Max: 0.0, Diff: 0.0, Sum: 0.0]
         [Termination Attempts: Min: 1, Avg: 1.0, Max: 1, Diff: 0, Sum: 2]
      [GC Worker Other (ms): Min: 0.1, Avg: 0.1, Max: 0.1, Diff: 0.0, Sum: 0.2]
      [GC Worker Total (ms): Min: 2.8, Avg: 3.8, Max: 4.8, Diff: 2.0, Sum: 7.7]
      [GC Worker End (ms): Min: 328993908.8, Avg: 328993908.8, Max: 328993908.8, Diff: 0.0]
   [Code Root Fixup: 0.0 ms]
   [Code Root Purge: 0.0 ms]
   [Clear CT: 0.3 ms]
   [Other: 63.5 ms]
      [Choose CSet: 0.0 ms]
      [Ref Proc: 0.2 ms]
      [Ref Enq: 0.0 ms]
      [Redirty Cards: 0.1 ms]
      [Humongous Register: 1.1 ms]
      [Humongous Reclaim: 0.0 ms]
      [Free CSet: 61.5 ms]
   [Eden: 50.0M(50.0M)->0.0B(24.0M) Survivors: 1024.0K->1024.0K Heap: 54.1M(512.0M)->4208.3K(512.0M)]
 [Times: user=0.02 sys=0.00, real=0.07 secs] 
2018-06-15T13:47:39.926+0800: 333487.493: [GC pause (G1 Evacuation Pause) (young), 0.0042778 secs]
   [Parallel Time: 2.6 ms, GC Workers: 2]
      [GC Worker Start (ms): Min: 333487494.2, Avg: 333487494.2, Max: 333487494.2, Diff: 0.1]
      [Ext Root Scanning (ms): Min: 1.5, Avg: 1.6, Max: 1.6, Diff: 0.1, Sum: 3.1]
      [Update RS (ms): Min: 0.2, Avg: 0.3, Max: 0.4, Diff: 0.2, Sum: 0.6]
         [Processed Buffers: Min: 1, Avg: 2.0, Max: 3, Diff: 2, Sum: 4]
      [Scan RS (ms): Min: 0.0, Avg: 0.0, Max: 0.1, Diff: 0.1, Sum: 0.1]
      [Code Root Scanning (ms): Min: 0.0, Avg: 0.0, Max: 0.1, Diff: 0.1, Sum: 0.1]
      [Object Copy (ms): Min: 0.5, Avg: 0.5, Max: 0.5, Diff: 0.0, Sum: 0.9]
      [Termination (ms): Min: 0.0, Avg: 0.0, Max: 0.0, Diff: 0.0, Sum: 0.0]
         [Termination Attempts: Min: 1, Avg: 1.0, Max: 1, Diff: 0, Sum: 2]
      [GC Worker Other (ms): Min: 0.1, Avg: 0.1, Max: 0.1, Diff: 0.0, Sum: 0.1]
      [GC Worker Total (ms): Min: 2.4, Avg: 2.5, Max: 2.5, Diff: 0.1, Sum: 4.9]
      [GC Worker End (ms): Min: 333487496.7, Avg: 333487496.7, Max: 333487496.7, Diff: 0.0]
   [Code Root Fixup: 0.0 ms]
   [Code Root Purge: 0.0 ms]
   [Clear CT: 0.1 ms]
   [Other: 1.6 ms]
      [Choose CSet: 0.0 ms]
      [Ref Proc: 0.2 ms]
      [Ref Enq: 0.0 ms]
      [Redirty Cards: 0.1 ms]
      [Humongous Register: 1.0 ms]
      [Humongous Reclaim: 0.0 ms]
      [Free CSet: 0.1 ms]
   [Eden: 24.0M(24.0M)->0.0B(24.0M) Survivors: 1024.0K->1024.0K Heap: 28.1M(512.0M)->4236.6K(512.0M)]
 [Times: user=0.00 sys=0.00, real=0.00 secs] 
2018-06-15T15:02:24.137+0800: 337971.704: [GC pause (G1 Evacuation Pause) (young), 0.0069919 secs]
   [Parallel Time: 4.8 ms, GC Workers: 2]
      [GC Worker Start (ms): Min: 337971704.9, Avg: 337971705.0, Max: 337971705.1, Diff: 0.2]
      [Ext Root Scanning (ms): Min: 1.7, Avg: 1.8, Max: 1.9, Diff: 0.2, Sum: 3.5]
      [Update RS (ms): Min: 0.9, Avg: 1.3, Max: 1.7, Diff: 0.8, Sum: 2.5]
         [Processed Buffers: Min: 1, Avg: 2.0, Max: 3, Diff: 2, Sum: 4]
      [Scan RS (ms): Min: 0.0, Avg: 0.0, Max: 0.1, Diff: 0.1, Sum: 0.1]
      [Code Root Scanning (ms): Min: 0.0, Avg: 0.0, Max: 0.1, Diff: 0.1, Sum: 0.1]
      [Object Copy (ms): Min: 1.2, Avg: 1.4, Max: 1.7, Diff: 0.6, Sum: 2.9]
      [Termination (ms): Min: 0.0, Avg: 0.0, Max: 0.0, Diff: 0.0, Sum: 0.0]
         [Termination Attempts: Min: 1, Avg: 1.0, Max: 1, Diff: 0, Sum: 2]
      [GC Worker Other (ms): Min: 0.1, Avg: 0.1, Max: 0.1, Diff: 0.0, Sum: 0.1]
      [GC Worker Total (ms): Min: 4.6, Avg: 4.6, Max: 4.7, Diff: 0.2, Sum: 9.3]
      [GC Worker End (ms): Min: 337971709.7, Avg: 337971709.7, Max: 337971709.7, Diff: 0.0]
   [Code Root Fixup: 0.0 ms]
   [Code Root Purge: 0.0 ms]
   [Clear CT: 0.1 ms]
   [Other: 2.0 ms]
      [Choose CSet: 0.0 ms]
      [Ref Proc: 0.4 ms]
      [Ref Enq: 0.0 ms]
      [Redirty Cards: 0.1 ms]
      [Humongous Register: 1.0 ms]
      [Humongous Reclaim: 0.0 ms]
      [Free CSet: 0.2 ms]
   [Eden: 24.0M(24.0M)->0.0B(24.0M) Survivors: 1024.0K->1024.0K Heap: 28.1M(512.0M)->4243.8K(512.0M)]
 [Times: user=0.01 sys=0.00, real=0.01 secs] 
2018-06-15T16:17:04.428+0800: 342451.994: [GC pause (G1 Evacuation Pause) (young), 0.0099623 secs]
   [Parallel Time: 4.5 ms, GC Workers: 2]
      [GC Worker Start (ms): Min: 342451998.9, Avg: 342451998.9, Max: 342451999.0, Diff: 0.1]
      [Ext Root Scanning (ms): Min: 2.2, Avg: 2.3, Max: 2.4, Diff: 0.2, Sum: 4.7]
      [Update RS (ms): Min: 0.6, Avg: 0.6, Max: 0.6, Diff: 0.0, Sum: 1.2]
         [Processed Buffers: Min: 1, Avg: 2.0, Max: 3, Diff: 2, Sum: 4]
      [Scan RS (ms): Min: 0.0, Avg: 0.0, Max: 0.0, Diff: 0.0, Sum: 0.1]
      [Code Root Scanning (ms): Min: 0.0, Avg: 0.0, Max: 0.1, Diff: 0.0, Sum: 0.1]
      [Object Copy (ms): Min: 1.2, Avg: 1.2, Max: 1.2, Diff: 0.1, Sum: 2.4]
      [Termination (ms): Min: 0.0, Avg: 0.0, Max: 0.0, Diff: 0.0, Sum: 0.0]
         [Termination Attempts: Min: 1, Avg: 1.0, Max: 1, Diff: 0, Sum: 2]
      [GC Worker Other (ms): Min: 0.1, Avg: 0.1, Max: 0.1, Diff: 0.1, Sum: 0.2]
      [GC Worker Total (ms): Min: 4.3, Avg: 4.3, Max: 4.4, Diff: 0.1, Sum: 8.7]
      [GC Worker End (ms): Min: 342452003.2, Avg: 342452003.2, Max: 342452003.2, Diff: 0.0]
   [Code Root Fixup: 0.0 ms]
   [Code Root Purge: 0.0 ms]
   [Clear CT: 0.2 ms]
   [Other: 5.2 ms]
      [Choose CSet: 0.0 ms]
      [Ref Proc: 0.1 ms]
      [Ref Enq: 0.0 ms]
      [Redirty Cards: 0.1 ms]
      [Humongous Register: 4.1 ms]
      [Humongous Reclaim: 0.0 ms]
      [Free CSet: 0.2 ms]
   [Eden: 24.0M(24.0M)->0.0B(28.0M) Survivors: 1024.0K->1024.0K Heap: 28.1M(512.0M)->4298.0K(512.0M)]
 [Times: user=0.02 sys=0.00, real=0.01 secs] 
2018-06-15T17:43:40.856+0800: 347648.422: [GC pause (G1 Evacuation Pause) (young), 0.0510152 secs]
   [Parallel Time: 48.5 ms, GC Workers: 2]
      [GC Worker Start (ms): Min: 347648423.7, Avg: 347648425.4, Max: 347648427.1, Diff: 3.3]
      [Ext Root Scanning (ms): Min: 0.0, Avg: 1.4, Max: 2.7, Diff: 2.7, Sum: 2.7]
      [Update RS (ms): Min: 0.2, Avg: 0.4, Max: 0.6, Diff: 0.4, Sum: 0.9]
         [Processed Buffers: Min: 1, Avg: 2.0, Max: 3, Diff: 2, Sum: 4]
      [Scan RS (ms): Min: 0.0, Avg: 0.0, Max: 0.1, Diff: 0.1, Sum: 0.1]
      [Code Root Scanning (ms): Min: 0.0, Avg: 0.0, Max: 0.1, Diff: 0.1, Sum: 0.1]
      [Object Copy (ms): Min: 44.4, Avg: 44.4, Max: 44.4, Diff: 0.1, Sum: 88.8]
      [Termination (ms): Min: 0.0, Avg: 0.2, Max: 0.3, Diff: 0.3, Sum: 0.3]
         [Termination Attempts: Min: 1, Avg: 1.0, Max: 1, Diff: 0, Sum: 2]
      [GC Worker Other (ms): Min: 0.1, Avg: 0.1, Max: 0.1, Diff: 0.0, Sum: 0.1]
      [GC Worker Total (ms): Min: 44.8, Avg: 46.5, Max: 48.3, Diff: 3.5, Sum: 93.0]
      [GC Worker End (ms): Min: 347648471.8, Avg: 347648471.9, Max: 347648472.0, Diff: 0.1]
   [Code Root Fixup: 0.0 ms]
   [Code Root Purge: 0.0 ms]
   [Clear CT: 0.2 ms]
   [Other: 2.3 ms]
      [Choose CSet: 0.0 ms]
      [Ref Proc: 0.4 ms]
      [Ref Enq: 0.0 ms]
      [Redirty Cards: 0.1 ms]
      [Humongous Register: 1.0 ms]
      [Humongous Reclaim: 0.0 ms]
      [Free CSet: 0.3 ms]
   [Eden: 28.0M(28.0M)->0.0B(30.0M) Survivors: 1024.0K->1024.0K Heap: 32.2M(512.0M)->4293.0K(512.0M)]
 [Times: user=0.01 sys=0.00, real=0.05 secs] 
2018-06-15T19:16:48.003+0800: 353235.570: [GC pause (G1 Evacuation Pause) (young), 0.0095855 secs]
   [Parallel Time: 3.9 ms, GC Workers: 2]
      [GC Worker Start (ms): Min: 353235575.6, Avg: 353235575.8, Max: 353235576.0, Diff: 0.4]
      [Ext Root Scanning (ms): Min: 1.6, Avg: 1.8, Max: 2.0, Diff: 0.4, Sum: 3.7]
      [Update RS (ms): Min: 0.6, Avg: 0.7, Max: 0.8, Diff: 0.2, Sum: 1.4]
         [Processed Buffers: Min: 1, Avg: 2.5, Max: 4, Diff: 3, Sum: 5]
      [Scan RS (ms): Min: 0.0, Avg: 0.0, Max: 0.1, Diff: 0.1, Sum: 0.1]
      [Code Root Scanning (ms): Min: 0.0, Avg: 0.0, Max: 0.1, Diff: 0.1, Sum: 0.1]
      [Object Copy (ms): Min: 0.0, Avg: 0.1, Max: 0.2, Diff: 0.1, Sum: 0.2]
      [Termination (ms): Min: 0.0, Avg: 0.0, Max: 0.0, Diff: 0.0, Sum: 0.0]
         [Termination Attempts: Min: 1, Avg: 1.0, Max: 1, Diff: 0, Sum: 2]
      [GC Worker Other (ms): Min: 0.0, Avg: 0.1, Max: 0.1, Diff: 0.0, Sum: 0.1]
      [GC Worker Total (ms): Min: 2.6, Avg: 2.8, Max: 3.0, Diff: 0.4, Sum: 5.5]
      [GC Worker End (ms): Min: 353235578.6, Avg: 353235578.6, Max: 353235578.6, Diff: 0.0]
   [Code Root Fixup: 0.0 ms]
   [Code Root Purge: 0.0 ms]
   [Clear CT: 0.2 ms]
   [Other: 5.5 ms]
      [Choose CSet: 0.0 ms]
      [Ref Proc: 0.2 ms]
      [Ref Enq: 0.0 ms]
      [Redirty Cards: 0.1 ms]
      [Humongous Register: 4.5 ms]
      [Humongous Reclaim: 0.0 ms]
      [Free CSet: 0.2 ms]
   [Eden: 30.0M(30.0M)->0.0B(47.0M) Survivors: 1024.0K->1024.0K Heap: 34.2M(512.0M)->4173.2K(512.0M)]
 [Times: user=0.01 sys=0.00, real=0.05 secs] 
2018-06-15T21:43:24.205+0800: 362031.771: [GC pause (G1 Evacuation Pause) (young), 0.0041037 secs]
   [Parallel Time: 2.0 ms, GC Workers: 2]
      [GC Worker Start (ms): Min: 362031772.4, Avg: 362031772.5, Max: 362031772.5, Diff: 0.1]
      [Ext Root Scanning (ms): Min: 1.5, Avg: 1.5, Max: 1.5, Diff: 0.1, Sum: 3.0]
      [Update RS (ms): Min: 0.0, Avg: 0.1, Max: 0.1, Diff: 0.1, Sum: 0.1]
         [Processed Buffers: Min: 0, Avg: 1.5, Max: 3, Diff: 3, Sum: 3]
      [Scan RS (ms): Min: 0.0, Avg: 0.1, Max: 0.1, Diff: 0.0, Sum: 0.1]
      [Code Root Scanning (ms): Min: 0.0, Avg: 0.0, Max: 0.0, Diff: 0.0, Sum: 0.1]
      [Object Copy (ms): Min: 0.0, Avg: 0.1, Max: 0.2, Diff: 0.2, Sum: 0.3]
      [Termination (ms): Min: 0.0, Avg: 0.0, Max: 0.0, Diff: 0.0, Sum: 0.0]
         [Termination Attempts: Min: 1, Avg: 1.0, Max: 1, Diff: 0, Sum: 2]
      [GC Worker Other (ms): Min: 0.0, Avg: 0.1, Max: 0.1, Diff: 0.0, Sum: 0.1]
      [GC Worker Total (ms): Min: 1.8, Avg: 1.8, Max: 1.9, Diff: 0.1, Sum: 3.7]
      [GC Worker End (ms): Min: 362031774.3, Avg: 362031774.3, Max: 362031774.3, Diff: 0.0]
   [Code Root Fixup: 0.0 ms]
   [Code Root Purge: 0.0 ms]
   [Clear CT: 0.3 ms]
   [Other: 1.9 ms]
      [Choose CSet: 0.0 ms]
      [Ref Proc: 0.2 ms]
      [Ref Enq: 0.0 ms]
      [Redirty Cards: 0.1 ms]
      [Humongous Register: 0.9 ms]
      [Humongous Reclaim: 0.0 ms]
      [Free CSet: 0.3 ms]
   [Eden: 47.0M(47.0M)->0.0B(74.0M) Survivors: 1024.0K->1024.0K Heap: 51.1M(512.0M)->4143.2K(512.0M)]
 [Times: user=0.00 sys=0.00, real=0.02 secs] 
2018-06-16T01:30:27.002+0800: 375654.569: [GC pause (G1 Evacuation Pause) (young), 0.1525715 secs]
   [Parallel Time: 50.4 ms, GC Workers: 2]
      [GC Worker Start (ms): Min: 375654570.1, Avg: 375654570.1, Max: 375654570.1, Diff: 0.0]
      [Ext Root Scanning (ms): Min: 48.6, Avg: 49.4, Max: 50.2, Diff: 1.6, Sum: 98.7]
      [Update RS (ms): Min: 0.0, Avg: 0.3, Max: 0.5, Diff: 0.5, Sum: 0.5]
         [Processed Buffers: Min: 0, Avg: 3.0, Max: 6, Diff: 6, Sum: 6]
      [Scan RS (ms): Min: 0.0, Avg: 0.1, Max: 0.2, Diff: 0.2, Sum: 0.2]
      [Code Root Scanning (ms): Min: 0.0, Avg: 0.1, Max: 0.1, Diff: 0.1, Sum: 0.1]
      [Object Copy (ms): Min: 0.0, Avg: 0.2, Max: 0.4, Diff: 0.4, Sum: 0.4]
      [Termination (ms): Min: 0.0, Avg: 0.2, Max: 0.4, Diff: 0.4, Sum: 0.4]
         [Termination Attempts: Min: 1, Avg: 1.0, Max: 1, Diff: 0, Sum: 2]
      [GC Worker Other (ms): Min: 0.0, Avg: 0.0, Max: 0.1, Diff: 0.0, Sum: 0.1]
      [GC Worker Total (ms): Min: 50.2, Avg: 50.2, Max: 50.3, Diff: 0.0, Sum: 100.5]
      [GC Worker End (ms): Min: 375654620.3, Avg: 375654620.3, Max: 375654620.4, Diff: 0.0]
   [Code Root Fixup: 0.0 ms]
   [Code Root Purge: 0.0 ms]
   [Clear CT: 0.4 ms]
   [Other: 101.8 ms]
      [Choose CSet: 0.0 ms]
      [Ref Proc: 36.4 ms]
      [Ref Enq: 0.0 ms]
      [Redirty Cards: 0.0 ms]
      [Humongous Register: 0.8 ms]
      [Humongous Reclaim: 0.0 ms]
      [Free CSet: 64.1 ms]
   [Eden: 74.0M(74.0M)->0.0B(24.0M) Survivors: 1024.0K->1024.0K Heap: 78.0M(512.0M)->4190.1K(512.0M)]
 [Times: user=0.01 sys=0.00, real=0.21 secs] 
2018-06-16T02:45:00.385+0800: 380127.952: [GC pause (G1 Evacuation Pause) (young), 0.0088872 secs]
   [Parallel Time: 7.1 ms, GC Workers: 2]
      [GC Worker Start (ms): Min: 380127953.2, Avg: 380127953.7, Max: 380127954.1, Diff: 0.8]
      [Ext Root Scanning (ms): Min: 1.3, Avg: 2.4, Max: 3.5, Diff: 2.2, Sum: 4.7]
      [Update RS (ms): Min: 0.0, Avg: 0.2, Max: 0.5, Diff: 0.5, Sum: 0.5]
         [Processed Buffers: Min: 0, Avg: 1.5, Max: 3, Diff: 3, Sum: 3]
      [Scan RS (ms): Min: 0.0, Avg: 0.0, Max: 0.1, Diff: 0.1, Sum: 0.1]
      [Code Root Scanning (ms): Min: 0.0, Avg: 0.0, Max: 0.0, Diff: 0.0, Sum: 0.0]
      [Object Copy (ms): Min: 0.1, Avg: 0.2, Max: 0.3, Diff: 0.2, Sum: 0.3]
      [Termination (ms): Min: 0.0, Avg: 2.0, Max: 4.0, Diff: 4.0, Sum: 4.0]
         [Termination Attempts: Min: 1, Avg: 1.0, Max: 1, Diff: 0, Sum: 2]
      [GC Worker Other (ms): Min: 0.0, Avg: 0.0, Max: 0.0, Diff: 0.0, Sum: 0.1]
      [GC Worker Total (ms): Min: 3.6, Avg: 4.9, Max: 6.2, Diff: 2.6, Sum: 9.7]
      [GC Worker End (ms): Min: 380127956.8, Avg: 380127958.5, Max: 380127960.3, Diff: 3.4]
   [Code Root Fixup: 0.0 ms]
   [Code Root Purge: 0.0 ms]
   [Clear CT: 0.1 ms]
   [Other: 1.7 ms]
      [Choose CSet: 0.0 ms]
      [Ref Proc: 0.2 ms]
      [Ref Enq: 0.0 ms]
      [Redirty Cards: 0.0 ms]
      [Humongous Register: 1.0 ms]
      [Humongous Reclaim: 0.0 ms]
      [Free CSet: 0.1 ms]
   [Eden: 24.0M(24.0M)->0.0B(24.0M) Survivors: 1024.0K->1024.0K Heap: 28.1M(512.0M)->4220.7K(512.0M)]
 [Times: user=0.01 sys=0.00, real=0.01 secs] 
2018-06-16T03:59:43.040+0800: 384610.606: [GC pause (G1 Evacuation Pause) (young), 0.0049249 secs]
   [Parallel Time: 2.9 ms, GC Workers: 2]
      [GC Worker Start (ms): Min: 384610607.6, Avg: 384610607.7, Max: 384610607.7, Diff: 0.1]
      [Ext Root Scanning (ms): Min: 1.8, Avg: 1.8, Max: 1.9, Diff: 0.2, Sum: 3.7]
      [Update RS (ms): Min: 0.1, Avg: 0.3, Max: 0.5, Diff: 0.4, Sum: 0.6]
         [Processed Buffers: Min: 1, Avg: 2.0, Max: 3, Diff: 2, Sum: 4]
      [Scan RS (ms): Min: 0.0, Avg: 0.0, Max: 0.1, Diff: 0.1, Sum: 0.1]
      [Code Root Scanning (ms): Min: 0.0, Avg: 0.0, Max: 0.0, Diff: 0.0, Sum: 0.0]
      [Object Copy (ms): Min: 0.1, Avg: 0.3, Max: 0.5, Diff: 0.4, Sum: 0.6]
      [Termination (ms): Min: 0.0, Avg: 0.0, Max: 0.0, Diff: 0.0, Sum: 0.0]
         [Termination Attempts: Min: 1, Avg: 1.0, Max: 1, Diff: 0, Sum: 2]
      [GC Worker Other (ms): Min: 0.0, Avg: 0.1, Max: 0.1, Diff: 0.0, Sum: 0.1]
      [GC Worker Total (ms): Min: 2.5, Avg: 2.5, Max: 2.6, Diff: 0.1, Sum: 5.1]
      [GC Worker End (ms): Min: 384610610.2, Avg: 384610610.2, Max: 384610610.2, Diff: 0.0]
   [Code Root Fixup: 0.0 ms]
   [Code Root Purge: 0.0 ms]
   [Clear CT: 0.1 ms]
   [Other: 2.0 ms]
      [Choose CSet: 0.0 ms]
      [Ref Proc: 0.3 ms]
      [Ref Enq: 0.0 ms]
      [Redirty Cards: 0.1 ms]
      [Humongous Register: 1.0 ms]
      [Humongous Reclaim: 0.0 ms]
      [Free CSet: 0.1 ms]
   [Eden: 24.0M(24.0M)->0.0B(24.0M) Survivors: 1024.0K->1024.0K Heap: 28.1M(512.0M)->4208.0K(512.0M)]
 [Times: user=0.01 sys=0.00, real=0.03 secs] 
2018-06-16T05:14:17.577+0800: 389085.144: [GC pause (G1 Evacuation Pause) (young), 0.0061619 secs]
   [Parallel Time: 4.0 ms, GC Workers: 2]
      [GC Worker Start (ms): Min: 389085145.0, Avg: 389085145.1, Max: 389085145.1, Diff: 0.1]
      [Ext Root Scanning (ms): Min: 3.0, Avg: 3.1, Max: 3.2, Diff: 0.1, Sum: 6.2]
      [Update RS (ms): Min: 0.2, Avg: 0.4, Max: 0.5, Diff: 0.3, Sum: 0.7]
         [Processed Buffers: Min: 1, Avg: 2.5, Max: 4, Diff: 3, Sum: 5]
      [Scan RS (ms): Min: 0.0, Avg: 0.0, Max: 0.1, Diff: 0.1, Sum: 0.1]
      [Code Root Scanning (ms): Min: 0.0, Avg: 0.0, Max: 0.0, Diff: 0.0, Sum: 0.0]
      [Object Copy (ms): Min: 0.2, Avg: 0.3, Max: 0.3, Diff: 0.2, Sum: 0.5]
      [Termination (ms): Min: 0.0, Avg: 0.0, Max: 0.0, Diff: 0.0, Sum: 0.0]
         [Termination Attempts: Min: 1, Avg: 1.0, Max: 1, Diff: 0, Sum: 2]
      [GC Worker Other (ms): Min: 0.1, Avg: 0.1, Max: 0.1, Diff: 0.0, Sum: 0.2]
      [GC Worker Total (ms): Min: 3.8, Avg: 3.9, Max: 3.9, Diff: 0.1, Sum: 7.7]
      [GC Worker End (ms): Min: 389085148.9, Avg: 389085148.9, Max: 389085148.9, Diff: 0.0]
   [Code Root Fixup: 0.0 ms]
   [Code Root Purge: 0.0 ms]
   [Clear CT: 0.1 ms]
   [Other: 2.0 ms]
      [Choose CSet: 0.0 ms]
      [Ref Proc: 0.2 ms]
      [Ref Enq: 0.0 ms]
      [Redirty Cards: 0.1 ms]
      [Humongous Register: 1.0 ms]
      [Humongous Reclaim: 0.0 ms]
      [Free CSet: 0.2 ms]
   [Eden: 24.0M(24.0M)->0.0B(24.0M) Survivors: 1024.0K->1024.0K Heap: 28.1M(512.0M)->4213.9K(512.0M)]
 [Times: user=0.01 sys=0.00, real=0.01 secs] 
2018-06-16T06:28:55.054+0800: 393562.620: [GC pause (G1 Evacuation Pause) (young), 0.0143077 secs]
   [Parallel Time: 6.2 ms, GC Workers: 2]
      [GC Worker Start (ms): Min: 393562621.4, Avg: 393562621.5, Max: 393562621.6, Diff: 0.2]
      [Ext Root Scanning (ms): Min: 1.4, Avg: 1.5, Max: 1.6, Diff: 0.2, Sum: 3.0]
      [Update RS (ms): Min: 0.2, Avg: 0.3, Max: 0.3, Diff: 0.1, Sum: 0.5]
         [Processed Buffers: Min: 1, Avg: 2.0, Max: 3, Diff: 2, Sum: 4]
      [Scan RS (ms): Min: 0.0, Avg: 0.0, Max: 0.0, Diff: 0.0, Sum: 0.1]
      [Code Root Scanning (ms): Min: 0.0, Avg: 0.0, Max: 0.0, Diff: 0.0, Sum: 0.0]
      [Object Copy (ms): Min: 0.2, Avg: 0.2, Max: 0.3, Diff: 0.1, Sum: 0.5]
      [Termination (ms): Min: 0.0, Avg: 0.0, Max: 0.0, Diff: 0.0, Sum: 0.0]
         [Termination Attempts: Min: 1, Avg: 1.0, Max: 1, Diff: 0, Sum: 2]
      [GC Worker Other (ms): Min: 0.0, Avg: 0.0, Max: 0.0, Diff: 0.0, Sum: 0.1]
      [GC Worker Total (ms): Min: 2.0, Avg: 2.1, Max: 2.2, Diff: 0.2, Sum: 4.2]
      [GC Worker End (ms): Min: 393562623.6, Avg: 393562623.6, Max: 393562623.6, Diff: 0.0]
   [Code Root Fixup: 0.0 ms]
   [Code Root Purge: 0.0 ms]
   [Clear CT: 0.2 ms]
   [Other: 7.9 ms]
      [Choose CSet: 0.0 ms]
      [Ref Proc: 5.8 ms]
      [Ref Enq: 0.0 ms]
      [Redirty Cards: 0.5 ms]
      [Humongous Register: 1.0 ms]
      [Humongous Reclaim: 0.0 ms]
      [Free CSet: 0.2 ms]
   [Eden: 24.0M(24.0M)->0.0B(24.0M) Survivors: 1024.0K->1024.0K Heap: 28.1M(512.0M)->4215.6K(512.0M)]
 [Times: user=0.01 sys=0.00, real=0.09 secs] 
2018-06-16T07:43:35.393+0800: 398042.959: [GC pause (G1 Evacuation Pause) (young), 0.0060499 secs]
   [Parallel Time: 3.7 ms, GC Workers: 2]
      [GC Worker Start (ms): Min: 398042961.1, Avg: 398042961.2, Max: 398042961.2, Diff: 0.1]
      [Ext Root Scanning (ms): Min: 2.7, Avg: 2.7, Max: 2.8, Diff: 0.1, Sum: 5.5]
      [Update RS (ms): Min: 0.1, Avg: 0.3, Max: 0.5, Diff: 0.4, Sum: 0.6]
         [Processed Buffers: Min: 2, Avg: 2.0, Max: 2, Diff: 0, Sum: 4]
      [Scan RS (ms): Min: 0.0, Avg: 0.0, Max: 0.1, Diff: 0.1, Sum: 0.1]
      [Code Root Scanning (ms): Min: 0.0, Avg: 0.0, Max: 0.0, Diff: 0.0, Sum: 0.0]
      [Object Copy (ms): Min: 0.2, Avg: 0.3, Max: 0.4, Diff: 0.2, Sum: 0.6]
      [Termination (ms): Min: 0.0, Avg: 0.0, Max: 0.0, Diff: 0.0, Sum: 0.0]
         [Termination Attempts: Min: 1, Avg: 1.0, Max: 1, Diff: 0, Sum: 2]
      [GC Worker Other (ms): Min: 0.1, Avg: 0.1, Max: 0.1, Diff: 0.0, Sum: 0.2]
      [GC Worker Total (ms): Min: 3.4, Avg: 3.5, Max: 3.5, Diff: 0.1, Sum: 7.0]
      [GC Worker End (ms): Min: 398042964.6, Avg: 398042964.6, Max: 398042964.6, Diff: 0.0]
   [Code Root Fixup: 0.0 ms]
   [Code Root Purge: 0.0 ms]
   [Clear CT: 0.1 ms]
   [Other: 2.2 ms]
      [Choose CSet: 0.0 ms]
      [Ref Proc: 0.2 ms]
      [Ref Enq: 0.0 ms]
      [Redirty Cards: 0.2 ms]
      [Humongous Register: 1.3 ms]
      [Humongous Reclaim: 0.0 ms]
      [Free CSet: 0.1 ms]
   [Eden: 24.0M(24.0M)->0.0B(24.0M) Survivors: 1024.0K->1024.0K Heap: 28.1M(512.0M)->4243.0K(512.0M)]
 [Times: user=0.01 sys=0.00, real=0.01 secs] 
2018-06-16T08:58:25.465+0800: 402533.032: [GC pause (G1 Evacuation Pause) (young), 0.0042746 secs]
   [Parallel Time: 2.3 ms, GC Workers: 2]
      [GC Worker Start (ms): Min: 402533033.5, Avg: 402533033.5, Max: 402533033.5, Diff: 0.0]
      [Ext Root Scanning (ms): Min: 1.5, Avg: 1.6, Max: 1.6, Diff: 0.1, Sum: 3.1]
      [Update RS (ms): Min: 0.2, Avg: 0.2, Max: 0.3, Diff: 0.1, Sum: 0.5]
         [Processed Buffers: Min: 1, Avg: 2.0, Max: 3, Diff: 2, Sum: 4]
      [Scan RS (ms): Min: 0.0, Avg: 0.0, Max: 0.1, Diff: 0.1, Sum: 0.1]
      [Code Root Scanning (ms): Min: 0.0, Avg: 0.0, Max: 0.0, Diff: 0.0, Sum: 0.0]
      [Object Copy (ms): Min: 0.1, Avg: 0.2, Max: 0.2, Diff: 0.1, Sum: 0.4]
      [Termination (ms): Min: 0.0, Avg: 0.0, Max: 0.0, Diff: 0.0, Sum: 0.0]
         [Termination Attempts: Min: 1, Avg: 1.0, Max: 1, Diff: 0, Sum: 2]
      [GC Worker Other (ms): Min: 0.0, Avg: 0.1, Max: 0.1, Diff: 0.0, Sum: 0.1]
      [GC Worker Total (ms): Min: 2.1, Avg: 2.1, Max: 2.1, Diff: 0.0, Sum: 4.2]
      [GC Worker End (ms): Min: 402533035.6, Avg: 402533035.6, Max: 402533035.6, Diff: 0.0]
   [Code Root Fixup: 0.0 ms]
   [Code Root Purge: 0.0 ms]
   [Clear CT: 0.1 ms]
   [Other: 1.9 ms]
      [Choose CSet: 0.0 ms]
      [Ref Proc: 0.2 ms]
      [Ref Enq: 0.0 ms]
      [Redirty Cards: 0.1 ms]
      [Humongous Register: 0.9 ms]
      [Humongous Reclaim: 0.0 ms]
      [Free CSet: 0.2 ms]
   [Eden: 24.0M(24.0M)->0.0B(36.0M) Survivors: 1024.0K->1024.0K Heap: 28.1M(512.0M)->4201.7K(512.0M)]
 [Times: user=0.00 sys=0.00, real=0.01 secs] 
2018-06-16T10:49:09.001+0800: 409176.568: [GC pause (G1 Evacuation Pause) (young), 0.0048847 secs]
   [Parallel Time: 3.0 ms, GC Workers: 2]
      [GC Worker Start (ms): Min: 409176568.8, Avg: 409176568.9, Max: 409176568.9, Diff: 0.1]
      [Ext Root Scanning (ms): Min: 2.1, Avg: 2.2, Max: 2.2, Diff: 0.1, Sum: 4.3]
      [Update RS (ms): Min: 0.3, Avg: 0.3, Max: 0.3, Diff: 0.1, Sum: 0.6]
         [Processed Buffers: Min: 1, Avg: 2.0, Max: 3, Diff: 2, Sum: 4]
      [Scan RS (ms): Min: 0.0, Avg: 0.1, Max: 0.1, Diff: 0.1, Sum: 0.2]
      [Code Root Scanning (ms): Min: 0.0, Avg: 0.0, Max: 0.0, Diff: 0.0, Sum: 0.1]
      [Object Copy (ms): Min: 0.2, Avg: 0.2, Max: 0.2, Diff: 0.0, Sum: 0.3]
      [Termination (ms): Min: 0.0, Avg: 0.0, Max: 0.0, Diff: 0.0, Sum: 0.0]
         [Termination Attempts: Min: 1, Avg: 1.0, Max: 1, Diff: 0, Sum: 2]
      [GC Worker Other (ms): Min: 0.0, Avg: 0.1, Max: 0.1, Diff: 0.0, Sum: 0.1]
      [GC Worker Total (ms): Min: 2.8, Avg: 2.8, Max: 2.8, Diff: 0.1, Sum: 5.6]
      [GC Worker End (ms): Min: 409176571.7, Avg: 409176571.7, Max: 409176571.7, Diff: 0.0]
   [Code Root Fixup: 0.0 ms]
   [Code Root Purge: 0.0 ms]
   [Clear CT: 0.2 ms]
   [Other: 1.7 ms]
      [Choose CSet: 0.0 ms]
      [Ref Proc: 0.2 ms]
      [Ref Enq: 0.0 ms]
      [Redirty Cards: 0.1 ms]
      [Humongous Register: 0.9 ms]
      [Humongous Reclaim: 0.0 ms]
      [Free CSet: 0.2 ms]
   [Eden: 36.0M(36.0M)->0.0B(73.0M) Survivors: 1024.0K->1024.0K Heap: 40.1M(512.0M)->4207.9K(512.0M)]
 [Times: user=0.01 sys=0.00, real=0.01 secs] 
2018-06-16T14:34:03.060+0800: 422670.627: [GC pause (G1 Evacuation Pause) (young), 0.0065765 secs]
   [Parallel Time: 4.1 ms, GC Workers: 2]
      [GC Worker Start (ms): Min: 422670627.9, Avg: 422670629.0, Max: 422670630.2, Diff: 2.3]
      [Ext Root Scanning (ms): Min: 0.4, Avg: 2.1, Max: 3.9, Diff: 3.5, Sum: 4.3]
      [Update RS (ms): Min: 0.0, Avg: 0.2, Max: 0.5, Diff: 0.5, Sum: 0.5]
         [Processed Buffers: Min: 0, Avg: 2.0, Max: 4, Diff: 4, Sum: 4]
      [Scan RS (ms): Min: 0.0, Avg: 0.1, Max: 0.2, Diff: 0.1, Sum: 0.2]
      [Code Root Scanning (ms): Min: 0.0, Avg: 0.1, Max: 0.1, Diff: 0.1, Sum: 0.1]
      [Object Copy (ms): Min: 0.1, Avg: 0.2, Max: 0.3, Diff: 0.2, Sum: 0.3]
      [Termination (ms): Min: 0.0, Avg: 0.2, Max: 0.4, Diff: 0.4, Sum: 0.4]
         [Termination Attempts: Min: 1, Avg: 1.0, Max: 1, Diff: 0, Sum: 2]
      [GC Worker Other (ms): Min: 0.0, Avg: 0.0, Max: 0.0, Diff: 0.0, Sum: 0.1]
      [GC Worker Total (ms): Min: 1.8, Avg: 2.9, Max: 4.0, Diff: 2.2, Sum: 5.8]
      [GC Worker End (ms): Min: 422670631.9, Avg: 422670631.9, Max: 422670632.0, Diff: 0.1]
   [Code Root Fixup: 0.0 ms]
   [Code Root Purge: 0.0 ms]
   [Clear CT: 0.3 ms]
   [Other: 2.1 ms]
      [Choose CSet: 0.0 ms]
      [Ref Proc: 0.4 ms]
      [Ref Enq: 0.0 ms]
      [Redirty Cards: 0.0 ms]
      [Humongous Register: 0.9 ms]
      [Humongous Reclaim: 0.0 ms]
      [Free CSet: 0.5 ms]
   [Eden: 73.0M(73.0M)->0.0B(111.0M) Survivors: 1024.0K->1024.0K Heap: 77.1M(512.0M)->4240.4K(512.0M)]
 [Times: user=0.00 sys=0.00, real=0.01 secs] 
2018-06-16T20:19:44.496+0800: 443412.062: [GC pause (G1 Evacuation Pause) (young), 0.1482280 secs]
   [Parallel Time: 4.1 ms, GC Workers: 2]
      [GC Worker Start (ms): Min: 443412063.8, Avg: 443412064.6, Max: 443412065.5, Diff: 1.7]
      [Ext Root Scanning (ms): Min: 1.3, Avg: 2.3, Max: 3.4, Diff: 2.1, Sum: 4.7]
      [Update RS (ms): Min: 0.1, Avg: 0.3, Max: 0.5, Diff: 0.5, Sum: 0.6]
         [Processed Buffers: Min: 1, Avg: 2.0, Max: 3, Diff: 2, Sum: 4]
      [Scan RS (ms): Min: 0.1, Avg: 0.1, Max: 0.2, Diff: 0.1, Sum: 0.3]
      [Code Root Scanning (ms): Min: 0.1, Avg: 0.1, Max: 0.1, Diff: 0.1, Sum: 0.2]
      [Object Copy (ms): Min: 0.2, Avg: 0.2, Max: 0.3, Diff: 0.1, Sum: 0.5]
      [Termination (ms): Min: 0.0, Avg: 0.0, Max: 0.0, Diff: 0.0, Sum: 0.0]
         [Termination Attempts: Min: 1, Avg: 1.0, Max: 1, Diff: 0, Sum: 2]
      [GC Worker Other (ms): Min: 0.1, Avg: 0.1, Max: 0.1, Diff: 0.0, Sum: 0.1]
      [GC Worker Total (ms): Min: 2.3, Avg: 3.2, Max: 4.0, Diff: 1.7, Sum: 6.3]
      [GC Worker End (ms): Min: 443412067.8, Avg: 443412067.8, Max: 443412067.8, Diff: 0.0]
   [Code Root Fixup: 0.0 ms]
   [Code Root Purge: 0.0 ms]
   [Clear CT: 0.6 ms]
   [Other: 143.5 ms]
      [Choose CSet: 0.0 ms]
      [Ref Proc: 0.1 ms]
      [Ref Enq: 0.0 ms]
      [Redirty Cards: 0.1 ms]
      [Humongous Register: 1.1 ms]
      [Humongous Reclaim: 0.0 ms]
      [Free CSet: 141.7 ms]
   [Eden: 111.0M(111.0M)->0.0B(24.0M) Survivors: 1024.0K->1024.0K Heap: 115.1M(512.0M)->4200.8K(512.0M)]
 [Times: user=0.01 sys=0.00, real=0.15 secs] 
2018-06-16T21:34:20.377+0800: 447887.943: [GC pause (G1 Evacuation Pause) (young), 0.0059235 secs]
   [Parallel Time: 3.1 ms, GC Workers: 2]
      [GC Worker Start (ms): Min: 447887945.3, Avg: 447887945.3, Max: 447887945.4, Diff: 0.1]
      [Ext Root Scanning (ms): Min: 2.0, Avg: 2.1, Max: 2.2, Diff: 0.2, Sum: 4.1]
      [Update RS (ms): Min: 0.3, Avg: 0.3, Max: 0.4, Diff: 0.0, Sum: 0.7]
         [Processed Buffers: Min: 1, Avg: 2.0, Max: 3, Diff: 2, Sum: 4]
      [Scan RS (ms): Min: 0.0, Avg: 0.0, Max: 0.0, Diff: 0.0, Sum: 0.1]
      [Code Root Scanning (ms): Min: 0.0, Avg: 0.0, Max: 0.0, Diff: 0.0, Sum: 0.0]
      [Object Copy (ms): Min: 0.4, Avg: 0.4, Max: 0.4, Diff: 0.1, Sum: 0.8]
      [Termination (ms): Min: 0.0, Avg: 0.0, Max: 0.0, Diff: 0.0, Sum: 0.0]
         [Termination Attempts: Min: 1, Avg: 1.0, Max: 1, Diff: 0, Sum: 2]
      [GC Worker Other (ms): Min: 0.1, Avg: 0.1, Max: 0.1, Diff: 0.0, Sum: 0.1]
      [GC Worker Total (ms): Min: 2.9, Avg: 2.9, Max: 3.0, Diff: 0.1, Sum: 5.9]
      [GC Worker End (ms): Min: 447887948.3, Avg: 447887948.3, Max: 447887948.3, Diff: 0.0]
   [Code Root Fixup: 0.0 ms]
   [Code Root Purge: 0.0 ms]
   [Clear CT: 0.3 ms]
   [Other: 2.5 ms]
      [Choose CSet: 0.0 ms]
      [Ref Proc: 0.2 ms]
      [Ref Enq: 0.0 ms]
      [Redirty Cards: 0.1 ms]
      [Humongous Register: 1.3 ms]
      [Humongous Reclaim: 0.0 ms]
      [Free CSet: 0.3 ms]
   [Eden: 24.0M(24.0M)->0.0B(24.0M) Survivors: 1024.0K->1024.0K Heap: 28.1M(512.0M)->4207.9K(512.0M)]
 [Times: user=0.01 sys=0.00, real=0.01 secs] 
2018-06-16T22:48:55.054+0800: 452362.621: [GC pause (G1 Evacuation Pause) (young), 0.0086890 secs]
   [Parallel Time: 6.8 ms, GC Workers: 2]
      [GC Worker Start (ms): Min: 452362622.6, Avg: 452362622.9, Max: 452362623.3, Diff: 0.7]
      [Ext Root Scanning (ms): Min: 1.3, Avg: 1.6, Max: 2.0, Diff: 0.7, Sum: 3.3]
      [Update RS (ms): Min: 0.3, Avg: 0.3, Max: 0.3, Diff: 0.0, Sum: 0.6]
         [Processed Buffers: Min: 1, Avg: 2.0, Max: 3, Diff: 2, Sum: 4]
      [Scan RS (ms): Min: 0.0, Avg: 0.0, Max: 0.1, Diff: 0.1, Sum: 0.1]
      [Code Root Scanning (ms): Min: 0.0, Avg: 0.0, Max: 0.0, Diff: 0.0, Sum: 0.0]
      [Object Copy (ms): Min: 0.2, Avg: 1.9, Max: 3.6, Diff: 3.4, Sum: 3.8]
      [Termination (ms): Min: 0.0, Avg: 2.0, Max: 4.0, Diff: 4.0, Sum: 4.0]
         [Termination Attempts: Min: 1, Avg: 1.0, Max: 1, Diff: 0, Sum: 2]
      [GC Worker Other (ms): Min: 0.0, Avg: 0.0, Max: 0.1, Diff: 0.0, Sum: 0.1]
      [GC Worker Total (ms): Min: 5.9, Avg: 5.9, Max: 6.0, Diff: 0.1, Sum: 11.9]
      [GC Worker End (ms): Min: 452362628.6, Avg: 452362628.9, Max: 452362629.1, Diff: 0.5]
   [Code Root Fixup: 0.0 ms]
   [Code Root Purge: 0.0 ms]
   [Clear CT: 0.1 ms]
   [Other: 1.8 ms]
      [Choose CSet: 0.0 ms]
      [Ref Proc: 0.2 ms]
      [Ref Enq: 0.0 ms]
      [Redirty Cards: 0.0 ms]
      [Humongous Register: 1.0 ms]
      [Humongous Reclaim: 0.0 ms]
      [Free CSet: 0.1 ms]
   [Eden: 24.0M(24.0M)->0.0B(28.0M) Survivors: 1024.0K->1024.0K Heap: 28.1M(512.0M)->4213.4K(512.0M)]
 [Times: user=0.01 sys=0.00, real=0.01 secs] 
2018-06-17T00:15:30.001+0800: 457557.567: [GC pause (G1 Evacuation Pause) (young), 0.0057739 secs]
   [Parallel Time: 3.7 ms, GC Workers: 2]
      [GC Worker Start (ms): Min: 457557568.6, Avg: 457557569.1, Max: 457557569.6, Diff: 1.0]
      [Ext Root Scanning (ms): Min: 1.9, Avg: 2.3, Max: 2.7, Diff: 0.8, Sum: 4.6]
      [Update RS (ms): Min: 0.3, Avg: 0.3, Max: 0.3, Diff: 0.0, Sum: 0.5]
         [Processed Buffers: Min: 1, Avg: 2.0, Max: 3, Diff: 2, Sum: 4]
      [Scan RS (ms): Min: 0.0, Avg: 0.0, Max: 0.0, Diff: 0.0, Sum: 0.1]
      [Code Root Scanning (ms): Min: 0.0, Avg: 0.0, Max: 0.0, Diff: 0.0, Sum: 0.0]
      [Object Copy (ms): Min: 0.2, Avg: 0.3, Max: 0.4, Diff: 0.2, Sum: 0.6]
      [Termination (ms): Min: 0.0, Avg: 0.0, Max: 0.0, Diff: 0.0, Sum: 0.0]
         [Termination Attempts: Min: 1, Avg: 1.0, Max: 1, Diff: 0, Sum: 2]
      [GC Worker Other (ms): Min: 0.0, Avg: 0.1, Max: 0.1, Diff: 0.0, Sum: 0.1]
      [GC Worker Total (ms): Min: 2.5, Avg: 3.0, Max: 3.5, Diff: 1.0, Sum: 6.0]
      [GC Worker End (ms): Min: 457557572.1, Avg: 457557572.1, Max: 457557572.1, Diff: 0.0]
   [Code Root Fixup: 0.0 ms]
   [Code Root Purge: 0.0 ms]
   [Clear CT: 0.2 ms]
   [Other: 1.9 ms]
      [Choose CSet: 0.0 ms]
      [Ref Proc: 0.1 ms]
      [Ref Enq: 0.0 ms]
      [Redirty Cards: 0.1 ms]
      [Humongous Register: 1.0 ms]
      [Humongous Reclaim: 0.0 ms]
      [Free CSet: 0.2 ms]
   [Eden: 28.0M(28.0M)->0.0B(38.0M) Survivors: 1024.0K->1024.0K Heap: 32.1M(512.0M)->4215.1K(512.0M)]
 [Times: user=0.01 sys=0.00, real=0.00 secs] 
2018-06-17T02:13:12.825+0800: 464620.392: [GC pause (G1 Evacuation Pause) (young), 0.0059869 secs]
   [Parallel Time: 4.0 ms, GC Workers: 2]
      [GC Worker Start (ms): Min: 464620393.4, Avg: 464620393.4, Max: 464620393.4, Diff: 0.0]
      [Ext Root Scanning (ms): Min: 1.8, Avg: 2.8, Max: 3.7, Diff: 1.8, Sum: 5.5]
      [Update RS (ms): Min: 0.0, Avg: 0.4, Max: 0.8, Diff: 0.8, Sum: 0.8]
         [Processed Buffers: Min: 0, Avg: 2.0, Max: 4, Diff: 4, Sum: 4]
      [Scan RS (ms): Min: 0.0, Avg: 0.1, Max: 0.1, Diff: 0.1, Sum: 0.1]
      [Code Root Scanning (ms): Min: 0.0, Avg: 0.0, Max: 0.1, Diff: 0.1, Sum: 0.1]
      [Object Copy (ms): Min: 0.0, Avg: 0.2, Max: 0.4, Diff: 0.4, Sum: 0.4]
      [Termination (ms): Min: 0.0, Avg: 0.2, Max: 0.4, Diff: 0.4, Sum: 0.4]
         [Termination Attempts: Min: 1, Avg: 1.0, Max: 1, Diff: 0, Sum: 2]
      [GC Worker Other (ms): Min: 0.1, Avg: 0.1, Max: 0.1, Diff: 0.0, Sum: 0.1]
      [GC Worker Total (ms): Min: 3.7, Avg: 3.7, Max: 3.8, Diff: 0.0, Sum: 7.5]
      [GC Worker End (ms): Min: 464620397.2, Avg: 464620397.2, Max: 464620397.2, Diff: 0.0]
   [Code Root Fixup: 0.0 ms]
   [Code Root Purge: 0.0 ms]
   [Clear CT: 0.2 ms]
   [Other: 1.8 ms]
      [Choose CSet: 0.0 ms]
      [Ref Proc: 0.2 ms]
      [Ref Enq: 0.0 ms]
      [Redirty Cards: 0.1 ms]
      [Humongous Register: 0.9 ms]
      [Humongous Reclaim: 0.0 ms]
      [Free CSet: 0.2 ms]
   [Eden: 38.0M(38.0M)->0.0B(51.0M) Survivors: 1024.0K->1024.0K Heap: 42.1M(512.0M)->4215.0K(512.0M)]
 [Times: user=0.01 sys=0.00, real=0.00 secs] 
2018-06-17T04:52:01.036+0800: 474148.603: [GC pause (G1 Evacuation Pause) (young), 0.0042735 secs]
   [Parallel Time: 2.2 ms, GC Workers: 2]
      [GC Worker Start (ms): Min: 474148604.0, Avg: 474148604.0, Max: 474148604.0, Diff: 0.0]
      [Ext Root Scanning (ms): Min: 1.5, Avg: 1.6, Max: 1.6, Diff: 0.1, Sum: 3.1]
      [Update RS (ms): Min: 0.1, Avg: 0.2, Max: 0.4, Diff: 0.3, Sum: 0.4]
         [Processed Buffers: Min: 1, Avg: 1.5, Max: 2, Diff: 1, Sum: 3]
      [Scan RS (ms): Min: 0.0, Avg: 0.1, Max: 0.1, Diff: 0.1, Sum: 0.1]
      [Code Root Scanning (ms): Min: 0.0, Avg: 0.0, Max: 0.1, Diff: 0.1, Sum: 0.1]
      [Object Copy (ms): Min: 0.0, Avg: 0.2, Max: 0.3, Diff: 0.2, Sum: 0.3]
      [Termination (ms): Min: 0.0, Avg: 0.0, Max: 0.0, Diff: 0.0, Sum: 0.0]
         [Termination Attempts: Min: 1, Avg: 1.0, Max: 1, Diff: 0, Sum: 2]
      [GC Worker Other (ms): Min: 0.0, Avg: 0.1, Max: 0.1, Diff: 0.0, Sum: 0.1]
      [GC Worker Total (ms): Min: 2.1, Avg: 2.1, Max: 2.1, Diff: 0.0, Sum: 4.2]
      [GC Worker End (ms): Min: 474148606.1, Avg: 474148606.1, Max: 474148606.1, Diff: 0.0]
   [Code Root Fixup: 0.0 ms]
   [Code Root Purge: 0.0 ms]
   [Clear CT: 0.2 ms]
   [Other: 1.9 ms]
      [Choose CSet: 0.0 ms]
      [Ref Proc: 0.2 ms]
      [Ref Enq: 0.0 ms]
      [Redirty Cards: 0.1 ms]
      [Humongous Register: 0.9 ms]
      [Humongous Reclaim: 0.0 ms]
      [Free CSet: 0.2 ms]
   [Eden: 51.0M(51.0M)->0.0B(70.0M) Survivors: 1024.0K->1024.0K Heap: 55.1M(512.0M)->4215.6K(512.0M)]
 [Times: user=0.01 sys=0.00, real=0.00 secs] 
2018-06-17T08:28:46.866+0800: 487154.433: [GC pause (G1 Evacuation Pause) (young), 0.0059812 secs]
   [Parallel Time: 3.9 ms, GC Workers: 2]
      [GC Worker Start (ms): Min: 487154433.6, Avg: 487154433.7, Max: 487154433.8, Diff: 0.1]
      [Ext Root Scanning (ms): Min: 1.7, Avg: 2.7, Max: 3.7, Diff: 2.0, Sum: 5.4]
      [Update RS (ms): Min: 0.0, Avg: 0.3, Max: 0.7, Diff: 0.7, Sum: 0.7]
         [Processed Buffers: Min: 0, Avg: 2.5, Max: 5, Diff: 5, Sum: 5]
      [Scan RS (ms): Min: 0.0, Avg: 0.1, Max: 0.2, Diff: 0.2, Sum: 0.2]
      [Code Root Scanning (ms): Min: 0.0, Avg: 0.1, Max: 0.1, Diff: 0.1, Sum: 0.1]
      [Object Copy (ms): Min: 0.0, Avg: 0.3, Max: 0.6, Diff: 0.6, Sum: 0.6]
      [Termination (ms): Min: 0.0, Avg: 0.2, Max: 0.4, Diff: 0.4, Sum: 0.4]
         [Termination Attempts: Min: 1, Avg: 1.0, Max: 1, Diff: 0, Sum: 2]
      [GC Worker Other (ms): Min: 0.0, Avg: 0.1, Max: 0.1, Diff: 0.0, Sum: 0.1]
      [GC Worker Total (ms): Min: 3.7, Avg: 3.7, Max: 3.8, Diff: 0.1, Sum: 7.4]
      [GC Worker End (ms): Min: 487154437.4, Avg: 487154437.4, Max: 487154437.4, Diff: 0.0]
   [Code Root Fixup: 0.0 ms]
   [Code Root Purge: 0.0 ms]
   [Clear CT: 0.3 ms]
   [Other: 1.8 ms]
      [Choose CSet: 0.0 ms]
      [Ref Proc: 0.1 ms]
      [Ref Enq: 0.0 ms]
      [Redirty Cards: 0.0 ms]
      [Humongous Register: 0.9 ms]
      [Humongous Reclaim: 0.0 ms]
      [Free CSet: 0.4 ms]
   [Eden: 70.0M(70.0M)->0.0B(90.0M) Survivors: 1024.0K->1024.0K Heap: 74.1M(512.0M)->4214.8K(512.0M)]
 [Times: user=0.01 sys=0.00, real=0.01 secs] 
2018-06-17T13:06:57.001+0800: 503844.567: [GC pause (G1 Evacuation Pause) (young), 0.0053523 secs]
   [Parallel Time: 2.8 ms, GC Workers: 2]
      [GC Worker Start (ms): Min: 503844568.5, Avg: 503844568.6, Max: 503844568.6, Diff: 0.0]
      [Ext Root Scanning (ms): Min: 1.8, Avg: 1.8, Max: 1.9, Diff: 0.1, Sum: 3.7]
      [Update RS (ms): Min: 0.1, Avg: 0.4, Max: 0.7, Diff: 0.6, Sum: 0.7]
         [Processed Buffers: Min: 1, Avg: 1.5, Max: 2, Diff: 1, Sum: 3]
      [Scan RS (ms): Min: 0.0, Avg: 0.1, Max: 0.3, Diff: 0.3, Sum: 0.3]
      [Code Root Scanning (ms): Min: 0.0, Avg: 0.1, Max: 0.2, Diff: 0.2, Sum: 0.2]
      [Object Copy (ms): Min: 0.0, Avg: 0.1, Max: 0.2, Diff: 0.1, Sum: 0.2]
      [Termination (ms): Min: 0.0, Avg: 0.0, Max: 0.0, Diff: 0.0, Sum: 0.0]
         [Termination Attempts: Min: 1, Avg: 1.0, Max: 1, Diff: 0, Sum: 2]
      [GC Worker Other (ms): Min: 0.1, Avg: 0.1, Max: 0.1, Diff: 0.0, Sum: 0.1]
      [GC Worker Total (ms): Min: 2.6, Avg: 2.6, Max: 2.7, Diff: 0.0, Sum: 5.3]
      [GC Worker End (ms): Min: 503844571.2, Avg: 503844571.2, Max: 503844571.2, Diff: 0.0]
   [Code Root Fixup: 0.0 ms]
   [Code Root Purge: 0.0 ms]
   [Clear CT: 0.6 ms]
   [Other: 2.0 ms]
      [Choose CSet: 0.0 ms]
      [Ref Proc: 0.1 ms]
      [Ref Enq: 0.0 ms]
      [Redirty Cards: 0.1 ms]
      [Humongous Register: 0.8 ms]
      [Humongous Reclaim: 0.0 ms]
      [Free CSet: 0.6 ms]
   [Eden: 90.0M(90.0M)->0.0B(114.0M) Survivors: 1024.0K->1024.0K Heap: 94.1M(512.0M)->4194.2K(512.0M)]
 [Times: user=0.01 sys=0.00, real=0.01 secs] 
2018-06-17T19:00:46.813+0800: 525074.380: [GC pause (G1 Evacuation Pause) (young), 0.0044966 secs]
   [Parallel Time: 2.2 ms, GC Workers: 2]
      [GC Worker Start (ms): Min: 525074380.6, Avg: 525074380.6, Max: 525074380.6, Diff: 0.0]
      [Ext Root Scanning (ms): Min: 1.5, Avg: 1.6, Max: 1.6, Diff: 0.1, Sum: 3.2]
      [Update RS (ms): Min: 0.0, Avg: 0.1, Max: 0.1, Diff: 0.0, Sum: 0.1]
         [Processed Buffers: Min: 1, Avg: 1.5, Max: 2, Diff: 1, Sum: 3]
      [Scan RS (ms): Min: 0.1, Avg: 0.1, Max: 0.2, Diff: 0.0, Sum: 0.3]
      [Code Root Scanning (ms): Min: 0.1, Avg: 0.1, Max: 0.1, Diff: 0.0, Sum: 0.2]
      [Object Copy (ms): Min: 0.0, Avg: 0.1, Max: 0.1, Diff: 0.1, Sum: 0.2]
      [Termination (ms): Min: 0.0, Avg: 0.0, Max: 0.0, Diff: 0.0, Sum: 0.0]
         [Termination Attempts: Min: 1, Avg: 1.0, Max: 1, Diff: 0, Sum: 2]
      [GC Worker Other (ms): Min: 0.1, Avg: 0.1, Max: 0.1, Diff: 0.0, Sum: 0.1]
      [GC Worker Total (ms): Min: 2.0, Avg: 2.0, Max: 2.1, Diff: 0.1, Sum: 4.1]
      [GC Worker End (ms): Min: 525074382.6, Avg: 525074382.6, Max: 525074382.6, Diff: 0.0]
   [Code Root Fixup: 0.0 ms]
   [Code Root Purge: 0.0 ms]
   [Clear CT: 0.4 ms]
   [Other: 1.9 ms]
      [Choose CSet: 0.0 ms]
      [Ref Proc: 0.2 ms]
      [Ref Enq: 0.0 ms]
      [Redirty Cards: 0.1 ms]
      [Humongous Register: 0.7 ms]
      [Humongous Reclaim: 0.0 ms]
      [Free CSet: 0.6 ms]
   [Eden: 114.0M(114.0M)->0.0B(147.0M) Survivors: 1024.0K->1024.0K Heap: 118.1M(512.0M)->4194.2K(512.0M)]
 [Times: user=0.01 sys=0.00, real=0.00 secs] 
2018-06-18T02:37:41.095+0800: 552488.662: [GC pause (G1 Evacuation Pause) (young), 0.3160175 secs]
   [Parallel Time: 2.4 ms, GC Workers: 2]
      [GC Worker Start (ms): Min: 552488782.5, Avg: 552488782.5, Max: 552488782.5, Diff: 0.0]
      [Ext Root Scanning (ms): Min: 1.5, Avg: 1.7, Max: 1.8, Diff: 0.3, Sum: 3.4]
      [Update RS (ms): Min: 0.0, Avg: 0.1, Max: 0.1, Diff: 0.1, Sum: 0.1]
         [Processed Buffers: Min: 0, Avg: 2.5, Max: 5, Diff: 5, Sum: 5]
      [Scan RS (ms): Min: 0.2, Avg: 0.2, Max: 0.2, Diff: 0.0, Sum: 0.3]
      [Code Root Scanning (ms): Min: 0.1, Avg: 0.1, Max: 0.1, Diff: 0.0, Sum: 0.2]
      [Object Copy (ms): Min: 0.0, Avg: 0.1, Max: 0.2, Diff: 0.2, Sum: 0.2]
      [Termination (ms): Min: 0.0, Avg: 0.0, Max: 0.0, Diff: 0.0, Sum: 0.0]
         [Termination Attempts: Min: 1, Avg: 1.0, Max: 1, Diff: 0, Sum: 2]
      [GC Worker Other (ms): Min: 0.1, Avg: 0.1, Max: 0.1, Diff: 0.0, Sum: 0.1]
      [GC Worker Total (ms): Min: 2.2, Avg: 2.2, Max: 2.2, Diff: 0.0, Sum: 4.4]
      [GC Worker End (ms): Min: 552488784.7, Avg: 552488784.7, Max: 552488784.7, Diff: 0.0]
   [Code Root Fixup: 0.0 ms]
   [Code Root Purge: 0.0 ms]
   [Clear CT: 0.7 ms]
   [Other: 312.9 ms]
      [Choose CSet: 0.0 ms]
      [Ref Proc: 23.6 ms]
      [Ref Enq: 0.0 ms]
      [Redirty Cards: 0.1 ms]
      [Humongous Register: 0.7 ms]
      [Humongous Reclaim: 0.0 ms]
      [Free CSet: 168.5 ms]
   [Eden: 147.0M(147.0M)->0.0B(24.0M) Survivors: 1024.0K->1024.0K Heap: 151.1M(512.0M)->4193.0K(512.0M)]
 [Times: user=0.01 sys=0.00, real=0.32 secs] 
2018-06-18T03:52:24.001+0800: 556971.567: [GC pause (G1 Evacuation Pause) (young), 0.0419059 secs]
   [Parallel Time: 2.0 ms, GC Workers: 2]
      [GC Worker Start (ms): Min: 556971569.0, Avg: 556971569.1, Max: 556971569.2, Diff: 0.2]
      [Ext Root Scanning (ms): Min: 1.4, Avg: 1.6, Max: 1.8, Diff: 0.4, Sum: 3.2]
      [Update RS (ms): Min: 0.0, Avg: 0.1, Max: 0.1, Diff: 0.1, Sum: 0.1]
         [Processed Buffers: Min: 1, Avg: 1.5, Max: 2, Diff: 1, Sum: 3]
      [Scan RS (ms): Min: 0.0, Avg: 0.0, Max: 0.0, Diff: 0.0, Sum: 0.1]
      [Code Root Scanning (ms): Min: 0.0, Avg: 0.0, Max: 0.0, Diff: 0.0, Sum: 0.0]
      [Object Copy (ms): Min: 0.0, Avg: 0.1, Max: 0.1, Diff: 0.1, Sum: 0.2]
      [Termination (ms): Min: 0.0, Avg: 0.0, Max: 0.0, Diff: 0.0, Sum: 0.0]
         [Termination Attempts: Min: 1, Avg: 1.0, Max: 1, Diff: 0, Sum: 2]
      [GC Worker Other (ms): Min: 0.0, Avg: 0.1, Max: 0.1, Diff: 0.0, Sum: 0.1]
      [GC Worker Total (ms): Min: 1.7, Avg: 1.8, Max: 1.9, Diff: 0.2, Sum: 3.7]
      [GC Worker End (ms): Min: 556971570.9, Avg: 556971570.9, Max: 556971570.9, Diff: 0.0]
   [Code Root Fixup: 0.0 ms]
   [Code Root Purge: 0.0 ms]
   [Clear CT: 0.1 ms]
   [Other: 39.7 ms]
      [Choose CSet: 0.0 ms]
      [Ref Proc: 0.2 ms]
      [Ref Enq: 0.0 ms]
      [Redirty Cards: 0.1 ms]
      [Humongous Register: 1.3 ms]
      [Humongous Reclaim: 0.0 ms]
      [Free CSet: 37.6 ms]
   [Eden: 24.0M(24.0M)->0.0B(24.0M) Survivors: 1024.0K->1024.0K Heap: 28.1M(512.0M)->4193.0K(512.0M)]
 [Times: user=0.00 sys=0.00, real=0.04 secs] 
2018-06-18T05:07:21.263+0800: 561468.830: [GC pause (G1 Evacuation Pause) (young), 0.0046208 secs]
   [Parallel Time: 2.2 ms, GC Workers: 2]
      [GC Worker Start (ms): Min: 561468831.6, Avg: 561468831.6, Max: 561468831.7, Diff: 0.1]
      [Ext Root Scanning (ms): Min: 1.7, Avg: 1.7, Max: 1.8, Diff: 0.1, Sum: 3.5]
      [Update RS (ms): Min: 0.1, Avg: 0.1, Max: 0.1, Diff: 0.0, Sum: 0.2]
         [Processed Buffers: Min: 1, Avg: 1.5, Max: 2, Diff: 1, Sum: 3]
      [Scan RS (ms): Min: 0.0, Avg: 0.0, Max: 0.0, Diff: 0.0, Sum: 0.1]
      [Code Root Scanning (ms): Min: 0.0, Avg: 0.0, Max: 0.0, Diff: 0.0, Sum: 0.0]
      [Object Copy (ms): Min: 0.0, Avg: 0.1, Max: 0.1, Diff: 0.1, Sum: 0.2]
      [Termination (ms): Min: 0.0, Avg: 0.0, Max: 0.0, Diff: 0.0, Sum: 0.0]
         [Termination Attempts: Min: 1, Avg: 1.0, Max: 1, Diff: 0, Sum: 2]
      [GC Worker Other (ms): Min: 0.1, Avg: 0.1, Max: 0.1, Diff: 0.0, Sum: 0.1]
      [GC Worker Total (ms): Min: 2.0, Avg: 2.0, Max: 2.1, Diff: 0.1, Sum: 4.0]
      [GC Worker End (ms): Min: 561468833.6, Avg: 561468833.7, Max: 561468833.7, Diff: 0.0]
   [Code Root Fixup: 0.0 ms]
   [Code Root Purge: 0.0 ms]
   [Clear CT: 0.1 ms]
   [Other: 2.3 ms]
      [Choose CSet: 0.0 ms]
      [Ref Proc: 0.3 ms]
      [Ref Enq: 0.0 ms]
      [Redirty Cards: 0.1 ms]
      [Humongous Register: 1.4 ms]
      [Humongous Reclaim: 0.0 ms]
      [Free CSet: 0.1 ms]
   [Eden: 24.0M(24.0M)->0.0B(24.0M) Survivors: 1024.0K->1024.0K Heap: 28.1M(512.0M)->4193.0K(512.0M)]
 [Times: user=0.01 sys=0.00, real=0.01 secs] 
2018-06-18T06:22:04.935+0800: 565952.501: [GC pause (G1 Evacuation Pause) (young), 0.0069288 secs]
   [Parallel Time: 2.8 ms, GC Workers: 2]
      [GC Worker Start (ms): Min: 565952502.9, Avg: 565952503.1, Max: 565952503.3, Diff: 0.4]
      [Ext Root Scanning (ms): Min: 2.0, Avg: 2.2, Max: 2.4, Diff: 0.4, Sum: 4.5]
      [Update RS (ms): Min: 0.1, Avg: 0.1, Max: 0.1, Diff: 0.0, Sum: 0.2]
         [Processed Buffers: Min: 1, Avg: 1.5, Max: 2, Diff: 1, Sum: 3]
      [Scan RS (ms): Min: 0.0, Avg: 0.0, Max: 0.0, Diff: 0.0, Sum: 0.1]
      [Code Root Scanning (ms): Min: 0.0, Avg: 0.0, Max: 0.0, Diff: 0.0, Sum: 0.0]
      [Object Copy (ms): Min: 0.1, Avg: 0.1, Max: 0.1, Diff: 0.1, Sum: 0.2]
      [Termination (ms): Min: 0.0, Avg: 0.0, Max: 0.0, Diff: 0.0, Sum: 0.0]
         [Termination Attempts: Min: 1, Avg: 1.0, Max: 1, Diff: 0, Sum: 2]
      [GC Worker Other (ms): Min: 0.0, Avg: 0.1, Max: 0.1, Diff: 0.0, Sum: 0.1]
      [GC Worker Total (ms): Min: 2.3, Avg: 2.5, Max: 2.7, Diff: 0.4, Sum: 5.1]
      [GC Worker End (ms): Min: 565952505.6, Avg: 565952505.6, Max: 565952505.6, Diff: 0.0]
   [Code Root Fixup: 0.0 ms]
   [Code Root Purge: 0.0 ms]
   [Clear CT: 0.2 ms]
   [Other: 3.9 ms]
      [Choose CSet: 0.0 ms]
      [Ref Proc: 1.9 ms]
      [Ref Enq: 0.0 ms]
      [Redirty Cards: 0.1 ms]
      [Humongous Register: 1.2 ms]
      [Humongous Reclaim: 0.0 ms]
      [Free CSet: 0.3 ms]
   [Eden: 24.0M(24.0M)->0.0B(24.0M) Survivors: 1024.0K->1024.0K Heap: 28.1M(512.0M)->4193.0K(512.0M)]
 [Times: user=0.01 sys=0.00, real=0.01 secs] 
2018-06-18T07:36:51.002+0800: 570438.568: [GC pause (G1 Evacuation Pause) (young), 0.0046983 secs]
   [Parallel Time: 2.8 ms, GC Workers: 2]
      [GC Worker Start (ms): Min: 570438569.6, Avg: 570438569.6, Max: 570438569.7, Diff: 0.0]
      [Ext Root Scanning (ms): Min: 1.5, Avg: 1.5, Max: 1.5, Diff: 0.1, Sum: 3.0]
      [Update RS (ms): Min: 0.1, Avg: 0.1, Max: 0.1, Diff: 0.1, Sum: 0.2]
         [Processed Buffers: Min: 2, Avg: 2.0, Max: 2, Diff: 0, Sum: 4]
      [Scan RS (ms): Min: 0.0, Avg: 0.0, Max: 0.0, Diff: 0.0, Sum: 0.1]
      [Code Root Scanning (ms): Min: 0.0, Avg: 0.0, Max: 0.0, Diff: 0.0, Sum: 0.0]
      [Object Copy (ms): Min: 0.0, Avg: 0.5, Max: 0.9, Diff: 0.9, Sum: 0.9]
      [Termination (ms): Min: 0.0, Avg: 0.4, Max: 0.8, Diff: 0.8, Sum: 0.8]
         [Termination Attempts: Min: 1, Avg: 1.0, Max: 1, Diff: 0, Sum: 2]
      [GC Worker Other (ms): Min: 0.0, Avg: 0.0, Max: 0.1, Diff: 0.0, Sum: 0.1]
      [GC Worker Total (ms): Min: 2.5, Avg: 2.6, Max: 2.6, Diff: 0.1, Sum: 5.1]
      [GC Worker End (ms): Min: 570438572.2, Avg: 570438572.2, Max: 570438572.2, Diff: 0.0]
   [Code Root Fixup: 0.0 ms]
   [Code Root Purge: 0.0 ms]
   [Clear CT: 0.1 ms]
   [Other: 1.8 ms]
      [Choose CSet: 0.0 ms]
      [Ref Proc: 0.1 ms]
      [Ref Enq: 0.0 ms]
      [Redirty Cards: 0.1 ms]
      [Humongous Register: 0.9 ms]
      [Humongous Reclaim: 0.0 ms]
      [Free CSet: 0.2 ms]
   [Eden: 24.0M(24.0M)->0.0B(24.0M) Survivors: 1024.0K->1024.0K Heap: 28.1M(512.0M)->4193.0K(512.0M)]
 [Times: user=0.01 sys=0.00, real=0.00 secs] 
2018-06-18T08:51:42.276+0800: 574929.843: [GC pause (G1 Evacuation Pause) (young), 0.0034228 secs]
   [Parallel Time: 1.8 ms, GC Workers: 2]
      [GC Worker Start (ms): Min: 574929843.8, Avg: 574929843.8, Max: 574929843.8, Diff: 0.0]
      [Ext Root Scanning (ms): Min: 1.4, Avg: 1.5, Max: 1.5, Diff: 0.1, Sum: 3.0]
      [Update RS (ms): Min: 0.1, Avg: 0.1, Max: 0.1, Diff: 0.0, Sum: 0.1]
         [Processed Buffers: Min: 1, Avg: 1.5, Max: 2, Diff: 1, Sum: 3]
      [Scan RS (ms): Min: 0.0, Avg: 0.0, Max: 0.0, Diff: 0.0, Sum: 0.1]
      [Code Root Scanning (ms): Min: 0.0, Avg: 0.0, Max: 0.0, Diff: 0.0, Sum: 0.0]
      [Object Copy (ms): Min: 0.0, Avg: 0.1, Max: 0.1, Diff: 0.1, Sum: 0.1]
      [Termination (ms): Min: 0.0, Avg: 0.0, Max: 0.0, Diff: 0.0, Sum: 0.0]
         [Termination Attempts: Min: 1, Avg: 1.0, Max: 1, Diff: 0, Sum: 2]
      [GC Worker Other (ms): Min: 0.0, Avg: 0.0, Max: 0.0, Diff: 0.0, Sum: 0.1]
      [GC Worker Total (ms): Min: 1.7, Avg: 1.7, Max: 1.7, Diff: 0.0, Sum: 3.4]
      [GC Worker End (ms): Min: 574929845.5, Avg: 574929845.5, Max: 574929845.5, Diff: 0.0]
   [Code Root Fixup: 0.0 ms]
   [Code Root Purge: 0.0 ms]
   [Clear CT: 0.1 ms]
   [Other: 1.5 ms]
      [Choose CSet: 0.0 ms]
      [Ref Proc: 0.2 ms]
      [Ref Enq: 0.0 ms]
      [Redirty Cards: 0.0 ms]
      [Humongous Register: 0.9 ms]
      [Humongous Reclaim: 0.0 ms]
      [Free CSet: 0.1 ms]
   [Eden: 24.0M(24.0M)->0.0B(24.0M) Survivors: 1024.0K->1024.0K Heap: 28.1M(512.0M)->4191.0K(512.0M)]
 [Times: user=0.00 sys=0.00, real=0.00 secs] 
2018-06-18T10:06:25.051+0800: 579412.618: [GC pause (G1 Evacuation Pause) (young), 0.0084103 secs]
   [Parallel Time: 6.5 ms, GC Workers: 2]
      [GC Worker Start (ms): Min: 579412619.4, Avg: 579412621.0, Max: 579412622.7, Diff: 3.3]
      [Ext Root Scanning (ms): Min: 0.0, Avg: 1.2, Max: 2.4, Diff: 2.4, Sum: 2.5]
      [Update RS (ms): Min: 0.0, Avg: 0.1, Max: 0.2, Diff: 0.2, Sum: 0.2]
         [Processed Buffers: Min: 0, Avg: 1.5, Max: 3, Diff: 3, Sum: 3]
      [Scan RS (ms): Min: 0.0, Avg: 0.0, Max: 0.1, Diff: 0.0, Sum: 0.1]
      [Code Root Scanning (ms): Min: 0.0, Avg: 0.0, Max: 0.0, Diff: 0.0, Sum: 0.0]
      [Object Copy (ms): Min: 0.0, Avg: 0.1, Max: 0.2, Diff: 0.2, Sum: 0.2]
      [Termination (ms): Min: 0.0, Avg: 1.7, Max: 3.4, Diff: 3.4, Sum: 3.4]
         [Termination Attempts: Min: 1, Avg: 1.0, Max: 1, Diff: 0, Sum: 2]
      [GC Worker Other (ms): Min: 0.0, Avg: 0.0, Max: 0.0, Diff: 0.0, Sum: 0.1]
      [GC Worker Total (ms): Min: 0.1, Avg: 3.2, Max: 6.3, Diff: 6.2, Sum: 6.4]
      [GC Worker End (ms): Min: 579412622.8, Avg: 579412624.2, Max: 579412625.7, Diff: 2.9]
   [Code Root Fixup: 0.0 ms]
   [Code Root Purge: 0.0 ms]
   [Clear CT: 0.1 ms]
   [Other: 1.8 ms]
      [Choose CSet: 0.0 ms]
      [Ref Proc: 0.2 ms]
      [Ref Enq: 0.0 ms]
      [Redirty Cards: 0.0 ms]
      [Humongous Register: 0.9 ms]
      [Humongous Reclaim: 0.0 ms]
      [Free CSet: 0.2 ms]
   [Eden: 24.0M(24.0M)->0.0B(24.0M) Survivors: 1024.0K->1024.0K Heap: 28.1M(512.0M)->4191.0K(512.0M)]
 [Times: user=0.01 sys=0.00, real=0.01 secs] 
2018-06-18T11:21:07.836+0800: 583895.403: [GC pause (G1 Evacuation Pause) (young), 0.0037532 secs]
   [Parallel Time: 1.9 ms, GC Workers: 2]
      [GC Worker Start (ms): Min: 583895403.7, Avg: 583895403.8, Max: 583895403.8, Diff: 0.0]
      [Ext Root Scanning (ms): Min: 1.4, Avg: 1.5, Max: 1.6, Diff: 0.2, Sum: 3.0]
      [Update RS (ms): Min: 0.0, Avg: 0.1, Max: 0.1, Diff: 0.1, Sum: 0.1]
         [Processed Buffers: Min: 2, Avg: 2.0, Max: 2, Diff: 0, Sum: 4]
      [Scan RS (ms): Min: 0.0, Avg: 0.0, Max: 0.0, Diff: 0.0, Sum: 0.1]
      [Code Root Scanning (ms): Min: 0.0, Avg: 0.0, Max: 0.0, Diff: 0.0, Sum: 0.0]
      [Object Copy (ms): Min: 0.0, Avg: 0.1, Max: 0.1, Diff: 0.1, Sum: 0.1]
      [Termination (ms): Min: 0.0, Avg: 0.0, Max: 0.0, Diff: 0.0, Sum: 0.0]
         [Termination Attempts: Min: 1, Avg: 1.0, Max: 1, Diff: 0, Sum: 2]
      [GC Worker Other (ms): Min: 0.0, Avg: 0.0, Max: 0.1, Diff: 0.0, Sum: 0.1]
      [GC Worker Total (ms): Min: 1.7, Avg: 1.7, Max: 1.8, Diff: 0.0, Sum: 3.5]
      [GC Worker End (ms): Min: 583895405.5, Avg: 583895405.5, Max: 583895405.5, Diff: 0.0]
   [Code Root Fixup: 0.0 ms]
   [Code Root Purge: 0.0 ms]
   [Clear CT: 0.2 ms]
   [Other: 1.7 ms]
      [Choose CSet: 0.0 ms]
      [Ref Proc: 0.1 ms]
      [Ref Enq: 0.0 ms]
      [Redirty Cards: 0.1 ms]
      [Humongous Register: 0.9 ms]
      [Humongous Reclaim: 0.0 ms]
      [Free CSet: 0.2 ms]
   [Eden: 24.0M(24.0M)->0.0B(24.0M) Survivors: 1024.0K->1024.0K Heap: 28.1M(512.0M)->4193.0K(512.0M)]
 [Times: user=0.00 sys=0.00, real=0.00 secs] 
2018-06-18T12:35:51.000+0800: 588378.567: [GC pause (G1 Evacuation Pause) (young), 0.0036913 secs]
   [Parallel Time: 1.9 ms, GC Workers: 2]
      [GC Worker Start (ms): Min: 588378568.4, Avg: 588378568.4, Max: 588378568.4, Diff: 0.0]
      [Ext Root Scanning (ms): Min: 1.4, Avg: 1.5, Max: 1.5, Diff: 0.1, Sum: 2.9]
      [Update RS (ms): Min: 0.1, Avg: 0.1, Max: 0.1, Diff: 0.1, Sum: 0.2]
         [Processed Buffers: Min: 1, Avg: 1.5, Max: 2, Diff: 1, Sum: 3]
      [Scan RS (ms): Min: 0.0, Avg: 0.0, Max: 0.0, Diff: 0.0, Sum: 0.1]
      [Code Root Scanning (ms): Min: 0.0, Avg: 0.0, Max: 0.0, Diff: 0.0, Sum: 0.0]
      [Object Copy (ms): Min: 0.0, Avg: 0.1, Max: 0.2, Diff: 0.1, Sum: 0.2]
      [Termination (ms): Min: 0.0, Avg: 0.0, Max: 0.0, Diff: 0.0, Sum: 0.0]
         [Termination Attempts: Min: 1, Avg: 1.0, Max: 1, Diff: 0, Sum: 2]
      [GC Worker Other (ms): Min: 0.0, Avg: 0.1, Max: 0.1, Diff: 0.0, Sum: 0.1]
      [GC Worker Total (ms): Min: 1.7, Avg: 1.8, Max: 1.8, Diff: 0.0, Sum: 3.5]
      [GC Worker End (ms): Min: 588378570.2, Avg: 588378570.2, Max: 588378570.2, Diff: 0.0]
   [Code Root Fixup: 0.0 ms]
   [Code Root Purge: 0.0 ms]
   [Clear CT: 0.1 ms]
   [Other: 1.6 ms]
      [Choose CSet: 0.0 ms]
      [Ref Proc: 0.1 ms]
      [Ref Enq: 0.0 ms]
      [Redirty Cards: 0.1 ms]
      [Humongous Register: 1.0 ms]
      [Humongous Reclaim: 0.0 ms]
      [Free CSet: 0.1 ms]
   [Eden: 24.0M(24.0M)->0.0B(30.0M) Survivors: 1024.0K->1024.0K Heap: 28.1M(512.0M)->4193.0K(512.0M)]
 [Times: user=0.01 sys=0.00, real=0.00 secs] 
2018-06-18T14:08:27.001+0800: 593934.567: [GC pause (G1 Evacuation Pause) (young), 0.0038925 secs]
   [Parallel Time: 2.0 ms, GC Workers: 2]
      [GC Worker Start (ms): Min: 593934568.7, Avg: 593934568.7, Max: 593934568.7, Diff: 0.0]
      [Ext Root Scanning (ms): Min: 1.5, Avg: 1.5, Max: 1.6, Diff: 0.1, Sum: 3.1]
      [Update RS (ms): Min: 0.1, Avg: 0.1, Max: 0.1, Diff: 0.0, Sum: 0.2]
         [Processed Buffers: Min: 1, Avg: 1.5, Max: 2, Diff: 1, Sum: 3]
      [Scan RS (ms): Min: 0.0, Avg: 0.0, Max: 0.0, Diff: 0.0, Sum: 0.1]
      [Code Root Scanning (ms): Min: 0.0, Avg: 0.0, Max: 0.0, Diff: 0.0, Sum: 0.0]
      [Object Copy (ms): Min: 0.1, Avg: 0.1, Max: 0.2, Diff: 0.1, Sum: 0.2]
      [Termination (ms): Min: 0.0, Avg: 0.0, Max: 0.0, Diff: 0.0, Sum: 0.0]
         [Termination Attempts: Min: 1, Avg: 1.0, Max: 1, Diff: 0, Sum: 2]
      [GC Worker Other (ms): Min: 0.0, Avg: 0.1, Max: 0.1, Diff: 0.0, Sum: 0.1]
      [GC Worker Total (ms): Min: 1.9, Avg: 1.9, Max: 1.9, Diff: 0.0, Sum: 3.8]
      [GC Worker End (ms): Min: 593934570.6, Avg: 593934570.6, Max: 593934570.6, Diff: 0.0]
   [Code Root Fixup: 0.0 ms]
   [Code Root Purge: 0.0 ms]
   [Clear CT: 0.1 ms]
   [Other: 1.7 ms]
      [Choose CSet: 0.0 ms]
      [Ref Proc: 0.1 ms]
      [Ref Enq: 0.0 ms]
      [Redirty Cards: 0.1 ms]
      [Humongous Register: 0.9 ms]
      [Humongous Reclaim: 0.0 ms]
      [Free CSet: 0.2 ms]
   [Eden: 30.0M(30.0M)->0.0B(53.0M) Survivors: 1024.0K->1024.0K Heap: 34.1M(512.0M)->4193.0K(512.0M)]
 [Times: user=0.00 sys=0.00, real=0.00 secs] 
2018-06-18T16:53:07.300+0800: 603814.866: [GC pause (G1 Evacuation Pause) (young), 0.0042652 secs]
   [Parallel Time: 2.3 ms, GC Workers: 2]
      [GC Worker Start (ms): Min: 603814867.4, Avg: 603814867.4, Max: 603814867.4, Diff: 0.0]
      [Ext Root Scanning (ms): Min: 1.8, Avg: 1.8, Max: 1.9, Diff: 0.1, Sum: 3.6]
      [Update RS (ms): Min: 0.1, Avg: 0.1, Max: 0.1, Diff: 0.0, Sum: 0.2]
         [Processed Buffers: Min: 1, Avg: 1.5, Max: 2, Diff: 1, Sum: 3]
      [Scan RS (ms): Min: 0.1, Avg: 0.1, Max: 0.1, Diff: 0.0, Sum: 0.2]
      [Code Root Scanning (ms): Min: 0.1, Avg: 0.1, Max: 0.1, Diff: 0.0, Sum: 0.1]
      [Object Copy (ms): Min: 0.0, Avg: 0.1, Max: 0.1, Diff: 0.1, Sum: 0.2]
      [Termination (ms): Min: 0.0, Avg: 0.0, Max: 0.0, Diff: 0.0, Sum: 0.0]
         [Termination Attempts: Min: 1, Avg: 1.0, Max: 1, Diff: 0, Sum: 2]
      [GC Worker Other (ms): Min: 0.1, Avg: 0.1, Max: 0.1, Diff: 0.0, Sum: 0.1]
      [GC Worker Total (ms): Min: 2.2, Avg: 2.2, Max: 2.2, Diff: 0.0, Sum: 4.3]
      [GC Worker End (ms): Min: 603814869.6, Avg: 603814869.6, Max: 603814869.6, Diff: 0.0]
   [Code Root Fixup: 0.0 ms]
   [Code Root Purge: 0.0 ms]
   [Clear CT: 0.2 ms]
   [Other: 1.7 ms]
      [Choose CSet: 0.0 ms]
      [Ref Proc: 0.2 ms]
      [Ref Enq: 0.0 ms]
      [Redirty Cards: 0.1 ms]
      [Humongous Register: 0.8 ms]
      [Humongous Reclaim: 0.0 ms]
      [Free CSet: 0.3 ms]
   [Eden: 53.0M(53.0M)->0.0B(80.0M) Survivors: 1024.0K->1024.0K Heap: 57.1M(512.0M)->4191.0K(512.0M)]
 [Times: user=0.00 sys=0.00, real=0.01 secs] 
2018-06-18T21:00:54.001+0800: 618681.567: [GC pause (G1 Evacuation Pause) (young), 0.0046924 secs]
   [Parallel Time: 2.2 ms, GC Workers: 2]
      [GC Worker Start (ms): Min: 618681568.6, Avg: 618681568.6, Max: 618681568.7, Diff: 0.0]
      [Ext Root Scanning (ms): Min: 1.5, Avg: 1.5, Max: 1.6, Diff: 0.1, Sum: 3.1]
      [Update RS (ms): Min: 0.1, Avg: 0.1, Max: 0.1, Diff: 0.0, Sum: 0.2]
         [Processed Buffers: Min: 1, Avg: 2.0, Max: 3, Diff: 2, Sum: 4]
      [Scan RS (ms): Min: 0.1, Avg: 0.1, Max: 0.1, Diff: 0.0, Sum: 0.2]
      [Code Root Scanning (ms): Min: 0.1, Avg: 0.1, Max: 0.1, Diff: 0.0, Sum: 0.1]
      [Object Copy (ms): Min: 0.0, Avg: 0.1, Max: 0.1, Diff: 0.1, Sum: 0.2]
      [Termination (ms): Min: 0.0, Avg: 0.0, Max: 0.0, Diff: 0.0, Sum: 0.0]
         [Termination Attempts: Min: 1, Avg: 1.0, Max: 1, Diff: 0, Sum: 2]
      [GC Worker Other (ms): Min: 0.0, Avg: 0.1, Max: 0.1, Diff: 0.0, Sum: 0.1]
      [GC Worker Total (ms): Min: 2.0, Avg: 2.0, Max: 2.0, Diff: 0.1, Sum: 4.0]
      [GC Worker End (ms): Min: 618681570.6, Avg: 618681570.6, Max: 618681570.6, Diff: 0.0]
   [Code Root Fixup: 0.0 ms]
   [Code Root Purge: 0.0 ms]
   [Clear CT: 0.5 ms]
   [Other: 2.0 ms]
      [Choose CSet: 0.0 ms]
      [Ref Proc: 0.2 ms]
      [Ref Enq: 0.0 ms]
      [Redirty Cards: 0.1 ms]
      [Humongous Register: 0.8 ms]
      [Humongous Reclaim: 0.0 ms]
      [Free CSet: 0.5 ms]
   [Eden: 80.0M(80.0M)->0.0B(112.0M) Survivors: 1024.0K->1024.0K Heap: 84.1M(512.0M)->4193.0K(512.0M)]
 [Times: user=0.00 sys=0.00, real=0.00 secs] 
2018-06-19T02:50:26.636+0800: 639654.203: [GC pause (G1 Evacuation Pause) (young), 0.0056649 secs]
   [Parallel Time: 2.7 ms, GC Workers: 2]
      [GC Worker Start (ms): Min: 639654203.8, Avg: 639654203.8, Max: 639654203.9, Diff: 0.0]
      [Ext Root Scanning (ms): Min: 1.6, Avg: 2.0, Max: 2.4, Diff: 0.9, Sum: 4.0]
      [Update RS (ms): Min: 0.0, Avg: 0.1, Max: 0.2, Diff: 0.2, Sum: 0.2]
         [Processed Buffers: Min: 0, Avg: 2.0, Max: 4, Diff: 4, Sum: 4]
      [Scan RS (ms): Min: 0.0, Avg: 0.1, Max: 0.3, Diff: 0.2, Sum: 0.3]
      [Code Root Scanning (ms): Min: 0.0, Avg: 0.1, Max: 0.2, Diff: 0.2, Sum: 0.2]
      [Object Copy (ms): Min: 0.0, Avg: 0.1, Max: 0.2, Diff: 0.2, Sum: 0.2]
      [Termination (ms): Min: 0.0, Avg: 0.0, Max: 0.0, Diff: 0.0, Sum: 0.0]
         [Termination Attempts: Min: 1, Avg: 1.0, Max: 1, Diff: 0, Sum: 2]
      [GC Worker Other (ms): Min: 0.1, Avg: 0.1, Max: 0.1, Diff: 0.0, Sum: 0.1]
      [GC Worker Total (ms): Min: 2.5, Avg: 2.5, Max: 2.5, Diff: 0.0, Sum: 5.0]
      [GC Worker End (ms): Min: 639654206.4, Avg: 639654206.4, Max: 639654206.4, Diff: 0.0]
   [Code Root Fixup: 0.0 ms]
   [Code Root Purge: 0.0 ms]
   [Clear CT: 0.6 ms]
   [Other: 2.4 ms]
      [Choose CSet: 0.0 ms]
      [Ref Proc: 0.3 ms]
      [Ref Enq: 0.0 ms]
      [Redirty Cards: 0.1 ms]
      [Humongous Register: 0.9 ms]
      [Humongous Reclaim: 0.0 ms]
      [Free CSet: 0.7 ms]
   [Eden: 112.0M(112.0M)->0.0B(147.0M) Survivors: 1024.0K->1024.0K Heap: 116.1M(512.0M)->4191.0K(512.0M)]
 [Times: user=0.00 sys=0.00, real=0.01 secs] 
2018-06-19T10:28:52.145+0800: 667159.711: [GC pause (G1 Evacuation Pause) (young), 0.0054666 secs]
   [Parallel Time: 2.2 ms, GC Workers: 2]
      [GC Worker Start (ms): Min: 667159712.6, Avg: 667159712.6, Max: 667159712.6, Diff: 0.1]
      [Ext Root Scanning (ms): Min: 1.4, Avg: 1.5, Max: 1.6, Diff: 0.1, Sum: 3.0]
      [Update RS (ms): Min: 0.1, Avg: 0.1, Max: 0.1, Diff: 0.0, Sum: 0.1]
         [Processed Buffers: Min: 1, Avg: 1.5, Max: 2, Diff: 1, Sum: 3]
      [Scan RS (ms): Min: 0.2, Avg: 0.2, Max: 0.2, Diff: 0.0, Sum: 0.4]
      [Code Root Scanning (ms): Min: 0.1, Avg: 0.1, Max: 0.1, Diff: 0.0, Sum: 0.2]
      [Object Copy (ms): Min: 0.0, Avg: 0.1, Max: 0.1, Diff: 0.1, Sum: 0.1]
      [Termination (ms): Min: 0.0, Avg: 0.0, Max: 0.0, Diff: 0.0, Sum: 0.0]
         [Termination Attempts: Min: 1, Avg: 1.0, Max: 1, Diff: 0, Sum: 2]
      [GC Worker Other (ms): Min: 0.0, Avg: 0.1, Max: 0.1, Diff: 0.0, Sum: 0.1]
      [GC Worker Total (ms): Min: 2.0, Avg: 2.0, Max: 2.0, Diff: 0.1, Sum: 4.0]
      [GC Worker End (ms): Min: 667159714.6, Avg: 667159714.6, Max: 667159714.6, Diff: 0.0]
   [Code Root Fixup: 0.0 ms]
   [Code Root Purge: 0.0 ms]
   [Clear CT: 0.6 ms]
   [Other: 2.7 ms]
      [Choose CSet: 0.0 ms]
      [Ref Proc: 0.3 ms]
      [Ref Enq: 0.0 ms]
      [Redirty Cards: 0.1 ms]
      [Humongous Register: 1.0 ms]
      [Humongous Reclaim: 0.0 ms]
      [Free CSet: 1.0 ms]
   [Eden: 147.0M(147.0M)->0.0B(190.0M) Survivors: 1024.0K->1024.0K Heap: 151.1M(512.0M)->4193.0K(512.0M)]
 [Times: user=0.01 sys=0.00, real=0.01 secs] 
2018-06-19T20:20:01.505+0800: 702629.072: [GC pause (G1 Evacuation Pause) (young), 0.3549223 secs]
   [Parallel Time: 37.0 ms, GC Workers: 2]
      [GC Worker Start (ms): Min: 702629131.0, Avg: 702629131.0, Max: 702629131.0, Diff: 0.1]
      [Ext Root Scanning (ms): Min: 0.1, Avg: 2.0, Max: 3.9, Diff: 3.9, Sum: 4.0]
      [Update RS (ms): Min: 0.0, Avg: 0.1, Max: 0.2, Diff: 0.2, Sum: 0.2]
         [Processed Buffers: Min: 0, Avg: 2.0, Max: 4, Diff: 4, Sum: 4]
      [Scan RS (ms): Min: 0.0, Avg: 0.3, Max: 0.5, Diff: 0.5, Sum: 0.6]
      [Code Root Scanning (ms): Min: 0.0, Avg: 0.2, Max: 0.3, Diff: 0.3, Sum: 0.3]
      [Object Copy (ms): Min: 0.0, Avg: 0.1, Max: 0.2, Diff: 0.2, Sum: 0.2]
      [Termination (ms): Min: 0.0, Avg: 15.7, Max: 31.3, Diff: 31.3, Sum: 31.3]
         [Termination Attempts: Min: 1, Avg: 1.0, Max: 1, Diff: 0, Sum: 2]
      [GC Worker Other (ms): Min: 0.1, Avg: 18.4, Max: 36.6, Diff: 36.5, Sum: 36.7]
      [GC Worker Total (ms): Min: 36.7, Avg: 36.7, Max: 36.7, Diff: 0.1, Sum: 73.4]
      [GC Worker End (ms): Min: 702629167.7, Avg: 702629167.7, Max: 702629167.7, Diff: 0.0]
   [Code Root Fixup: 0.0 ms]
   [Code Root Purge: 0.0 ms]
   [Clear CT: 1.1 ms]
   [Other: 316.9 ms]
      [Choose CSet: 0.0 ms]
      [Ref Proc: 0.2 ms]
      [Ref Enq: 0.0 ms]
      [Redirty Cards: 0.2 ms]
      [Humongous Register: 0.9 ms]
      [Humongous Reclaim: 0.0 ms]
      [Free CSet: 257.5 ms]
   [Eden: 190.0M(190.0M)->0.0B(24.0M) Survivors: 1024.0K->1024.0K Heap: 194.1M(512.0M)->4191.0K(512.0M)]
 [Times: user=0.04 sys=0.00, real=0.46 secs] 
2018-06-19T21:34:41.970+0800: 707109.536: [GC pause (G1 Evacuation Pause) (young), 0.0256330 secs]
   [Parallel Time: 23.8 ms, GC Workers: 2]
      [GC Worker Start (ms): Min: 707109538.0, Avg: 707109538.1, Max: 707109538.2, Diff: 0.3]
      [Ext Root Scanning (ms): Min: 2.4, Avg: 12.7, Max: 22.9, Diff: 20.5, Sum: 25.3]
      [Update RS (ms): Min: 0.0, Avg: 0.1, Max: 0.1, Diff: 0.1, Sum: 0.1]
         [Processed Buffers: Min: 0, Avg: 1.5, Max: 3, Diff: 3, Sum: 3]
      [Scan RS (ms): Min: 0.0, Avg: 0.0, Max: 0.1, Diff: 0.1, Sum: 0.1]
      [Code Root Scanning (ms): Min: 0.0, Avg: 0.0, Max: 0.0, Diff: 0.0, Sum: 0.0]
      [Object Copy (ms): Min: 0.0, Avg: 0.1, Max: 0.1, Diff: 0.1, Sum: 0.1]
      [Termination (ms): Min: 0.0, Avg: 10.2, Max: 20.5, Diff: 20.5, Sum: 20.5]
         [Termination Attempts: Min: 1, Avg: 1.5, Max: 2, Diff: 1, Sum: 3]
      [GC Worker Other (ms): Min: 0.0, Avg: 0.0, Max: 0.0, Diff: 0.0, Sum: 0.1]
      [GC Worker Total (ms): Min: 23.0, Avg: 23.1, Max: 23.3, Diff: 0.3, Sum: 46.3]
      [GC Worker End (ms): Min: 707109561.2, Avg: 707109561.2, Max: 707109561.2, Diff: 0.0]
   [Code Root Fixup: 0.0 ms]
   [Code Root Purge: 0.0 ms]
   [Clear CT: 0.1 ms]
   [Other: 1.7 ms]
      [Choose CSet: 0.0 ms]
      [Ref Proc: 0.2 ms]
      [Ref Enq: 0.0 ms]
      [Redirty Cards: 0.0 ms]
      [Humongous Register: 1.0 ms]
      [Humongous Reclaim: 0.0 ms]
      [Free CSet: 0.1 ms]
   [Eden: 24.0M(24.0M)->0.0B(24.0M) Survivors: 1024.0K->1024.0K Heap: 28.1M(512.0M)->4193.0K(512.0M)]
 [Times: user=0.02 sys=0.00, real=0.05 secs] 
2018-06-19T22:49:25.641+0800: 711593.208: [GC pause (G1 Evacuation Pause) (young), 0.0196758 secs]
   [Parallel Time: 2.5 ms, GC Workers: 2]
      [GC Worker Start (ms): Min: 711593209.1, Avg: 711593209.6, Max: 711593210.2, Diff: 1.0]
      [Ext Root Scanning (ms): Min: 1.0, Avg: 1.5, Max: 2.0, Diff: 1.0, Sum: 3.0]
      [Update RS (ms): Min: 0.0, Avg: 0.1, Max: 0.1, Diff: 0.0, Sum: 0.1]
         [Processed Buffers: Min: 1, Avg: 1.5, Max: 2, Diff: 1, Sum: 3]
      [Scan RS (ms): Min: 0.0, Avg: 0.0, Max: 0.0, Diff: 0.0, Sum: 0.1]
      [Code Root Scanning (ms): Min: 0.0, Avg: 0.0, Max: 0.0, Diff: 0.0, Sum: 0.0]
      [Object Copy (ms): Min: 0.1, Avg: 0.1, Max: 0.1, Diff: 0.0, Sum: 0.2]
      [Termination (ms): Min: 0.0, Avg: 0.0, Max: 0.0, Diff: 0.0, Sum: 0.0]
         [Termination Attempts: Min: 1, Avg: 1.0, Max: 1, Diff: 0, Sum: 2]
      [GC Worker Other (ms): Min: 0.0, Avg: 0.0, Max: 0.0, Diff: 0.0, Sum: 0.1]
      [GC Worker Total (ms): Min: 1.2, Avg: 1.7, Max: 2.3, Diff: 1.0, Sum: 3.5]
      [GC Worker End (ms): Min: 711593211.4, Avg: 711593211.4, Max: 711593211.4, Diff: 0.0]
   [Code Root Fixup: 0.0 ms]
   [Code Root Purge: 0.0 ms]
   [Clear CT: 4.5 ms]
   [Other: 12.7 ms]
      [Choose CSet: 0.0 ms]
      [Ref Proc: 5.6 ms]
      [Ref Enq: 0.0 ms]
      [Redirty Cards: 5.4 ms]
      [Humongous Register: 1.1 ms]
      [Humongous Reclaim: 0.0 ms]
      [Free CSet: 0.2 ms]
   [Eden: 24.0M(24.0M)->0.0B(24.0M) Survivors: 1024.0K->1024.0K Heap: 28.1M(512.0M)->4191.0K(512.0M)]
 [Times: user=0.00 sys=0.00, real=0.02 secs] 
2018-06-20T00:04:05.145+0800: 716072.711: [GC pause (G1 Evacuation Pause) (young), 0.0042285 secs]
   [Parallel Time: 1.9 ms, GC Workers: 2]
      [GC Worker Start (ms): Min: 716072713.0, Avg: 716072713.0, Max: 716072713.1, Diff: 0.1]
      [Ext Root Scanning (ms): Min: 1.4, Avg: 1.5, Max: 1.6, Diff: 0.2, Sum: 3.0]
      [Update RS (ms): Min: 0.1, Avg: 0.1, Max: 0.1, Diff: 0.0, Sum: 0.1]
         [Processed Buffers: Min: 1, Avg: 1.5, Max: 2, Diff: 1, Sum: 3]
      [Scan RS (ms): Min: 0.0, Avg: 0.0, Max: 0.0, Diff: 0.0, Sum: 0.1]
      [Code Root Scanning (ms): Min: 0.0, Avg: 0.0, Max: 0.0, Diff: 0.0, Sum: 0.0]
      [Object Copy (ms): Min: 0.0, Avg: 0.1, Max: 0.1, Diff: 0.1, Sum: 0.1]
      [Termination (ms): Min: 0.0, Avg: 0.0, Max: 0.0, Diff: 0.0, Sum: 0.0]
         [Termination Attempts: Min: 1, Avg: 1.0, Max: 1, Diff: 0, Sum: 2]
      [GC Worker Other (ms): Min: 0.0, Avg: 0.0, Max: 0.0, Diff: 0.0, Sum: 0.1]
      [GC Worker Total (ms): Min: 1.7, Avg: 1.7, Max: 1.8, Diff: 0.1, Sum: 3.5]
      [GC Worker End (ms): Min: 716072714.8, Avg: 716072714.8, Max: 716072714.8, Diff: 0.0]
   [Code Root Fixup: 0.0 ms]
   [Code Root Purge: 0.0 ms]
   [Clear CT: 0.2 ms]
   [Other: 2.1 ms]
      [Choose CSet: 0.0 ms]
      [Ref Proc: 0.1 ms]
      [Ref Enq: 0.0 ms]
      [Redirty Cards: 0.1 ms]
      [Humongous Register: 1.3 ms]
      [Humongous Reclaim: 0.0 ms]
      [Free CSet: 0.2 ms]
   [Eden: 24.0M(24.0M)->0.0B(24.0M) Survivors: 1024.0K->1024.0K Heap: 28.1M(512.0M)->4193.0K(512.0M)]
 [Times: user=0.01 sys=0.00, real=0.00 secs] 
2018-06-20T01:18:58.408+0800: 720565.975: [GC pause (G1 Evacuation Pause) (young), 0.0053352 secs]
   [Parallel Time: 3.0 ms, GC Workers: 2]
      [GC Worker Start (ms): Min: 720565976.5, Avg: 720565976.5, Max: 720565976.6, Diff: 0.0]
      [Ext Root Scanning (ms): Min: 2.4, Avg: 2.5, Max: 2.5, Diff: 0.1, Sum: 4.9]
      [Update RS (ms): Min: 0.0, Avg: 0.1, Max: 0.2, Diff: 0.2, Sum: 0.2]
         [Processed Buffers: Min: 0, Avg: 2.0, Max: 4, Diff: 4, Sum: 4]
      [Scan RS (ms): Min: 0.0, Avg: 0.0, Max: 0.0, Diff: 0.0, Sum: 0.1]
      [Code Root Scanning (ms): Min: 0.0, Avg: 0.0, Max: 0.0, Diff: 0.0, Sum: 0.0]
      [Object Copy (ms): Min: 0.1, Avg: 0.1, Max: 0.2, Diff: 0.1, Sum: 0.3]
      [Termination (ms): Min: 0.0, Avg: 0.0, Max: 0.0, Diff: 0.0, Sum: 0.0]
         [Termination Attempts: Min: 1, Avg: 1.0, Max: 1, Diff: 0, Sum: 2]
      [GC Worker Other (ms): Min: 0.1, Avg: 0.1, Max: 0.1, Diff: 0.0, Sum: 0.1]
      [GC Worker Total (ms): Min: 2.8, Avg: 2.8, Max: 2.9, Diff: 0.0, Sum: 5.7]
      [GC Worker End (ms): Min: 720565979.4, Avg: 720565979.4, Max: 720565979.4, Diff: 0.0]
   [Code Root Fixup: 0.0 ms]
   [Code Root Purge: 0.0 ms]
   [Clear CT: 0.1 ms]
   [Other: 2.2 ms]
      [Choose CSet: 0.0 ms]
      [Ref Proc: 0.2 ms]
      [Ref Enq: 0.0 ms]
      [Redirty Cards: 0.0 ms]
      [Humongous Register: 1.3 ms]
      [Humongous Reclaim: 0.0 ms]
      [Free CSet: 0.1 ms]
   [Eden: 24.0M(24.0M)->0.0B(24.0M) Survivors: 1024.0K->1024.0K Heap: 28.1M(512.0M)->4193.0K(512.0M)]
 [Times: user=0.01 sys=0.00, real=0.00 secs] 
2018-06-20T02:33:57.663+0800: 725065.230: [GC pause (G1 Evacuation Pause) (young), 0.0041025 secs]
   [Parallel Time: 2.1 ms, GC Workers: 2]
      [GC Worker Start (ms): Min: 725065231.3, Avg: 725065231.3, Max: 725065231.4, Diff: 0.1]
      [Ext Root Scanning (ms): Min: 1.6, Avg: 1.6, Max: 1.7, Diff: 0.1, Sum: 3.2]
      [Update RS (ms): Min: 0.1, Avg: 0.1, Max: 0.1, Diff: 0.0, Sum: 0.1]
         [Processed Buffers: Min: 1, Avg: 1.5, Max: 2, Diff: 1, Sum: 3]
      [Scan RS (ms): Min: 0.0, Avg: 0.0, Max: 0.0, Diff: 0.0, Sum: 0.1]
      [Code Root Scanning (ms): Min: 0.0, Avg: 0.0, Max: 0.0, Diff: 0.0, Sum: 0.0]
      [Object Copy (ms): Min: 0.0, Avg: 0.1, Max: 0.1, Diff: 0.1, Sum: 0.1]
      [Termination (ms): Min: 0.0, Avg: 0.0, Max: 0.0, Diff: 0.0, Sum: 0.0]
         [Termination Attempts: Min: 1, Avg: 1.0, Max: 1, Diff: 0, Sum: 2]
      [GC Worker Other (ms): Min: 0.0, Avg: 0.1, Max: 0.1, Diff: 0.0, Sum: 0.1]
      [GC Worker Total (ms): Min: 1.8, Avg: 1.9, Max: 1.9, Diff: 0.1, Sum: 3.7]
      [GC Worker End (ms): Min: 725065233.2, Avg: 725065233.2, Max: 725065233.2, Diff: 0.0]
   [Code Root Fixup: 0.0 ms]
   [Code Root Purge: 0.0 ms]
   [Clear CT: 0.1 ms]
   [Other: 1.9 ms]
      [Choose CSet: 0.0 ms]
      [Ref Proc: 0.2 ms]
      [Ref Enq: 0.0 ms]
      [Redirty Cards: 0.1 ms]
      [Humongous Register: 1.0 ms]
      [Humongous Reclaim: 0.0 ms]
      [Free CSet: 0.1 ms]
   [Eden: 24.0M(24.0M)->0.0B(24.0M) Survivors: 1024.0K->1024.0K Heap: 28.1M(512.0M)->4191.0K(512.0M)]
 [Times: user=0.01 sys=0.00, real=0.00 secs] 
2018-06-20T03:48:55.055+0800: 729562.621: [GC pause (G1 Evacuation Pause) (young), 0.0185670 secs]
   [Parallel Time: 11.0 ms, GC Workers: 2]
      [GC Worker Start (ms): Min: 729562627.6, Avg: 729562628.9, Max: 729562630.1, Diff: 2.4]
      [Ext Root Scanning (ms): Min: 1.5, Avg: 4.0, Max: 6.4, Diff: 5.0, Sum: 7.9]
      [Update RS (ms): Min: 0.0, Avg: 0.1, Max: 0.2, Diff: 0.2, Sum: 0.2]
         [Processed Buffers: Min: 0, Avg: 1.5, Max: 3, Diff: 3, Sum: 3]
      [Scan RS (ms): Min: 0.0, Avg: 0.0, Max: 0.1, Diff: 0.1, Sum: 0.1]
      [Code Root Scanning (ms): Min: 0.0, Avg: 0.0, Max: 0.0, Diff: 0.0, Sum: 0.0]
      [Object Copy (ms): Min: 0.1, Avg: 0.1, Max: 0.2, Diff: 0.2, Sum: 0.3]
      [Termination (ms): Min: 0.0, Avg: 3.2, Max: 6.4, Diff: 6.4, Sum: 6.4]
         [Termination Attempts: Min: 1, Avg: 1.0, Max: 1, Diff: 0, Sum: 2]
      [GC Worker Other (ms): Min: 0.1, Avg: 0.1, Max: 0.1, Diff: 0.0, Sum: 0.1]
      [GC Worker Total (ms): Min: 6.6, Avg: 7.5, Max: 8.4, Diff: 1.9, Sum: 15.0]
      [GC Worker End (ms): Min: 729562634.2, Avg: 729562636.4, Max: 729562638.5, Diff: 4.3]
   [Code Root Fixup: 0.0 ms]
   [Code Root Purge: 0.0 ms]
   [Clear CT: 0.2 ms]
   [Other: 7.3 ms]
      [Choose CSet: 0.0 ms]
      [Ref Proc: 0.5 ms]
      [Ref Enq: 0.0 ms]
      [Redirty Cards: 0.1 ms]
      [Humongous Register: 5.9 ms]
      [Humongous Reclaim: 0.0 ms]
      [Free CSet: 0.3 ms]
   [Eden: 24.0M(24.0M)->0.0B(24.0M) Survivors: 1024.0K->1024.0K Heap: 28.1M(512.0M)->4193.0K(512.0M)]
 [Times: user=0.01 sys=0.00, real=0.01 secs] 
2018-06-20T05:03:55.056+0800: 734062.623: [GC pause (G1 Evacuation Pause) (young), 0.0055040 secs]
   [Parallel Time: 3.9 ms, GC Workers: 2]
      [GC Worker Start (ms): Min: 734062623.9, Avg: 734062625.3, Max: 734062626.7, Diff: 2.8]
      [Ext Root Scanning (ms): Min: 0.0, Avg: 1.2, Max: 2.3, Diff: 2.3, Sum: 2.4]
      [Update RS (ms): Min: 0.0, Avg: 0.1, Max: 0.1, Diff: 0.1, Sum: 0.1]
         [Processed Buffers: Min: 0, Avg: 1.5, Max: 3, Diff: 3, Sum: 3]
      [Scan RS (ms): Min: 0.0, Avg: 0.0, Max: 0.1, Diff: 0.0, Sum: 0.1]
      [Code Root Scanning (ms): Min: 0.0, Avg: 0.0, Max: 0.0, Diff: 0.0, Sum: 0.0]
      [Object Copy (ms): Min: 0.0, Avg: 0.1, Max: 0.1, Diff: 0.1, Sum: 0.1]
      [Termination (ms): Min: 0.0, Avg: 0.6, Max: 1.1, Diff: 1.1, Sum: 1.1]
         [Termination Attempts: Min: 1, Avg: 1.0, Max: 1, Diff: 0, Sum: 2]
      [GC Worker Other (ms): Min: 0.0, Avg: 0.0, Max: 0.0, Diff: 0.0, Sum: 0.1]
      [GC Worker Total (ms): Min: 0.1, Avg: 1.9, Max: 3.8, Diff: 3.7, Sum: 3.9]
      [GC Worker End (ms): Min: 734062626.8, Avg: 734062627.2, Max: 734062627.7, Diff: 0.9]
   [Code Root Fixup: 0.0 ms]
   [Code Root Purge: 0.0 ms]
   [Clear CT: 0.1 ms]
   [Other: 1.5 ms]
      [Choose CSet: 0.0 ms]
      [Ref Proc: 0.2 ms]
      [Ref Enq: 0.0 ms]
      [Redirty Cards: 0.0 ms]
      [Humongous Register: 0.9 ms]
      [Humongous Reclaim: 0.0 ms]
      [Free CSet: 0.1 ms]
   [Eden: 24.0M(24.0M)->0.0B(38.0M) Survivors: 1024.0K->1024.0K Heap: 28.1M(512.0M)->4191.0K(512.0M)]
 [Times: user=0.00 sys=0.00, real=0.01 secs] 
2018-06-20T07:02:13.825+0800: 741161.392: [GC pause (G1 Evacuation Pause) (young), 0.0066996 secs]
   [Parallel Time: 4.3 ms, GC Workers: 2]
      [GC Worker Start (ms): Min: 741161393.6, Avg: 741161394.7, Max: 741161395.8, Diff: 2.2]
      [Ext Root Scanning (ms): Min: 1.6, Avg: 2.7, Max: 3.8, Diff: 2.2, Sum: 5.3]
      [Update RS (ms): Min: 0.1, Avg: 0.1, Max: 0.2, Diff: 0.1, Sum: 0.3]
         [Processed Buffers: Min: 2, Avg: 2.0, Max: 2, Diff: 0, Sum: 4]
      [Scan RS (ms): Min: 0.0, Avg: 0.1, Max: 0.1, Diff: 0.0, Sum: 0.1]
      [Code Root Scanning (ms): Min: 0.0, Avg: 0.0, Max: 0.0, Diff: 0.0, Sum: 0.1]
      [Object Copy (ms): Min: 0.1, Avg: 0.1, Max: 0.2, Diff: 0.1, Sum: 0.3]
      [Termination (ms): Min: 0.0, Avg: 0.0, Max: 0.0, Diff: 0.0, Sum: 0.0]
         [Termination Attempts: Min: 1, Avg: 1.0, Max: 1, Diff: 0, Sum: 2]
      [GC Worker Other (ms): Min: 0.1, Avg: 0.1, Max: 0.1, Diff: 0.0, Sum: 0.1]
      [GC Worker Total (ms): Min: 2.0, Avg: 3.1, Max: 4.2, Diff: 2.2, Sum: 6.2]
      [GC Worker End (ms): Min: 741161397.8, Avg: 741161397.8, Max: 741161397.8, Diff: 0.0]
   [Code Root Fixup: 0.0 ms]
   [Code Root Purge: 0.0 ms]
   [Clear CT: 0.2 ms]
   [Other: 2.2 ms]
      [Choose CSet: 0.0 ms]
      [Ref Proc: 0.2 ms]
      [Ref Enq: 0.0 ms]
      [Redirty Cards: 0.0 ms]
      [Humongous Register: 1.2 ms]
      [Humongous Reclaim: 0.0 ms]
      [Free CSet: 0.2 ms]
   [Eden: 38.0M(38.0M)->0.0B(66.0M) Survivors: 1024.0K->1024.0K Heap: 42.1M(512.0M)->4193.0K(512.0M)]
 [Times: user=0.01 sys=0.00, real=0.01 secs] 
2018-06-20T10:28:13.772+0800: 753521.339: [GC pause (G1 Evacuation Pause) (young), 0.0057250 secs]
   [Parallel Time: 3.5 ms, GC Workers: 2]
      [GC Worker Start (ms): Min: 753521339.8, Avg: 753521340.9, Max: 753521341.9, Diff: 2.2]
      [Ext Root Scanning (ms): Min: 0.5, Avg: 1.9, Max: 3.3, Diff: 2.8, Sum: 3.8]
      [Update RS (ms): Min: 0.0, Avg: 0.1, Max: 0.2, Diff: 0.1, Sum: 0.2]
         [Processed Buffers: Min: 0, Avg: 2.5, Max: 5, Diff: 5, Sum: 5]
      [Scan RS (ms): Min: 0.0, Avg: 0.1, Max: 0.1, Diff: 0.1, Sum: 0.1]
      [Code Root Scanning (ms): Min: 0.0, Avg: 0.0, Max: 0.1, Diff: 0.1, Sum: 0.1]
      [Object Copy (ms): Min: 0.1, Avg: 0.1, Max: 0.1, Diff: 0.0, Sum: 0.2]
      [Termination (ms): Min: 0.0, Avg: 0.1, Max: 0.3, Diff: 0.3, Sum: 0.3]
         [Termination Attempts: Min: 1, Avg: 1.0, Max: 1, Diff: 0, Sum: 2]
      [GC Worker Other (ms): Min: 0.0, Avg: 0.0, Max: 0.1, Diff: 0.0, Sum: 0.1]
      [GC Worker Total (ms): Min: 1.3, Avg: 2.4, Max: 3.4, Diff: 2.1, Sum: 4.7]
      [GC Worker End (ms): Min: 753521343.2, Avg: 753521343.2, Max: 753521343.2, Diff: 0.0]
   [Code Root Fixup: 0.0 ms]
   [Code Root Purge: 0.0 ms]
   [Clear CT: 0.2 ms]
   [Other: 2.0 ms]
      [Choose CSet: 0.0 ms]
      [Ref Proc: 0.2 ms]
      [Ref Enq: 0.0 ms]
      [Redirty Cards: 0.0 ms]
      [Humongous Register: 0.9 ms]
      [Humongous Reclaim: 0.0 ms]
      [Free CSet: 0.4 ms]
   [Eden: 66.0M(66.0M)->0.0B(101.0M) Survivors: 1024.0K->1024.0K Heap: 70.1M(512.0M)->4193.0K(512.0M)]
 [Times: user=0.01 sys=0.00, real=0.01 secs] 
2018-06-20T15:42:32.939+0800: 772380.505: [GC pause (G1 Evacuation Pause) (young), 0.0062945 secs]
   [Parallel Time: 3.8 ms, GC Workers: 2]
      [GC Worker Start (ms): Min: 772380506.6, Avg: 772380507.9, Max: 772380509.2, Diff: 2.6]
      [Ext Root Scanning (ms): Min: 0.2, Avg: 1.8, Max: 3.5, Diff: 3.3, Sum: 3.7]
      [Update RS (ms): Min: 0.0, Avg: 0.1, Max: 0.1, Diff: 0.1, Sum: 0.1]
         [Processed Buffers: Min: 0, Avg: 2.0, Max: 4, Diff: 4, Sum: 4]
      [Scan RS (ms): Min: 0.0, Avg: 0.1, Max: 0.2, Diff: 0.2, Sum: 0.2]
      [Code Root Scanning (ms): Min: 0.0, Avg: 0.1, Max: 0.1, Diff: 0.1, Sum: 0.1]
      [Object Copy (ms): Min: 0.1, Avg: 0.1, Max: 0.1, Diff: 0.1, Sum: 0.2]
      [Termination (ms): Min: 0.0, Avg: 0.1, Max: 0.3, Diff: 0.3, Sum: 0.3]
         [Termination Attempts: Min: 1, Avg: 1.0, Max: 1, Diff: 0, Sum: 2]
      [GC Worker Other (ms): Min: 0.0, Avg: 0.0, Max: 0.0, Diff: 0.0, Sum: 0.1]
      [GC Worker Total (ms): Min: 1.1, Avg: 2.4, Max: 3.6, Diff: 2.5, Sum: 4.7]
      [GC Worker End (ms): Min: 772380510.3, Avg: 772380510.3, Max: 772380510.3, Diff: 0.0]
   [Code Root Fixup: 0.0 ms]
   [Code Root Purge: 0.0 ms]
   [Clear CT: 0.4 ms]
   [Other: 2.1 ms]
      [Choose CSet: 0.0 ms]
      [Ref Proc: 0.2 ms]
      [Ref Enq: 0.0 ms]
      [Redirty Cards: 0.1 ms]
      [Humongous Register: 0.9 ms]
      [Humongous Reclaim: 0.0 ms]
      [Free CSet: 0.5 ms]
   [Eden: 101.0M(101.0M)->0.0B(142.0M) Survivors: 1024.0K->1024.0K Heap: 105.1M(512.0M)->4193.0K(512.0M)]
 [Times: user=0.01 sys=0.00, real=0.01 secs] 
2018-06-20T23:04:26.916+0800: 798894.483: [GC pause (G1 Evacuation Pause) (young), 0.0066461 secs]
   [Parallel Time: 3.8 ms, GC Workers: 2]
      [GC Worker Start (ms): Min: 798894484.2, Avg: 798894485.2, Max: 798894486.2, Diff: 2.0]
      [Ext Root Scanning (ms): Min: 0.8, Avg: 2.2, Max: 3.6, Diff: 2.8, Sum: 4.3]
      [Update RS (ms): Min: 0.0, Avg: 0.1, Max: 0.1, Diff: 0.1, Sum: 0.1]
         [Processed Buffers: Min: 0, Avg: 1.5, Max: 3, Diff: 3, Sum: 3]
      [Scan RS (ms): Min: 0.0, Avg: 0.1, Max: 0.3, Diff: 0.3, Sum: 0.3]
      [Code Root Scanning (ms): Min: 0.0, Avg: 0.1, Max: 0.2, Diff: 0.2, Sum: 0.2]
      [Object Copy (ms): Min: 0.0, Avg: 0.1, Max: 0.1, Diff: 0.1, Sum: 0.2]
      [Termination (ms): Min: 0.0, Avg: 0.1, Max: 0.1, Diff: 0.1, Sum: 0.1]
         [Termination Attempts: Min: 1, Avg: 1.5, Max: 2, Diff: 1, Sum: 3]
      [GC Worker Other (ms): Min: 0.1, Avg: 0.1, Max: 0.1, Diff: 0.0, Sum: 0.1]
      [GC Worker Total (ms): Min: 1.7, Avg: 2.7, Max: 3.7, Diff: 2.0, Sum: 5.4]
      [GC Worker End (ms): Min: 798894487.9, Avg: 798894487.9, Max: 798894487.9, Diff: 0.0]
   [Code Root Fixup: 0.0 ms]
   [Code Root Purge: 0.0 ms]
   [Clear CT: 0.7 ms]
   [Other: 2.1 ms]
      [Choose CSet: 0.0 ms]
      [Ref Proc: 0.1 ms]
      [Ref Enq: 0.0 ms]
      [Redirty Cards: 0.0 ms]
      [Humongous Register: 0.8 ms]
      [Humongous Reclaim: 0.0 ms]
      [Free CSet: 0.7 ms]
   [Eden: 142.0M(142.0M)->0.0B(189.0M) Survivors: 1024.0K->1024.0K Heap: 146.1M(512.0M)->4193.0K(512.0M)]
 [Times: user=0.01 sys=0.00, real=0.01 secs] 
2018-06-21T08:52:41.881+0800: 834189.447: [GC pause (G1 Evacuation Pause) (young), 0.0058013 secs]
   [Parallel Time: 2.7 ms, GC Workers: 2]
      [GC Worker Start (ms): Min: 834189448.6, Avg: 834189448.9, Max: 834189449.2, Diff: 0.6]
      [Ext Root Scanning (ms): Min: 1.4, Avg: 1.7, Max: 2.0, Diff: 0.6, Sum: 3.4]
      [Update RS (ms): Min: 0.1, Avg: 0.1, Max: 0.1, Diff: 0.1, Sum: 0.2]
         [Processed Buffers: Min: 1, Avg: 1.5, Max: 2, Diff: 1, Sum: 3]
      [Scan RS (ms): Min: 0.2, Avg: 0.2, Max: 0.2, Diff: 0.0, Sum: 0.5]
      [Code Root Scanning (ms): Min: 0.1, Avg: 0.1, Max: 0.1, Diff: 0.0, Sum: 0.3]
      [Object Copy (ms): Min: 0.1, Avg: 0.1, Max: 0.1, Diff: 0.1, Sum: 0.2]
      [Termination (ms): Min: 0.0, Avg: 0.0, Max: 0.0, Diff: 0.0, Sum: 0.0]
         [Termination Attempts: Min: 1, Avg: 1.0, Max: 1, Diff: 0, Sum: 2]
      [GC Worker Other (ms): Min: 0.1, Avg: 0.1, Max: 0.1, Diff: 0.0, Sum: 0.1]
      [GC Worker Total (ms): Min: 2.0, Avg: 2.3, Max: 2.6, Diff: 0.6, Sum: 4.6]
      [GC Worker End (ms): Min: 834189451.3, Avg: 834189451.3, Max: 834189451.3, Diff: 0.0]
   [Code Root Fixup: 0.0 ms]
   [Code Root Purge: 0.0 ms]
   [Clear CT: 0.7 ms]
   [Other: 2.4 ms]
      [Choose CSet: 0.0 ms]
      [Ref Proc: 0.1 ms]
      [Ref Enq: 0.0 ms]
      [Redirty Cards: 0.0 ms]
      [Humongous Register: 0.8 ms]
      [Humongous Reclaim: 0.0 ms]
      [Free CSet: 0.8 ms]
   [Eden: 189.0M(189.0M)->0.0B(250.0M) Survivors: 1024.0K->1024.0K Heap: 193.1M(512.0M)->4191.0K(512.0M)]
 [Times: user=0.01 sys=0.00, real=0.00 secs] 
2018-06-21T21:52:11.405+0800: 880958.971: [GC pause (G1 Evacuation Pause) (young), 0.2260552 secs]
   [Parallel Time: 2.4 ms, GC Workers: 2]
      [GC Worker Start (ms): Min: 880959032.7, Avg: 880959032.7, Max: 880959032.8, Diff: 0.0]
      [Ext Root Scanning (ms): Min: 1.6, Avg: 1.6, Max: 1.7, Diff: 0.1, Sum: 3.3]
      [Update RS (ms): Min: 0.0, Avg: 0.1, Max: 0.1, Diff: 0.1, Sum: 0.1]
         [Processed Buffers: Min: 1, Avg: 1.5, Max: 2, Diff: 1, Sum: 3]
      [Scan RS (ms): Min: 0.3, Avg: 0.3, Max: 0.3, Diff: 0.0, Sum: 0.5]
      [Code Root Scanning (ms): Min: 0.2, Avg: 0.2, Max: 0.2, Diff: 0.0, Sum: 0.4]
      [Object Copy (ms): Min: 0.0, Avg: 0.1, Max: 0.1, Diff: 0.1, Sum: 0.1]
      [Termination (ms): Min: 0.0, Avg: 0.0, Max: 0.0, Diff: 0.0, Sum: 0.0]
         [Termination Attempts: Min: 1, Avg: 1.0, Max: 1, Diff: 0, Sum: 2]
      [GC Worker Other (ms): Min: 0.0, Avg: 0.1, Max: 0.1, Diff: 0.0, Sum: 0.1]
      [GC Worker Total (ms): Min: 2.2, Avg: 2.3, Max: 2.3, Diff: 0.0, Sum: 4.5]
      [GC Worker End (ms): Min: 880959035.0, Avg: 880959035.0, Max: 880959035.0, Diff: 0.0]
   [Code Root Fixup: 0.0 ms]
   [Code Root Purge: 0.0 ms]
   [Clear CT: 1.0 ms]
   [Other: 222.6 ms]
      [Choose CSet: 0.0 ms]
      [Ref Proc: 0.1 ms]
      [Ref Enq: 0.0 ms]
      [Redirty Cards: 0.1 ms]
      [Humongous Register: 0.6 ms]
      [Humongous Reclaim: 0.0 ms]
      [Free CSet: 160.8 ms]
   [Eden: 250.0M(250.0M)->0.0B(24.0M) Survivors: 1024.0K->1024.0K Heap: 254.1M(512.0M)->4191.0K(512.0M)]
 [Times: user=0.00 sys=0.00, real=0.23 secs] 
2018-06-21T23:06:59.545+0800: 885447.112: [GC pause (G1 Evacuation Pause) (young), 0.0041575 secs]
   [Parallel Time: 1.9 ms, GC Workers: 2]
      [GC Worker Start (ms): Min: 885447113.3, Avg: 885447113.3, Max: 885447113.4, Diff: 0.1]
      [Ext Root Scanning (ms): Min: 1.4, Avg: 1.5, Max: 1.5, Diff: 0.1, Sum: 2.9]
      [Update RS (ms): Min: 0.1, Avg: 0.1, Max: 0.1, Diff: 0.1, Sum: 0.2]
         [Processed Buffers: Min: 2, Avg: 2.0, Max: 2, Diff: 0, Sum: 4]
      [Scan RS (ms): Min: 0.0, Avg: 0.0, Max: 0.0, Diff: 0.0, Sum: 0.1]
      [Code Root Scanning (ms): Min: 0.0, Avg: 0.0, Max: 0.0, Diff: 0.0, Sum: 0.0]
      [Object Copy (ms): Min: 0.0, Avg: 0.1, Max: 0.1, Diff: 0.1, Sum: 0.2]
      [Termination (ms): Min: 0.0, Avg: 0.0, Max: 0.0, Diff: 0.0, Sum: 0.0]
         [Termination Attempts: Min: 1, Avg: 1.0, Max: 1, Diff: 0, Sum: 2]
      [GC Worker Other (ms): Min: 0.0, Avg: 0.0, Max: 0.0, Diff: 0.0, Sum: 0.1]
      [GC Worker Total (ms): Min: 1.7, Avg: 1.7, Max: 1.8, Diff: 0.1, Sum: 3.5]
      [GC Worker End (ms): Min: 885447115.1, Avg: 885447115.1, Max: 885447115.1, Diff: 0.0]
   [Code Root Fixup: 0.0 ms]
   [Code Root Purge: 0.0 ms]
   [Clear CT: 0.1 ms]
   [Other: 2.2 ms]
      [Choose CSet: 0.0 ms]
      [Ref Proc: 0.2 ms]
      [Ref Enq: 0.0 ms]
      [Redirty Cards: 0.1 ms]
      [Humongous Register: 1.3 ms]
      [Humongous Reclaim: 0.0 ms]
      [Free CSet: 0.2 ms]
   [Eden: 24.0M(24.0M)->0.0B(24.0M) Survivors: 1024.0K->1024.0K Heap: 28.1M(512.0M)->4195.1K(512.0M)]
 [Times: user=0.01 sys=0.00, real=0.01 secs] 
2018-06-22T00:21:41.707+0800: 889929.274: [GC pause (G1 Evacuation Pause) (young), 0.0045249 secs]
   [Parallel Time: 2.6 ms, GC Workers: 2]
      [GC Worker Start (ms): Min: 889929274.8, Avg: 889929274.8, Max: 889929274.8, Diff: 0.1]
      [Ext Root Scanning (ms): Min: 2.1, Avg: 2.2, Max: 2.2, Diff: 0.1, Sum: 4.3]
      [Update RS (ms): Min: 0.1, Avg: 0.1, Max: 0.1, Diff: 0.0, Sum: 0.2]
         [Processed Buffers: Min: 1, Avg: 1.5, Max: 2, Diff: 1, Sum: 3]
      [Scan RS (ms): Min: 0.0, Avg: 0.0, Max: 0.1, Diff: 0.0, Sum: 0.1]
      [Code Root Scanning (ms): Min: 0.0, Avg: 0.0, Max: 0.0, Diff: 0.0, Sum: 0.0]
      [Object Copy (ms): Min: 0.0, Avg: 0.1, Max: 0.1, Diff: 0.1, Sum: 0.2]
      [Termination (ms): Min: 0.0, Avg: 0.0, Max: 0.0, Diff: 0.0, Sum: 0.0]
         [Termination Attempts: Min: 1, Avg: 1.0, Max: 1, Diff: 0, Sum: 2]
      [GC Worker Other (ms): Min: 0.0, Avg: 0.1, Max: 0.1, Diff: 0.0, Sum: 0.1]
      [GC Worker Total (ms): Min: 2.4, Avg: 2.5, Max: 2.5, Diff: 0.1, Sum: 4.9]
      [GC Worker End (ms): Min: 889929277.2, Avg: 889929277.2, Max: 889929277.2, Diff: 0.0]
   [Code Root Fixup: 0.0 ms]
   [Code Root Purge: 0.0 ms]
   [Clear CT: 0.2 ms]
   [Other: 1.7 ms]
      [Choose CSet: 0.0 ms]
      [Ref Proc: 0.1 ms]
      [Ref Enq: 0.0 ms]
      [Redirty Cards: 0.1 ms]
      [Humongous Register: 1.0 ms]
      [Humongous Reclaim: 0.0 ms]
      [Free CSet: 0.2 ms]
   [Eden: 24.0M(24.0M)->0.0B(24.0M) Survivors: 1024.0K->1024.0K Heap: 28.1M(512.0M)->4191.0K(512.0M)]
 [Times: user=0.01 sys=0.00, real=0.01 secs] 
2018-06-22T01:36:35.165+0800: 894422.732: [GC pause (G1 Evacuation Pause) (young), 0.0036334 secs]
   [Parallel Time: 1.8 ms, GC Workers: 2]
      [GC Worker Start (ms): Min: 894422732.9, Avg: 894422733.0, Max: 894422733.0, Diff: 0.0]
      [Ext Root Scanning (ms): Min: 1.4, Avg: 1.4, Max: 1.4, Diff: 0.1, Sum: 2.8]
      [Update RS (ms): Min: 0.1, Avg: 0.1, Max: 0.1, Diff: 0.0, Sum: 0.2]
         [Processed Buffers: Min: 2, Avg: 2.5, Max: 3, Diff: 1, Sum: 5]
      [Scan RS (ms): Min: 0.0, Avg: 0.0, Max: 0.0, Diff: 0.0, Sum: 0.1]
      [Code Root Scanning (ms): Min: 0.0, Avg: 0.0, Max: 0.0, Diff: 0.0, Sum: 0.0]
      [Object Copy (ms): Min: 0.0, Avg: 0.1, Max: 0.1, Diff: 0.1, Sum: 0.1]
      [Termination (ms): Min: 0.0, Avg: 0.0, Max: 0.0, Diff: 0.0, Sum: 0.0]
         [Termination Attempts: Min: 1, Avg: 1.0, Max: 1, Diff: 0, Sum: 2]
      [GC Worker Other (ms): Min: 0.0, Avg: 0.0, Max: 0.0, Diff: 0.0, Sum: 0.1]
      [GC Worker Total (ms): Min: 1.6, Avg: 1.7, Max: 1.7, Diff: 0.0, Sum: 3.3]
      [GC Worker End (ms): Min: 894422734.6, Avg: 894422734.6, Max: 894422734.6, Diff: 0.0]
   [Code Root Fixup: 0.0 ms]
   [Code Root Purge: 0.0 ms]
   [Clear CT: 0.1 ms]
   [Other: 1.8 ms]
      [Choose CSet: 0.0 ms]
      [Ref Proc: 0.3 ms]
      [Ref Enq: 0.0 ms]
      [Redirty Cards: 0.0 ms]
      [Humongous Register: 0.9 ms]
      [Humongous Reclaim: 0.0 ms]
      [Free CSet: 0.1 ms]
   [Eden: 24.0M(24.0M)->0.0B(24.0M) Survivors: 1024.0K->1024.0K Heap: 28.1M(512.0M)->4191.0K(512.0M)]
 [Times: user=0.00 sys=0.00, real=0.00 secs] 
2018-06-22T02:51:35.615+0800: 898923.182: [GC pause (G1 Evacuation Pause) (young), 0.0057083 secs]
   [Parallel Time: 3.7 ms, GC Workers: 2]
      [GC Worker Start (ms): Min: 898923183.1, Avg: 898923184.2, Max: 898923185.2, Diff: 2.0]
      [Ext Root Scanning (ms): Min: 0.9, Avg: 2.2, Max: 3.5, Diff: 2.7, Sum: 4.4]
      [Update RS (ms): Min: 0.0, Avg: 0.1, Max: 0.2, Diff: 0.2, Sum: 0.2]
         [Processed Buffers: Min: 0, Avg: 1.5, Max: 3, Diff: 3, Sum: 3]
      [Scan RS (ms): Min: 0.0, Avg: 0.0, Max: 0.1, Diff: 0.1, Sum: 0.1]
      [Code Root Scanning (ms): Min: 0.0, Avg: 0.0, Max: 0.0, Diff: 0.0, Sum: 0.0]
      [Object Copy (ms): Min: 0.0, Avg: 0.1, Max: 0.1, Diff: 0.1, Sum: 0.2]
      [Termination (ms): Min: 0.0, Avg: 0.1, Max: 0.3, Diff: 0.3, Sum: 0.3]
         [Termination Attempts: Min: 1, Avg: 1.0, Max: 1, Diff: 0, Sum: 2]
      [GC Worker Other (ms): Min: 0.0, Avg: 0.1, Max: 0.1, Diff: 0.0, Sum: 0.1]
      [GC Worker Total (ms): Min: 1.6, Avg: 2.6, Max: 3.6, Diff: 2.0, Sum: 5.2]
      [GC Worker End (ms): Min: 898923186.8, Avg: 898923186.8, Max: 898923186.8, Diff: 0.0]
   [Code Root Fixup: 0.0 ms]
   [Code Root Purge: 0.0 ms]
   [Clear CT: 0.1 ms]
   [Other: 1.9 ms]
      [Choose CSet: 0.0 ms]
      [Ref Proc: 0.3 ms]
      [Ref Enq: 0.0 ms]
      [Redirty Cards: 0.0 ms]
      [Humongous Register: 0.9 ms]
      [Humongous Reclaim: 0.0 ms]
      [Free CSet: 0.2 ms]
   [Eden: 24.0M(24.0M)->0.0B(35.0M) Survivors: 1024.0K->1024.0K Heap: 28.1M(512.0M)->4193.0K(512.0M)]
 [Times: user=0.00 sys=0.00, real=0.01 secs] 
2018-06-22T04:40:24.196+0800: 905451.763: [GC pause (G1 Evacuation Pause) (young), 0.0053606 secs]
   [Parallel Time: 3.4 ms, GC Workers: 2]
      [GC Worker Start (ms): Min: 905451764.0, Avg: 905451765.1, Max: 905451766.2, Diff: 2.1]
      [Ext Root Scanning (ms): Min: 0.6, Avg: 1.9, Max: 3.2, Diff: 2.7, Sum: 3.8]
      [Update RS (ms): Min: 0.0, Avg: 0.1, Max: 0.1, Diff: 0.1, Sum: 0.1]
         [Processed Buffers: Min: 0, Avg: 1.5, Max: 3, Diff: 3, Sum: 3]
      [Scan RS (ms): Min: 0.0, Avg: 0.0, Max: 0.1, Diff: 0.1, Sum: 0.1]
      [Code Root Scanning (ms): Min: 0.0, Avg: 0.0, Max: 0.1, Diff: 0.1, Sum: 0.1]
      [Object Copy (ms): Min: 0.0, Avg: 0.1, Max: 0.1, Diff: 0.0, Sum: 0.1]
      [Termination (ms): Min: 0.0, Avg: 0.1, Max: 0.2, Diff: 0.2, Sum: 0.2]
         [Termination Attempts: Min: 1, Avg: 1.0, Max: 1, Diff: 0, Sum: 2]
      [GC Worker Other (ms): Min: 0.0, Avg: 0.0, Max: 0.0, Diff: 0.0, Sum: 0.1]
      [GC Worker Total (ms): Min: 1.2, Avg: 2.2, Max: 3.3, Diff: 2.1, Sum: 4.5]
      [GC Worker End (ms): Min: 905451767.3, Avg: 905451767.3, Max: 905451767.3, Diff: 0.0]
   [Code Root Fixup: 0.0 ms]
   [Code Root Purge: 0.0 ms]
   [Clear CT: 0.1 ms]
   [Other: 1.8 ms]
      [Choose CSet: 0.0 ms]
      [Ref Proc: 0.2 ms]
      [Ref Enq: 0.0 ms]
      [Redirty Cards: 0.0 ms]
      [Humongous Register: 1.0 ms]
      [Humongous Reclaim: 0.0 ms]
      [Free CSet: 0.3 ms]
   [Eden: 35.0M(35.0M)->0.0B(67.0M) Survivors: 1024.0K->1024.0K Heap: 39.1M(512.0M)->4193.0K(512.0M)]
 [Times: user=0.01 sys=0.00, real=0.01 secs] 
2018-06-22T08:07:56.266+0800: 917903.833: [GC pause (G1 Evacuation Pause) (young), 0.0063522 secs]
   [Parallel Time: 4.0 ms, GC Workers: 2]
      [GC Worker Start (ms): Min: 917903833.6, Avg: 917903834.9, Max: 917903836.2, Diff: 2.6]
      [Ext Root Scanning (ms): Min: 0.6, Avg: 2.2, Max: 3.8, Diff: 3.2, Sum: 4.3]
      [Update RS (ms): Min: 0.0, Avg: 0.1, Max: 0.1, Diff: 0.1, Sum: 0.2]
         [Processed Buffers: Min: 0, Avg: 1.5, Max: 3, Diff: 3, Sum: 3]
      [Scan RS (ms): Min: 0.0, Avg: 0.1, Max: 0.2, Diff: 0.2, Sum: 0.2]
      [Code Root Scanning (ms): Min: 0.0, Avg: 0.1, Max: 0.1, Diff: 0.1, Sum: 0.1]
      [Object Copy (ms): Min: 0.0, Avg: 0.1, Max: 0.1, Diff: 0.1, Sum: 0.2]
      [Termination (ms): Min: 0.0, Avg: 0.1, Max: 0.2, Diff: 0.2, Sum: 0.2]
         [Termination Attempts: Min: 1, Avg: 1.0, Max: 1, Diff: 0, Sum: 2]
      [GC Worker Other (ms): Min: 0.0, Avg: 0.1, Max: 0.1, Diff: 0.0, Sum: 0.1]
      [GC Worker Total (ms): Min: 1.3, Avg: 2.6, Max: 3.9, Diff: 2.6, Sum: 5.2]
      [GC Worker End (ms): Min: 917903837.5, Avg: 917903837.5, Max: 917903837.5, Diff: 0.0]
   [Code Root Fixup: 0.0 ms]
   [Code Root Purge: 0.0 ms]
   [Clear CT: 0.4 ms]
   [Other: 2.0 ms]
      [Choose CSet: 0.0 ms]
      [Ref Proc: 0.3 ms]
      [Ref Enq: 0.0 ms]
      [Redirty Cards: 0.1 ms]
      [Humongous Register: 0.8 ms]
      [Humongous Reclaim: 0.0 ms]
      [Free CSet: 0.5 ms]
   [Eden: 67.0M(67.0M)->0.0B(102.0M) Survivors: 1024.0K->1024.0K Heap: 71.1M(512.0M)->4191.0K(512.0M)]
 [Times: user=0.01 sys=0.00, real=0.00 secs] 
2018-06-22T13:25:15.994+0800: 936943.561: [GC pause (G1 Evacuation Pause) (young), 0.0053358 secs]
   [Parallel Time: 2.9 ms, GC Workers: 2]
      [GC Worker Start (ms): Min: 936943562.1, Avg: 936943563.1, Max: 936943564.0, Diff: 1.8]
      [Ext Root Scanning (ms): Min: 0.5, Avg: 1.5, Max: 2.4, Diff: 1.8, Sum: 2.9]
      [Update RS (ms): Min: 0.1, Avg: 0.1, Max: 0.1, Diff: 0.0, Sum: 0.1]
         [Processed Buffers: Min: 1, Avg: 1.5, Max: 2, Diff: 1, Sum: 3]
      [Scan RS (ms): Min: 0.1, Avg: 0.2, Max: 0.2, Diff: 0.0, Sum: 0.3]
      [Code Root Scanning (ms): Min: 0.1, Avg: 0.1, Max: 0.1, Diff: 0.0, Sum: 0.2]
      [Object Copy (ms): Min: 0.0, Avg: 0.1, Max: 0.1, Diff: 0.0, Sum: 0.1]
      [Termination (ms): Min: 0.0, Avg: 0.0, Max: 0.0, Diff: 0.0, Sum: 0.0]
         [Termination Attempts: Min: 1, Avg: 1.0, Max: 1, Diff: 0, Sum: 2]
      [GC Worker Other (ms): Min: 0.0, Avg: 0.1, Max: 0.1, Diff: 0.0, Sum: 0.1]
      [GC Worker Total (ms): Min: 1.0, Avg: 1.9, Max: 2.8, Diff: 1.8, Sum: 3.8]
      [GC Worker End (ms): Min: 936943565.0, Avg: 936943565.0, Max: 936943565.0, Diff: 0.0]
   [Code Root Fixup: 0.0 ms]
   [Code Root Purge: 0.0 ms]
   [Clear CT: 0.4 ms]
   [Other: 2.0 ms]
      [Choose CSet: 0.0 ms]
      [Ref Proc: 0.2 ms]
      [Ref Enq: 0.0 ms]
      [Redirty Cards: 0.1 ms]
      [Humongous Register: 0.9 ms]
      [Humongous Reclaim: 0.0 ms]
      [Free CSet: 0.5 ms]
   [Eden: 102.0M(102.0M)->0.0B(150.0M) Survivors: 1024.0K->1024.0K Heap: 106.1M(512.0M)->4193.0K(512.0M)]
 [Times: user=0.01 sys=0.00, real=0.01 secs] 
2018-06-22T21:06:22.444+0800: 964610.011: [GC pause (G1 Evacuation Pause) (young), 1.3234814 secs]
   [Parallel Time: 642.1 ms, GC Workers: 2]
      [GC Worker Start (ms): Min: 964610449.0, Avg: 964610449.0, Max: 964610449.0, Diff: 0.0]
      [Ext Root Scanning (ms): Min: 519.4, Avg: 579.1, Max: 638.7, Diff: 119.3, Sum: 1158.2]
      [Update RS (ms): Min: 1.0, Avg: 1.4, Max: 1.8, Diff: 0.8, Sum: 2.8]
         [Processed Buffers: Min: 3, Avg: 3.0, Max: 3, Diff: 0, Sum: 6]
      [Scan RS (ms): Min: 0.0, Avg: 0.2, Max: 0.3, Diff: 0.3, Sum: 0.3]
      [Code Root Scanning (ms): Min: 0.0, Avg: 0.1, Max: 0.2, Diff: 0.2, Sum: 0.2]
      [Object Copy (ms): Min: 0.4, Avg: 0.7, Max: 1.1, Diff: 0.7, Sum: 1.5]
      [Termination (ms): Min: 0.0, Avg: 0.0, Max: 0.0, Diff: 0.0, Sum: 0.0]
         [Termination Attempts: Min: 1, Avg: 1.0, Max: 1, Diff: 0, Sum: 2]
      [GC Worker Other (ms): Min: 1.0, Avg: 60.5, Max: 119.9, Diff: 118.9, Sum: 120.9]
      [GC Worker Total (ms): Min: 641.9, Avg: 642.0, Max: 642.0, Diff: 0.0, Sum: 1283.9]
      [GC Worker End (ms): Min: 964611091.0, Avg: 964611091.0, Max: 964611091.0, Diff: 0.0]
   [Code Root Fixup: 0.0 ms]
   [Code Root Purge: 0.0 ms]
   [Clear CT: 55.7 ms]
   [Other: 625.6 ms]
      [Choose CSet: 0.0 ms]
      [Ref Proc: 0.2 ms]
      [Ref Enq: 0.0 ms]
      [Redirty Cards: 0.1 ms]
      [Humongous Register: 0.8 ms]
      [Humongous Reclaim: 0.0 ms]
      [Free CSet: 187.1 ms]
   [Eden: 150.0M(150.0M)->0.0B(24.0M) Survivors: 1024.0K->1024.0K Heap: 154.1M(512.0M)->4322.1K(512.0M)]
 [Times: user=0.02 sys=0.01, real=1.47 secs] 
2018-06-22T22:20:27.073+0800: 969054.639: [GC pause (G1 Evacuation Pause) (young), 0.0132521 secs]
   [Parallel Time: 9.2 ms, GC Workers: 2]
      [GC Worker Start (ms): Min: 969054641.7, Avg: 969054642.8, Max: 969054643.9, Diff: 2.2]
      [Ext Root Scanning (ms): Min: 1.2, Avg: 2.2, Max: 3.2, Diff: 2.0, Sum: 4.4]
      [Update RS (ms): Min: 0.2, Avg: 0.6, Max: 0.9, Diff: 0.7, Sum: 1.1]
         [Processed Buffers: Min: 1, Avg: 2.5, Max: 4, Diff: 3, Sum: 5]
      [Scan RS (ms): Min: 0.0, Avg: 0.0, Max: 0.1, Diff: 0.1, Sum: 0.1]
      [Code Root Scanning (ms): Min: 0.0, Avg: 0.0, Max: 0.0, Diff: 0.0, Sum: 0.0]
      [Object Copy (ms): Min: 4.5, Avg: 4.9, Max: 5.4, Diff: 0.9, Sum: 9.9]
      [Termination (ms): Min: 0.0, Avg: 0.1, Max: 0.2, Diff: 0.2, Sum: 0.2]
         [Termination Attempts: Min: 1, Avg: 1.0, Max: 1, Diff: 0, Sum: 2]
      [GC Worker Other (ms): Min: 0.1, Avg: 0.1, Max: 0.1, Diff: 0.0, Sum: 0.1]
      [GC Worker Total (ms): Min: 6.8, Avg: 7.9, Max: 9.1, Diff: 2.2, Sum: 15.9]
      [GC Worker End (ms): Min: 969054650.7, Avg: 969054650.7, Max: 969054650.7, Diff: 0.0]
   [Code Root Fixup: 0.0 ms]
   [Code Root Purge: 0.0 ms]
   [Clear CT: 0.1 ms]
   [Other: 3.9 ms]
      [Choose CSet: 0.0 ms]
      [Ref Proc: 1.1 ms]
      [Ref Enq: 0.0 ms]
      [Redirty Cards: 0.0 ms]
      [Humongous Register: 1.9 ms]
      [Humongous Reclaim: 0.0 ms]
      [Free CSet: 0.2 ms]
   [Eden: 24.0M(24.0M)->0.0B(24.0M) Survivors: 1024.0K->1024.0K Heap: 28.2M(512.0M)->4410.3K(512.0M)]
 [Times: user=0.01 sys=0.00, real=0.10 secs] 
2018-06-22T23:35:09.917+0800: 973537.484: [GC pause (G1 Evacuation Pause) (young), 0.1910015 secs]
   [Parallel Time: 188.4 ms, GC Workers: 2]
      [GC Worker Start (ms): Min: 973537485.3, Avg: 973537486.7, Max: 973537488.2, Diff: 2.9]
      [Ext Root Scanning (ms): Min: 1.0, Avg: 3.3, Max: 5.6, Diff: 4.6, Sum: 6.6]
      [Update RS (ms): Min: 0.0, Avg: 0.5, Max: 1.1, Diff: 1.1, Sum: 1.1]
         [Processed Buffers: Min: 0, Avg: 2.5, Max: 5, Diff: 5, Sum: 5]
      [Scan RS (ms): Min: 0.0, Avg: 0.0, Max: 0.1, Diff: 0.1, Sum: 0.1]
      [Code Root Scanning (ms): Min: 0.0, Avg: 0.0, Max: 0.0, Diff: 0.0, Sum: 0.0]
      [Object Copy (ms): Min: 158.6, Avg: 170.9, Max: 183.1, Diff: 24.5, Sum: 341.7]
      [Termination (ms): Min: 0.0, Avg: 12.0, Max: 24.1, Diff: 24.1, Sum: 24.1]
         [Termination Attempts: Min: 1, Avg: 1.0, Max: 1, Diff: 0, Sum: 2]
      [GC Worker Other (ms): Min: 0.1, Avg: 0.1, Max: 0.1, Diff: 0.0, Sum: 0.1]
      [GC Worker Total (ms): Min: 185.4, Avg: 186.9, Max: 188.3, Diff: 2.9, Sum: 373.8]
      [GC Worker End (ms): Min: 973537673.6, Avg: 973537673.6, Max: 973537673.6, Diff: 0.0]
   [Code Root Fixup: 0.0 ms]
   [Code Root Purge: 0.0 ms]
   [Clear CT: 0.1 ms]
   [Other: 2.4 ms]
      [Choose CSet: 0.0 ms]
      [Ref Proc: 0.2 ms]
      [Ref Enq: 0.0 ms]
      [Redirty Cards: 0.0 ms]
      [Humongous Register: 1.4 ms]
      [Humongous Reclaim: 0.0 ms]
      [Free CSet: 0.2 ms]
   [Eden: 24.0M(24.0M)->0.0B(24.0M) Survivors: 1024.0K->1024.0K Heap: 28.3M(512.0M)->4365.6K(512.0M)]
 [Times: user=0.03 sys=0.00, real=0.25 secs] 
